Microchip MPLAB XC8 Compiler V1.35 ()

Linker command line:

--edf=C:\Program Files (x86)\Microchip\xc8\v1.35\dat\en_msgs.txt \
  --msgdisable=1467:Off; -cs \
  -h+dist/PICDEM.net2_ETH97J60/production\udpDEMO.X.production.sym \
  --cmf=dist/PICDEM.net2_ETH97J60/production\udpDEMO.X.production.cmf -z \
  -Q18F97J60 -oC:\Users\c16008\AppData\Local\Temp\sdro.2 \
  -Mdist/PICDEM.net2_ETH97J60/production/udpDEMO.X.production.map -E1 \
  -ver=XC8 -ASTACK=02FBh-0e7dh -pstack=STACK -ACODE=00h-01FFF7h \
  -ACONST=00h-01FFF7h -ASMALLCONST=01000h-010FFhx495,01FF00h-01FFF7h \
  -AMEDIUMCONST=01000h-0FFFFh,011000h-01FFF7h -ACOMRAM=01h-05Fh \
  -AABS1=00h-0E7Fh,0F00h-0F5Fh -ABIGRAM=01h-0E7Fh,0F00h-0F5Fh \
  -ARAM=060h-0FFh,0100h-01FFhx13,0E00h-0E7Fh,0F00h-0F5Fh -ABANK0=060h-0FFh \
  -ABANK1=0100h-01FFh -ABANK2=0200h-02FFh -ABANK3=0300h-03FFh \
  -ABANK4=0400h-04FFh -ABANK5=0500h-05FFh -ABANK6=0600h-06FFh \
  -ABANK7=0700h-07FFh -ABANK8=0800h-08FFh -ABANK9=0900h-09FFh \
  -ABANK10=0A00h-0AFFh -ABANK11=0B00h-0BFFh -ABANK12=0C00h-0CFFh \
  -ABANK13=0D00h-0DFFh -ABANK14=0E00h-0E7Fh -ABANK15=0F00h-0F5Fh \
  -ASFR=0E80h-0EFFh,0F60h-0FFFh \
  -preset_vec=00h,intcode=08h,intcodelo=018h,powerup,init,end_init \
  -pramtop=01000h -psmallconst=SMALLCONST -pmediumconst=MEDIUMCONST \
  -pconst=CONST -AFARRAM=00h-00h -ACONFIG=01FFF8h-01FFFDh -pconfig=CONFIG \
  -pjflash_buffer=01F800h \
  -prdata=COMRAM,nvrram=COMRAM,nvbit=COMRAM,rbss=COMRAM,rbit=COMRAM \
  -pfarbss=FARRAM,fardata=FARRAM,nvFARRAM=FARRAM \
  -pintsave_regs=BIGRAM,bigbss=BIGRAM,bigdata=BIGRAM -pbss=RAM \
  -pidata=CODE,irdata=CODE,ibigdata=CODE,ifardata=CODE -prparam=COMRAM \
  C:\Users\c16008\AppData\Local\Temp\sdro.obj \
  dist/PICDEM.net2_ETH97J60/production\udpDEMO.X.production.obj 

Object code version is 3.11

Machine type is 18F97J60

Call graph: (short form)




                Name                               Link     Load   Length Selector   Space Scale
C:\Users\c16008\AppData\Local\Temp\sdro.obj
                end_init                             3A       3A        4        C       0
                reset_vec                             0        0        4        0       0
                config                            1FFF8    1FFF8        6    1FFF8       0
dist/PICDEM.net2_ETH97J60/production\udpDEMO.X.production.obj
                intcodelo                            18       18       22        C       0
                intcode                               8        8        6        4       0
                temp                                 49       49        1        1       1
                smallconst                         1000     1000       C4      800       0
                text116                            61BE     61BE       28      862       0
                intcode_body                       6506     6506        8      862       0
                text113                            5464     5464       AA      862       0
                text111                            60B8     60B8       2E      862       0
                text110                            5F98     5F98       36      862       0
                text108                            64FE     64FE        8      862       0
                text107                            642A     642A       14      862       0
                text106                            608A     608A       2E      862       0
                text105                            63D2     63D2       18      862       0
                text104                            631A     631A       1E      862       0
                text102                            5E76     5E76       40      862       0
                text101                            613E     613E       2C      862       0
                text99                             550E     550E       A0      862       0
                text98                             577A     577A       8E      862       0
                text97                             591A     591A       70      862       0
                text96                             5808     5808       8C      862       0
                text95                             5BE0     5BE0       4E      862       0
                text94                             5F62     5F62       36      862       0
                text93                             5D12     5D12       4C      862       0
                text92                             64F4     64F4        A      862       0
                text91                             4E1A     4E1A      12A      862       0
                text90                             48FC     48FC      164      862       0
                text89                             649E     649E        E      862       0
                text88                             6388     6388       1A      862       0
                text87                             64EA     64EA        A      862       0
                text86                             4610     4610      182      862       0
                text85                             5B92     5B92       4E      862       0
                text82                             515E     515E       F6      862       0
                text81                             6462     6462       12      862       0
                text80                             636E     636E       1A      862       0
                text78                             53BA     53BA       AA      862       0
                text76                             5FCE     5FCE       32      862       0
                text75                             650E     650E        4      862       0
                text74                             5B42     5B42       50      862       0
                text73                             4CEE     4CEE      12C      862       0
                text72                             64E0     64E0        A      862       0
                text71                             6450     6450       12      862       0
                text70                             5A9E     5A9E       54      862       0
                text69                             627A     627A       22      862       0
                text68                             6194     6194       2A      862       0
                text67                             63BA     63BA       18      862       0
                text66                             4464     4464      1AC      862       0
                text65                             5894     5894       86      862       0
                text64                             5CC6     5CC6       4C      862       0
                text63                             598A     598A       64      862       0
                text62                             3474     3474      342      862       0
                text61                             5AF2     5AF2       50      862       0
                text60                             5A48     5A48       56      862       0
                text59                             5DA8     5DA8       48      862       0
                text58                             5D5E     5D5E       4A      862       0
                text57                             5EB6     5EB6       3E      862       0
                text56                             6354     6354       1A      862       0
                text55                             3AAC     3AAC      2F0      862       0
                text54                             6232     6232       26      862       0
                text53                             620C     620C       26      862       0
                text52                             61E6     61E6       26      862       0
                text51                             5254     5254       B6      862       0
                text50                             64D6     64D6        A      862       0
                text49                             4A60     4A60      154      862       0
                text48                             5C7A     5C7A       4C      862       0
                text47                             564C     564C       98      862       0
                text46                             4792     4792      16A      862       0
                text45                             2566     2566      72A      862       0
                text44                             424E     424E      216      862       0
                text43                             10C4     10C4     14A2      862       0
                text42                             605C     605C       2E      862       0
                text41                             5DF0     5DF0       46      862       0
                text40                             602E     602E       2E      862       0
                text39                             4F44     4F44      10E      862       0
                text38                             309E     309E      3D6      862       0
                text37                             6416     6416       14      862       0
                text36                             63A2     63A2       18      862       0
                text35                             643E     643E       12      862       0
                text34                             64CC     64CC        A      862       0
                text30                             62DC     62DC       20      862       0
                text29                             6258     6258       22      862       0
                text28                             64C2     64C2        A      862       0
                text27                             6490     6490        E      862       0
                text26                             6482     6482        E      862       0
                text25                             62BC     62BC       20      862       0
                text24                             6338     6338       1C      862       0
                text23                             62FC     62FC       1E      862       0
                text22                             616A     616A       2A      862       0
                text21                             59EE     59EE       5A      862       0
                text20                             5C2E     5C2E       4C      862       0
                text19                             3D9C     3D9C      264      862       0
                text18                             6112     6112       2C      862       0
                text17                             2C90     2C90      40E      862       0
                text16                             5052     5052      10C      862       0
                text15                             37B6     37B6      2F6      862       0
                text14                             60E6     60E6       2C      862       0
                text13                             530A     530A       B0      862       0
                text12                             4000     4000      24E      862       0
                text11                             56E4     56E4       96      862       0
                text10                             6474     6474        E      862       0
                text9                              6000     6000       2E      862       0
                text8                              6400     6400       16      862       0
                text7                              629C     629C       20      862       0
                text6                              64B8     64B8        A      862       0
                text5                              55AE     55AE       9E      862       0
                text4                              5EF4     5EF4       38      862       0
                text3                              64AC     64AC        C      862       0
                text2                              63EA     63EA       16      862       0
                text1                              5F2C     5F2C       36      862       0
                text0                              4BB4     4BB4      13A      862       0
                cstackCOMRAM                          1        1       32        1       1
                cstackBANK0                          60       60       A0       60       1
                cstackBANK1                         100      100       BF      100       1
                cstackBANK2                         2BE      2BE       35      200       1
                bssBANK2                            200      200       BE      200       1
                bssBANK1                            1BF      1BF       28      100       1
                dataCOMRAM                           48       48        1        1       1
                bssCOMRAM                            33       33       15        1       1
                cinit                              5E36     5E36       40      862       0
                nvBANK2                             2F3      2F3        8      200       1
                idataCOMRAM                        6512     6512        1      862       0

TOTAL           Name                               Link     Load   Length     Space
        CLASS   STACK          

        CLASS   CODE           
                end_init                             3A       3A        4         0
                intcodelo                            18       18       22         0
                intcode                               8        8        6         0
                reset_vec                             0        0        4         0
                text116                            61BE     61BE       28         0
                intcode_body                       6506     6506        8         0
                text113                            5464     5464       AA         0
                text111                            60B8     60B8       2E         0
                text110                            5F98     5F98       36         0
                text108                            64FE     64FE        8         0
                text107                            642A     642A       14         0
                text106                            608A     608A       2E         0
                text105                            63D2     63D2       18         0
                text104                            631A     631A       1E         0
                text102                            5E76     5E76       40         0
                text101                            613E     613E       2C         0
                text99                             550E     550E       A0         0
                text98                             577A     577A       8E         0
                text97                             591A     591A       70         0
                text96                             5808     5808       8C         0
                text95                             5BE0     5BE0       4E         0
                text94                             5F62     5F62       36         0
                text93                             5D12     5D12       4C         0
                text92                             64F4     64F4        A         0
                text91                             4E1A     4E1A      12A         0
                text90                             48FC     48FC      164         0
                text89                             649E     649E        E         0
                text88                             6388     6388       1A         0
                text87                             64EA     64EA        A         0
                text86                             4610     4610      182         0
                text85                             5B92     5B92       4E         0
                text82                             515E     515E       F6         0
                text81                             6462     6462       12         0
                text80                             636E     636E       1A         0
                text78                             53BA     53BA       AA         0
                text76                             5FCE     5FCE       32         0
                text75                             650E     650E        4         0
                text74                             5B42     5B42       50         0
                text73                             4CEE     4CEE      12C         0
                text72                             64E0     64E0        A         0
                text71                             6450     6450       12         0
                text70                             5A9E     5A9E       54         0
                text69                             627A     627A       22         0
                text68                             6194     6194       2A         0
                text67                             63BA     63BA       18         0
                text66                             4464     4464      1AC         0
                text65                             5894     5894       86         0
                text64                             5CC6     5CC6       4C         0
                text63                             598A     598A       64         0
                text62                             3474     3474      342         0
                text61                             5AF2     5AF2       50         0
                text60                             5A48     5A48       56         0
                text59                             5DA8     5DA8       48         0
                text58                             5D5E     5D5E       4A         0
                text57                             5EB6     5EB6       3E         0
                text56                             6354     6354       1A         0
                text55                             3AAC     3AAC      2F0         0
                text54                             6232     6232       26         0
                text53                             620C     620C       26         0
                text52                             61E6     61E6       26         0
                text51                             5254     5254       B6         0
                text50                             64D6     64D6        A         0
                text49                             4A60     4A60      154         0
                text48                             5C7A     5C7A       4C         0
                text47                             564C     564C       98         0
                text46                             4792     4792      16A         0
                text45                             2566     2566      72A         0
                text44                             424E     424E      216         0
                text43                             10C4     10C4     14A2         0
                text42                             605C     605C       2E         0
                text41                             5DF0     5DF0       46         0
                text40                             602E     602E       2E         0
                text39                             4F44     4F44      10E         0
                text38                             309E     309E      3D6         0
                text37                             6416     6416       14         0
                text36                             63A2     63A2       18         0
                text35                             643E     643E       12         0
                text34                             64CC     64CC        A         0
                text30                             62DC     62DC       20         0
                text29                             6258     6258       22         0
                text28                             64C2     64C2        A         0
                text27                             6490     6490        E         0
                text26                             6482     6482        E         0
                text25                             62BC     62BC       20         0
                text24                             6338     6338       1C         0
                text23                             62FC     62FC       1E         0
                text22                             616A     616A       2A         0
                text21                             59EE     59EE       5A         0
                text20                             5C2E     5C2E       4C         0
                text19                             3D9C     3D9C      264         0
                text18                             6112     6112       2C         0
                text17                             2C90     2C90      40E         0
                text16                             5052     5052      10C         0
                text15                             37B6     37B6      2F6         0
                text14                             60E6     60E6       2C         0
                text13                             530A     530A       B0         0
                text12                             4000     4000      24E         0
                text11                             56E4     56E4       96         0
                text10                             6474     6474        E         0
                text9                              6000     6000       2E         0
                text8                              6400     6400       16         0
                text7                              629C     629C       20         0
                text6                              64B8     64B8        A         0
                text5                              55AE     55AE       9E         0
                text4                              5EF4     5EF4       38         0
                text3                              64AC     64AC        C         0
                text2                              63EA     63EA       16         0
                text1                              5F2C     5F2C       36         0
                text0                              4BB4     4BB4      13A         0
                cinit                              5E36     5E36       40         0
                idataCOMRAM                        6512     6512        1         0

        CLASS   CONST          

        CLASS   SMALLCONST     
                smallconst                         1000     1000       C4         0

        CLASS   MEDIUMCONST    

        CLASS   COMRAM         
                temp                                 49       49        1         1
                cstackCOMRAM                          1        1       32         1
                dataCOMRAM                           48       48        1         1
                bssCOMRAM                            33       33       15         1

        CLASS   ABS1           
                abs_s1                              E7E      E7E        2         1

        CLASS   BIGRAM         

        CLASS   RAM            

        CLASS   BANK0          
                cstackBANK0                          60       60       A0         1

        CLASS   BANK1          
                cstackBANK1                         100      100       BF         1
                bssBANK1                            1BF      1BF       28         1

        CLASS   BANK2          
                cstackBANK2                         2BE      2BE       35         1
                bssBANK2                            200      200       BE         1
                nvBANK2                             2F3      2F3        8         1

        CLASS   BANK3          

        CLASS   BANK4          

        CLASS   BANK5          

        CLASS   BANK6          

        CLASS   BANK7          

        CLASS   BANK8          

        CLASS   BANK9          

        CLASS   BANK10         

        CLASS   BANK11         

        CLASS   BANK12         

        CLASS   BANK13         

        CLASS   BANK14         

        CLASS   BANK15         

        CLASS   SFR            

        CLASS   FARRAM         

        CLASS   CONFIG         
                config                            1FFF8    1FFF8        6         0

        CLASS   IDLOC          



SEGMENTS        Name                           Load    Length   Top    Selector   Space  Class

                reset_vec                      000000  000004  000004         0       0  CODE    
                cstackCOMRAM                   000001  000049  00004A         1       1  COMRAM  
                intcode                        000008  000006  00000E         4       0  CODE    
                intcodelo                      000018  000026  00003E         C       0  CODE    
                cstackBANK0                    000060  0000A0  000100        60       1  BANK0   
                cstackBANK1                    000100  0000E7  0001E7       100       1  BANK1   
                bssBANK2                       000200  0000FB  0002FB       200       1  BANK2   
                smallconst                     001000  0000C4  0010C4       800       0  SMALLCON
                text43                         0010C4  00544F  006513       862       0  CODE    
                config                         01FFF8  000006  01FFFE     1FFF8       0  CONFIG  


UNUSED ADDRESS RANGES

        Name                Unused          Largest block    Delta
        BANK1            001E7-001FF              19
        BANK10           00A00-00AFF             100
        BANK11           00B00-00BFF             100
        BANK12           00C00-00CFF             100
        BANK13           00D00-00DFF             100
        BANK14           00E00-00E7D              7E
        BANK15           00F00-00F5F              60
        BANK2            002FB-002FF               5
        BANK3            00300-003FF             100
        BANK4            00400-004FF             100
        BANK5            00500-005FF             100
        BANK6            00600-006FF             100
        BANK7            00700-007FF             100
        BANK8            00800-008FF             100
        BANK9            00900-009FF             100
        BIGRAM           0004A-0005F              16
                         001E7-001FF              19
                         002FB-00E7D             B83
                         00F00-00F5F              60
        CODE             00004-00007               4
                         0000E-00017               A
                         0003E-00FFF             FC2
                         06513-1FFF7           19AE5
        COMRAM           0004A-0005F              16
        CONST            00004-00007               4
                         0000E-00017               A
                         0003E-00FFF             FC2
                         06513-1FFF7           19AE5
        MEDIUMCONST      06513-0FFFF            9AED
                         11000-1FFF7            EFF8
        RAM              001E7-001FF              19
                         002FB-00E7D             100
                         00F00-00F5F              60
        SFR              00E80-00EFF              80
                         00F60-00FFF              A0
        SMALLCONST       06513-1FFF7             100
        STACK            002FB-00E7D             B83

                                  Symbol Table

?_ADC_GetConversion                  cstackCOMRAM  00017
?_ARPV4_Lookup                       cstackCOMRAM  00017
?_DEMO_UDP_MeasureTemp               cstackCOMRAM  0001B
?_ETH_ComputeChecksum                cstackCOMRAM  00017
?_ETH_GetByteCount                   cstackCOMRAM  00017
?_ETH_Read16                         cstackCOMRAM  00017
?_ETH_Read32                         cstackCOMRAM  00017
?_ETH_ReadBlock                      cstackCOMRAM  00017
?_ETH_RxComputeChecksum              cstackCOMRAM  00025
?_ETH_TxComputeChecksum              cstackCOMRAM  00025
?_ETH_readLinkStatus                 cstackCOMRAM  00022
?_IPV4_GetMyIP                       cstackCOMRAM  00017
?_IPV4_PseudoHeaderChecksum          cstackCOMRAM  00017
?_PHY_Read                           cstackCOMRAM  00019
?_UDP_GetDestIP                      cstackCOMRAM  00017
?_UDP_GetDestPort                    cstackCOMRAM  00017
?___lwdiv                            cstackCOMRAM  00017
?___lwmod                            cstackCOMRAM  0001E
?___wmul                             cstackCOMRAM  00017
?__doprnt                            cstackCOMRAM  00023
?_memcmp                             cstackCOMRAM  00017
?_printf                             cstackBANK0   00060
?_sprintf                            cstackBANK0   00060
?_time                               cstackCOMRAM  00017
?i1_ETH_readLinkStatus               cstackCOMRAM  0000C
?i1_PHY_Read                         cstackCOMRAM  00003
ADC_GetConversion@channel            cstackCOMRAM  0001A
ARPV4_Init@x                         cstackCOMRAM  00017
ARPV4_Lookup@entry_pointer           cstackCOMRAM  0001F
ARPV4_Lookup@ip_address              cstackCOMRAM  00017
ARPV4_Lookup@x                       cstackCOMRAM  00021
ARPV4_Packet@arpPtr                  cstackBANK0   00084
ARPV4_Packet@entryPointer            cstackBANK0   00088
ARPV4_Packet@header                  cstackBANK0   0008A
ARPV4_Packet@length                  cstackBANK0   00080
ARPV4_Packet@mergeFlag               cstackBANK0   00082
ARPV4_Packet@ret                     cstackBANK0   00083
ARPV4_Packet@x                       cstackBANK0   00086
ARPV4_Packet@x_1672                  cstackBANK0   00087
ARPV4_Request@destAddress            cstackCOMRAM  0001D
ARPV4_Request@header                 cstackBANK0   0007C
ARPV4_Request@ret                    cstackBANK0   0007B
ARPV4_Update@entryPointer            cstackCOMRAM  00017
ARPV4_Update@x                       cstackCOMRAM  00019
DEMO_UDP_ClaimIPCheck@ret            cstackCOMRAM  00018
DEMO_UDP_MeasureTemp@adcResult       cstackCOMRAM  0001D
DEMO_UDP_Recv@destPort               cstackBANK0   000F9
DEMO_UDP_Recv@dest_ip                cstackBANK0   000FC
DEMO_UDP_Recv@local_ip               cstackBANK0   000F3
DEMO_UDP_Recv@started                cstackBANK0   000FB
DEMO_UDP_Recv@str                    cstackBANK0   000B1
DEMO_UDP_Recv@str1                   cstackBANK0   000D1
DEMO_UDP_Recv@str2                   cstackBANK0   000E1
DEMO_UDP_Recv@str_len                cstackBANK0   000F8
DEMO_UDP_Recv@temperature            cstackBANK0   000F1
DEMO_UDP_Send@pot_adcResult          cstackBANK0   000AC
DEMO_UDP_Send@started                cstackBANK0   000AB
DEMO_UDP_SetClaimIP@claim_ip         cstackCOMRAM  00017
DHCP_Handler@ethMAC                  cstackBANK0   000C8
DHCP_Handler@ethPktMAC               cstackBANK0   000C2
DHCP_Handler@ip                      cstackBANK0   000B3
DHCP_Handler@length                  cstackBANK0   000AF
DHCP_Handler@myip                    cstackBANK0   000CF
DHCP_Handler@option                  cstackBANK0   000C1
DHCP_Handler@optionLength            cstackBANK0   000CE
DHCP_Handler@v                       cstackBANK0   000BB
DHCP_Handler@v16                     cstackBANK0   000BF
DHCP_Request@ethMAC                  cstackBANK0   000A9
DHCP_Request@started                 cstackBANK0   000A7
DHCP_Request@type                    cstackBANK0   000A8
DHCP_WriteZeros@length               cstackCOMRAM  00018
ETH_CheckLinkUp@value                cstackCOMRAM  00026
ETH_ComputeChecksum@cksm             cstackCOMRAM  0001F
ETH_ComputeChecksum@len              cstackCOMRAM  00017
ETH_ComputeChecksum@seed             cstackCOMRAM  00019
ETH_ComputeChecksum@v                cstackCOMRAM  00023
ETH_Copy@len                         cstackBANK0   0006D
ETH_Copy@timer                       cstackBANK0   0006F
ETH_Copy@tmp_len                     cstackBANK0   00071
ETH_Dump@length                      cstackCOMRAM  00017
ETH_GetByteCount@val                 cstackCOMRAM  00019
ETH_GetMAC@mac                       cstackCOMRAM  00017
ETH_Init@mac                         cstackCOMRAM  0002D
ETH_Insert@current_tx_ptr            cstackCOMRAM  0001B
ETH_Insert@data                      cstackCOMRAM  0001D
ETH_Insert@len                       cstackCOMRAM  00017
ETH_Insert@offset                    cstackCOMRAM  00019
ETH_Read16@ret                       cstackCOMRAM  00019
ETH_Read32@ret                       cstackCOMRAM  0001B
ETH_Read8@ret                        cstackCOMRAM  00017
ETH_ReadBlock@buffer                 cstackCOMRAM  00017
ETH_ReadBlock@len                    cstackCOMRAM  0001C
ETH_ReadBlock@length                 cstackCOMRAM  00019
ETH_ReadBlock@p                      cstackCOMRAM  0001E
ETH_RxComputeChecksum@cksm           cstackCOMRAM  0002F
ETH_RxComputeChecksum@len            cstackCOMRAM  00025
ETH_RxComputeChecksum@rxptr          cstackCOMRAM  0002D
ETH_RxComputeChecksum@seed           cstackCOMRAM  00027
ETH_Send@packetEnd                   cstackCOMRAM  00017
ETH_TxComputeChecksum@cksm           cstackCOMRAM  0002D
ETH_TxComputeChecksum@len            cstackCOMRAM  00027
ETH_TxComputeChecksum@position       cstackCOMRAM  00025
ETH_TxComputeChecksum@rxptr          cstackCOMRAM  0002B
ETH_TxComputeChecksum@seed           cstackCOMRAM  00029
ETH_Write16@data                     cstackCOMRAM  00017
ETH_Write32@data                     cstackCOMRAM  00017
ETH_Write8@data                      cstackCOMRAM  00017
ETH_WriteBlock@buffer                cstackCOMRAM  00017
ETH_WriteBlock@length                cstackCOMRAM  00019
ETH_WriteBlock@p                     cstackCOMRAM  0001B
ETH_WriteStart@dest_mac              cstackCOMRAM  00017
ETH_WriteStart@type                  cstackCOMRAM  00019
ICMP_EchoReply@cksm                  cstackBANK0   000A9
ICMP_EchoReply@icmpHdr               cstackBANK0   000AE
ICMP_EchoReply@ipv4Hdr               cstackBANK0   0009F
ICMP_EchoReply@ipv4PayloadLength     cstackBANK0   000AB
ICMP_EchoReply@ret                   cstackBANK0   000AD
ICMP_Receive@icmpHdr                 cstackBANK0   000B6
ICMP_Receive@ipv4Hdr                 cstackBANK0   000AF
IPV4_Packet@cksm                     cstackBANK1   00155
IPV4_Packet@hdrLen                   cstackBANK1   00152
IPV4_Packet@length                   cstackBANK1   00153
IPV4_PseudoHeaderChecksum@cksm       cstackCOMRAM  0001F
IPV4_PseudoHeaderChecksum@len        cstackCOMRAM  0001E
IPV4_PseudoHeaderChecksum@payloadLen cstackCOMRAM  00017
IPV4_PseudoHeaderChecksum@tmp        cstackCOMRAM  00023
IPV4_PseudoHeaderChecksum@v          cstackCOMRAM  0001D
IPV4_Send@cksm                       cstackBANK0   00070
IPV4_Send@payloadLength              cstackCOMRAM  00031
IPV4_Send@ret                        cstackBANK0   0006F
IPV4_Send@totalLength                cstackBANK0   00072
IPv4_Start@destAddress               cstackCOMRAM  00022
IPv4_Start@macAddress                cstackBANK0   0009C
IPv4_Start@protocol                  cstackCOMRAM  00026
IPv4_Start@ret                       cstackBANK0   0009E
IPv4_Start@targetAddress             cstackBANK0   00098
LED_Init@x                           cstackCOMRAM  00017
Network_Manage@now                   cstackBANK1   001BA
Network_Manage@nowPv                 bssBANK2      00218
Network_Read@debug_str               cstackBANK1   0015B
Network_Read@header                  cstackBANK1   001AB
PHY_Read@reg                         cstackCOMRAM  0001D
PHY_Read@ret                         cstackCOMRAM  0001E
PHY_WaitForBusy@ret                  cstackCOMRAM  00017
PHY_WaitForBusy@timeout              cstackCOMRAM  00018
PHY_Write@GIESave                    cstackCOMRAM  0001C
PHY_Write@data                       cstackCOMRAM  00019
PHY_Write@reg                        cstackCOMRAM  0001B
PL429                                text43        022C2
PL431                                text43        022DA
PL433                                text45        02A0E
PL435                                text43        022E4
PL437                                text43        022EC
PL439                                text43        02306
PL441                                text46        048E2
PL443                                text43        02312
PL445                                text43        0232E
PL447                                text43        02340
PL449                                text43        02380
PL451                                text17        03042
PL453                                text38        03384
PL455                                text12        0421C
PL457                                text44        043FE
PL459                                text43        0239A
PL461                                text43        023A2
PL463                                text43        023AA
PL465                                text62        036BE
PL467                                text43        023B2
PL469                                text43        023BC
PL471                                text43        023D8
PL473                                text43        023E0
PL475                                text43        023E8
PL477                                text15        03986
PL479                                text38        0339E
PL481                                text45        02A28
PL483                                text43        023F0
PL485                                text43        0240A
PL487                                text43        02424
PL489                                text45        02A7C
PL491                                text43        0243E
PL493                                text43        02446
PL495                                text91        04F16
PL497                                text43        0244E
PL499                                text43        0245C
PL501                                text43        0246A
PL503                                text43        02484
PL505                                text17        0305A
PL507                                text55        03CFE
PL509                                text43        02490
PL511                                text55        03D0E
PL513                                text43        0249A
PL515                                text90        049C0
PL517                                text43        024A4
PL519                                text43        024AC
PL521                                text43        024B4
PL523                                text43        024C6
PL525                                text73        04E06
PL527                                text16        05136
PL529                                text45        02A8A
PL531                                text55        03D26
PL533                                text15        039E6
PL535                                text73        04E12
PL537                                text43        024D8
PL539                                text38        033FC
PL541                                text62        03730
PL543                                text43        024EA
PL545                                text45        02AA4
PL547                                text43        024FC
PL549                                text62        03758
PL551                                text49        04B68
PL553                                text43        02506
PL555                                text43        0250E
PL557                                text43        02516
PL559                                text62        0376C
PL561                                text66        045E6
PL563                                text55        03D32
PL565                                text15        03A0E
PL567                                text44        0441A
PL569                                text43        0251E
PL571                                text45        02AAE
PL573                                text62        03788
PL575                                text45        02ABC
PL577                                text96        05878
PL579                                text38        03424
PL581                                text45        02AD8
PL583                                text15        03A20
PL585                                text55        03D44
PL587                                text45        02AF4
PL589                                text45        02B0E
PL591                                text45        02B28
PL593                                text45        02B42
PL595                                text90        049F6
PL597                                text15        03A3A
PL599                                text45        02B5C
PL601                                text44        04428
PL603                                text45        02B76
PL605                                text45        02B90
PL607                                text15        03A54
PL609                                text90        04A10
PL611                                text55        03D52
PL613                                text49        04B88
PL615                                text45        02BAA
PL617                                text55        03D5A
PL619                                text62        037A2
PL621                                text15        03A64
PL623                                text61        05B2C
PL625                                text97        05980
PL627                                text90        04A28
PL629                                text12        04236
PL631                                text45        02BC2
PL633                                text55        03D62
PL635                                text38        0343E
PL637                                text16        05140
PL639                                text94        05F8E
PL641                                text43        0252C
PL643                                text19        03FE6
PL645                                text45        02BD0
PL647                                text45        02BE2
PL649                                text45        02BF4
PL651                                text0         04CE2
PL653                                text17        0307C
PL655                                text43        02534
PL657                                text43        0253E
PL659                                text45        02C06
PL661                                text49        04BA0
PL663                                text99        0559E
PL665                                text11        0576A
PL667                                text45        02C16
PL669                                text45        02C20
PL671                                text66        045F8
PL673                                text44        04442
PL675                                text40        0604E
PL677                                text55        03D70
PL679                                text43        0254E
PL681                                text51        052FC
PL683                                text45        02C30
PL685                                text82        0523A
PL687                                text44        0444C
PL689                                text45        02C3E
PL691                                text66        04602
PL693                                text38        03452
PL695                                text41        05E28
PL697                                text17        03088
PL699                                text45        02C4C
PL701                                text12        04244
PL703                                text65        05910
PL705                                text90        04A3E
PL707                                text82        05248
PL709                                text17        03092
PL711                                text90        04A4A
PL713                                text45        02C56
PL715                                text91        04F2E
PL717                                text23        0630E
PL719                                text5         05640
PL721                                text45        02C62
PL723                                text49        04BAA
PL725                                text18        06134
PL727                                text90        04A56
PL729                                text55        03D7E
PL731                                text55        03D88
PL733                                text15        03A7A
PL735                                text15        03A84
PL737                                text16        05154
PL739                                text15        03A8E
PL741                                text44        0445A
PL743                                text43        0255C
PL745                                text86        04788
PL747                                text39        05048
PL749                                text15        03A98
PL751                                text45        02C6C
PL753                                text38        03460
PL755                                text38        0346A
PL757                                text45        02C76
PL759                                text15        03AA2
PL761                                text62        037AC
PL763                                text64        05CF4
PL765                                text91        04F3A
PL767                                text55        03D92
PL769                                text45        02C80
PL771                                text45        02C88
PL773                                text19        03FF8
PL775                                text64        05CFC
PL777                                text5         05646
PL779                                text78        0545C
PL781                                text76        05FFA
PL783                                text64        05D04
PL785                                text64        05D0C
PL787                                text48        05CBE
PL789                                text113       05506
SYSLOG_Init@t                        cstackBANK0   0006B
SYSLOG_Write@message                 cstackCOMRAM  00031
SYSLOG_Write@t                       cstackBANK0   0006B
TCB_Reset@tcbPtr                     cstackCOMRAM  00017
TCP_FiniteStateMachine@event         cstackBANK1   0010F
TCP_FiniteStateMachine@nextState     cstackBANK1   00110
TCP_FiniteStateMachine@notAckBytes   cstackBANK1   0010D
TCP_FiniteStateMachine@ret           cstackBANK1   0010C
TCP_ParseTCPOptions@opt              cstackCOMRAM  0001E
TCP_ParseTCPOptions@ret              cstackCOMRAM  0001D
TCP_ParseTCPOptions@tcpOptionsSize   cstackCOMRAM  0001F
TCP_PayloadSave@buffer_size          cstackBANK0   000FD
TCP_PayloadSave@len                  cstackBANK0   000EE
TCP_Recv@count                       cstackBANK1   00133
TCP_Recv@length                      cstackBANK1   00115
TCP_Recv@remoteAddress               cstackBANK1   00111
TCP_Recv@tcbPtr                      cstackBANK1   00134
TCP_Snd@cksm                         cstackBANK0   000D3
TCP_Snd@data                         cstackBANK0   000D1
TCP_Snd@payloadLength                cstackBANK0   000D5
TCP_Snd@ret                          cstackBANK0   000D7
TCP_Snd@tcbPtr                       cstackBANK0   0009F
TCP_Snd@tcpDataLength                cstackBANK0   000D8
TCP_Snd@txHeader                     cstackBANK0   000DA
TCP_Update@count                     cstackBANK1   00119
TCP_Update@tcbPtr                    cstackBANK1   0011B
UDP_ReadBlock@data                   cstackCOMRAM  00020
UDP_ReadBlock@length                 cstackCOMRAM  00022
UDP_Receive@hptr                     cstackBANK1   0010A
UDP_Receive@udpcksm                  cstackBANK1   00100
UDP_Receive@x                        cstackBANK1   00108
UDP_Send@cksm                        cstackBANK0   00079
UDP_Send@udpLength                   cstackBANK0   0007B
UDP_Start@destIP                     cstackBANK0   0009F
UDP_Start@dstPort                    cstackBANK0   000A5
UDP_Start@ret                        cstackCOMRAM  0002F
UDP_Start@srcPort                    cstackBANK0   000A3
UDP_Write16@data                     cstackCOMRAM  00019
UDP_Write32@data                     cstackCOMRAM  0001B
UDP_Write8@data                      cstackCOMRAM  00018
UDP_WriteBlock@data                  cstackCOMRAM  0001F
UDP_WriteBlock@length                cstackCOMRAM  0001D
_ADCON0                              (abs)         00FC2
_ADCON0bits                          (abs)         00FC2
_ADCON1                              (abs)         00FC1
_ADCON2                              (abs)         00FC0
_ADC_GetConversion                   text106       0608A
_ADC_Initialize                      text8         06400
_ADRES                               (abs)         00FC3
_ADRESH                              (abs)         00FC4
_ADRESL                              (abs)         00FC3
_ARPV4_Init                          text80        0636E
_ARPV4_Lookup                        text95        05BE0
_ARPV4_Packet                        text62        03474
_ARPV4_Request                       text90        048FC
_ARPV4_Update                        text68        06194
_BAUDCON1                            (abs)         00F7E
_BAUDCON1bits                        (abs)         00F7E
_CREN1                               (abs)         07D5C
_DEMO_UDP_ClaimIPCheck               text105       063D2
_DEMO_UDP_IPLockTimer                text107       0642A
_DEMO_UDP_IdlePkt                    text18        06112
_DEMO_UDP_MeasureTemp                text36        063A2
_DEMO_UDP_Recv                       text17        02C90
_DEMO_UDP_Send                       text82        0515E
_DEMO_UDP_SetClaimIP                 text108       064FE
_DHCP_Handler                        text19        03D9C
_DHCP_Manage                         text65        05894
_DHCP_Request                        text66        04464
_DHCP_WriteZeros                     text67        063BA
_ECON1                               (abs)         00FD2
_ECON1bits                           (abs)         00FD2
_ECON2                               (abs)         00EFE
_EDMADST                             (abs)         00EF4
_EDMAND                              (abs)         00EF2
_EDMAST                              (abs)         00EF0
_EIE                                 (abs)         00EFB
_EIEbits                             (abs)         00EFB
_EIRbits                             (abs)         00F60
_EPKTCNT                             (abs)         00ED9
_ERDPT                               (abs)         00F7A
_ERXFCON                             (abs)         00ED8
_ERXND                               (abs)         00EEA
_ERXRDPT                             (abs)         00EEC
_ERXST                               (abs)         00EE8
_ESTATbits                           (abs)         00EFD
_ETH_CheckLinkUp                     text76        05FCE
_ETH_ComputeChecksum                 text99        0550E
_ETH_Copy                            text51        05254
_ETH_Dump                            text42        0605C
_ETH_EdataRead                       text100       00000
_ETH_EdataWrite                      text103       00000
_ETH_EventHandler                    text64        05CC6
_ETH_Flush                           text61        05AF2
_ETH_GetByteCount                    text104       0631A
_ETH_GetMAC                          text94        05F62
_ETH_Init                            text73        04CEE
_ETH_Insert                          text102       05E76
_ETH_NextPacketUpdate                text60        05A48
_ETH_Read16                          text41        05DF0
_ETH_Read32                          text21        059EE
_ETH_Read8                           text40        0602E
_ETH_ReadBlock                       text63        0598A
_ETH_ResetByteCount                  text92        064F4
_ETH_RxComputeChecksum               text59        05DA8
_ETH_SaveRDPT                        text50        064D6
_ETH_Send                            text101       0613E
_ETH_TxComputeChecksum               text98        0577A
_ETH_Write16                         text89        0649E
_ETH_Write32                         text88        06388
_ETH_Write8                          text87        064EA
_ETH_WriteBlock                      text93        05D12
_ETH_WriteStart                      text91        04E1A
_ETH_readLinkStatus                  text77        00000
_ETXND                               (abs)         00EE6
_ETXST                               (abs)         00EE4
_EWRPT                               (abs)         00EE2
_GIE                                 (abs)         07F97
_GIEH                                (abs)         07F97
_GIEL                                (abs)         07F96
_ICMP_EchoReply                      text49        04A60
_ICMP_Receive                        text48        05C7A
_INTCON                              (abs)         00FF2
_IPEN                                (abs)         07E87
_IPR2bits                            (abs)         00FA2
_IPV4_GetMyIP                        text81        06462
_IPV4_Init                           text72        064E0
_IPV4_Packet                         text15        037B6
_IPV4_PseudoHeaderChecksum           text47        0564C
_IPV4_Send                           text97        0591A
_IPv4_Start                          text86        04610
_LATDbits                            (abs)         00F8C
_LATE                                (abs)         00F8D
_LATH                                (abs)         00F90
_LATH0                               (abs)         07C80
_LATH1                               (abs)         07C81
_LATH2                               (abs)         07C82
_LATJ                                (abs)         00F91
_LED_Init                            text7         0629C
_MAADR1                              (abs)         00E84
_MAADR2                              (abs)         00E85
_MAADR3                              (abs)         00E82
_MAADR4                              (abs)         00E83
_MAADR5                              (abs)         00E80
_MAADR6                              (abs)         00E81
_MABBIPG                             (abs)         00EA4
_MACON1                              (abs)         00EA0
_MACON3                              (abs)         00EA2
_MACON4                              (abs)         00EA3
_MAC_getAddress                      text75        0650E
_MAIPG                               (abs)         00EA6
_MAMXFL                              (abs)         00EAA
_MICMD                               (abs)         00EB2
_MICMDbits                           (abs)         00EB2
_MIRD                                (abs)         00EB8
_MIREGADR                            (abs)         00EB4
_MISTATbits                          (abs)         00E8A
_MIWR                                (abs)         00EB6
_Network_Init                        text69        0627A
_Network_Manage                      text11        056E4
_Network_Read                        text13        0530A
_Network_WaitForLink                 text10        06474
_OSCCON                              (abs)         00FD3
_OSCTUNE                             (abs)         00F9B
_PHY_Read                            text78        053BA
_PHY_WaitForBusy                     text79        00000
_PHY_Write                           text74        05B42
_PIE2bits                            (abs)         00FA0
_PIR2bits                            (abs)         00FA1
_PORTJ                               (abs)         00F88
_PORTJbits                           (abs)         00F88
_SPBRG1                              (abs)         00FAF
_SPEN1                               (abs)         07D5F
_SSP1CON1                            (abs)         00FC6
_SSP1CON1bits                        (abs)         00FC6
_SSP1STATbits                        (abs)         00FC7
_SYSLOG_Init                         text9         06000
_SYSLOG_Write                        text53        0620C
_T1CKPS0                             (abs)         07E6C
_T1CKPS1                             (abs)         07E6D
_T1OSCEN                             (abs)         07E6B
_T1SYNC                              (abs)         07E6A
_TCB_Reset                           text46        04792
_TCP_FiniteStateMachine              text43        010C4
_TCP_Init                            text71        06450
_TCP_ParseTCPOptions                 text39        04F44
_TCP_PayloadSave                     text44        0424E
_TCP_Recv                            text38        0309E
_TCP_Snd                             text45        02566
_TCP_Update                          text12        04000
_TMR1                                (abs)         00FCE
_TMR1CS                              (abs)         07E69
_TMR1IE                              (abs)         07CE8
_TMR1IF                              (abs)         07CF0
_TMR1IP                              (abs)         07CF8
_TMR1ON                              (abs)         07E68
_TRISA                               (abs)         00F92
_TRISAbits                           (abs)         00F92
_TRISB                               (abs)         00F93
_TRISCbits                           (abs)         00F94
_TRISDbits                           (abs)         00F95
_TRISE                               (abs)         00F96
_TRISH                               (abs)         00F99
_TRISJ                               (abs)         00F9A
_TX1IF                               (abs)         07CF4
_TXREG1                              (abs)         00FAD
_TXSTA1                              (abs)         00FAC
_UDP_CallBackTable                   smallconst    01028
_UDP_GetDestIP                       text35        0643E
_UDP_GetDestPort                     text34        064CC
_UDP_Read8                           text33        00000
_UDP_ReadBlock                       text37        06416
_UDP_Receive                         text16        05052
_UDP_Send                            text96        05808
_UDP_Start                           text85        05B92
_UDP_Write16                         text32        00000
_UDP_Write32                         text84        00000
_UDP_Write8                          text83        00000
_UDP_WriteBlock                      text31        00000
__CFG_BW$16                          (abs)         00000
__CFG_CCP2MX$ON                      (abs)         00000
__CFG_CP0$OFF                        (abs)         00000
__CFG_EASHFT$OFF                     (abs)         00000
__CFG_ECCPMX$ON                      (abs)         00000
__CFG_ETHLED$ON                      (abs)         00000
__CFG_FCMEN$ON                       (abs)         00000
__CFG_FOSC$HSPLL                     (abs)         00000
__CFG_FOSC2$ON                       (abs)         00000
__CFG_IESO$ON                        (abs)         00000
__CFG_MODE$MM                        (abs)         00000
__CFG_STVR$ON                        (abs)         00000
__CFG_WAIT$OFF                       (abs)         00000
__CFG_WDT$OFF                        (abs)         00000
__CFG_WDTPS$32768                    (abs)         00000
__CFG_XINST$OFF                      (abs)         00000
__HRAM                               (abs)         00000
__Habs1                              abs1          00000
__Hbank0                             bank0         00000
__Hbank1                             bank1         00000
__Hbank10                            bank10        00000
__Hbank11                            bank11        00000
__Hbank12                            bank12        00000
__Hbank13                            bank13        00000
__Hbank14                            bank14        00000
__Hbank15                            bank15        00000
__Hbank2                             bank2         00000
__Hbank3                             bank3         00000
__Hbank4                             bank4         00000
__Hbank5                             bank5         00000
__Hbank6                             bank6         00000
__Hbank7                             bank7         00000
__Hbank8                             bank8         00000
__Hbank9                             bank9         00000
__Hbigbss                            bigbss        00000
__Hbigdata                           bigdata       00000
__Hbigram                            bigram        00000
__Hbss                               bss           00000
__HbssBANK1                          bssBANK1      00000
__HbssBANK2                          bssBANK2      00000
__HbssCOMRAM                         bssCOMRAM     00000
__Hcinit                             cinit         00000
__Hclrtext                           clrtext       00000
__Hcomram                            comram        00000
__Hconfig                            config        1FFFE
__Hconst                             const         00000
__HcstackBANK0                       cstackBANK0   00000
__HcstackBANK1                       cstackBANK1   00000
__HcstackBANK2                       cstackBANK2   00000
__HcstackCOMRAM                      cstackCOMRAM  00000
__Hdata                              data          00000
__HdataCOMRAM                        dataCOMRAM    00000
__Hend_init                          end_init      0003E
__Hfarbss                            farbss        00000
__Hfardata                           fardata       00000
__Hibigdata                          ibigdata      00000
__Hidata                             idata         00000
__HidataCOMRAM                       idataCOMRAM   00000
__Hidloc                             idloc         00000
__Hifardata                          ifardata      00000
__Hinit                              init          0003A
__Hintcode                           intcode       0000E
__Hintcode_body                      intcode_body  00000
__Hintcodelo                         intcodelo     0003A
__Hintentry                          intentry      00000
__Hintret                            intret        00000
__Hintsave_regs                      intsave_regs  00000
__Hirdata                            irdata        00000
__Hjflash_buffer                     jflash_buffer 1F800
__Hmediumconst                       mediumconst   00000
__HnvBANK2                           nvBANK2       00000
__HnvFARRAM                          nvFARRAM      00000
__Hnvbit                             nvbit         00000
__Hnvrram                            nvrram        00000
__Hpa_nodes                          pa_nodes      00000
__Hparam                             rparam        00000
__Hpowerup                           powerup       0003A
__Hram                               ram           00000
__Hramtop                            ramtop        01000
__Hrbit                              rbit          00000
__Hrbss                              rbss          00000
__Hrdata                             rdata         00000
__Hreset_vec                         reset_vec     00004
__Hrparam                            rparam        00000
__Hsfr                               sfr           00000
__Hsmallconst                        smallconst    010C4
__Hspace_0                           (abs)         1FFFE
__Hspace_1                           (abs)         002FB
__Hspace_2                           (abs)         00000
__Hstack                             stack         00000
__Hstruct                            struct        00000
__Htemp                              temp          0004A
__Htext                              text          00000
__Htext0                             text0         00000
__Htext1                             text1         00000
__Htext10                            text10        00000
__Htext100                           text100       00000
__Htext101                           text101       00000
__Htext102                           text102       00000
__Htext103                           text103       00000
__Htext104                           text104       00000
__Htext105                           text105       00000
__Htext106                           text106       00000
__Htext107                           text107       00000
__Htext108                           text108       00000
__Htext11                            text11        00000
__Htext110                           text110       00000
__Htext111                           text111       00000
__Htext112                           text112       00000
__Htext113                           text113       00000
__Htext114                           text114       00000
__Htext116                           text116       00000
__Htext117                           text117       00000
__Htext12                            text12        00000
__Htext13                            text13        00000
__Htext14                            text14        00000
__Htext15                            text15        00000
__Htext16                            text16        00000
__Htext17                            text17        00000
__Htext18                            text18        00000
__Htext19                            text19        00000
__Htext2                             text2         00000
__Htext20                            text20        00000
__Htext21                            text21        00000
__Htext22                            text22        00000
__Htext23                            text23        00000
__Htext24                            text24        00000
__Htext25                            text25        00000
__Htext26                            text26        00000
__Htext27                            text27        00000
__Htext28                            text28        00000
__Htext29                            text29        00000
__Htext3                             text3         00000
__Htext30                            text30        00000
__Htext31                            text31        00000
__Htext32                            text32        00000
__Htext33                            text33        00000
__Htext34                            text34        00000
__Htext35                            text35        00000
__Htext36                            text36        00000
__Htext37                            text37        00000
__Htext38                            text38        00000
__Htext39                            text39        00000
__Htext4                             text4         00000
__Htext40                            text40        00000
__Htext41                            text41        00000
__Htext42                            text42        00000
__Htext43                            text43        00000
__Htext44                            text44        00000
__Htext45                            text45        00000
__Htext46                            text46        00000
__Htext47                            text47        00000
__Htext48                            text48        00000
__Htext49                            text49        00000
__Htext5                             text5         00000
__Htext50                            text50        00000
__Htext51                            text51        00000
__Htext52                            text52        00000
__Htext53                            text53        00000
__Htext54                            text54        00000
__Htext55                            text55        00000
__Htext56                            text56        00000
__Htext57                            text57        00000
__Htext58                            text58        00000
__Htext59                            text59        00000
__Htext6                             text6         00000
__Htext60                            text60        00000
__Htext61                            text61        00000
__Htext62                            text62        00000
__Htext63                            text63        00000
__Htext64                            text64        00000
__Htext65                            text65        00000
__Htext66                            text66        00000
__Htext67                            text67        00000
__Htext68                            text68        00000
__Htext69                            text69        00000
__Htext7                             text7         00000
__Htext70                            text70        00000
__Htext71                            text71        00000
__Htext72                            text72        00000
__Htext73                            text73        00000
__Htext74                            text74        00000
__Htext75                            text75        00000
__Htext76                            text76        00000
__Htext77                            text77        00000
__Htext78                            text78        00000
__Htext79                            text79        00000
__Htext8                             text8         00000
__Htext80                            text80        00000
__Htext81                            text81        00000
__Htext82                            text82        00000
__Htext83                            text83        00000
__Htext84                            text84        00000
__Htext85                            text85        00000
__Htext86                            text86        00000
__Htext87                            text87        00000
__Htext88                            text88        00000
__Htext89                            text89        00000
__Htext9                             text9         00000
__Htext90                            text90        00000
__Htext91                            text91        00000
__Htext92                            text92        00000
__Htext93                            text93        00000
__Htext94                            text94        00000
__Htext95                            text95        00000
__Htext96                            text96        00000
__Htext97                            text97        00000
__Htext98                            text98        00000
__Htext99                            text99        00000
__LRAM                               (abs)         00001
__Labs1                              abs1          00000
__Lbank0                             bank0         00000
__Lbank1                             bank1         00000
__Lbank10                            bank10        00000
__Lbank11                            bank11        00000
__Lbank12                            bank12        00000
__Lbank13                            bank13        00000
__Lbank14                            bank14        00000
__Lbank15                            bank15        00000
__Lbank2                             bank2         00000
__Lbank3                             bank3         00000
__Lbank4                             bank4         00000
__Lbank5                             bank5         00000
__Lbank6                             bank6         00000
__Lbank7                             bank7         00000
__Lbank8                             bank8         00000
__Lbank9                             bank9         00000
__Lbigbss                            bigbss        00000
__Lbigdata                           bigdata       00000
__Lbigram                            bigram        00000
__Lbss                               bss           00000
__LbssBANK1                          bssBANK1      00000
__LbssBANK2                          bssBANK2      00000
__LbssCOMRAM                         bssCOMRAM     00000
__Lcinit                             cinit         00000
__Lclrtext                           clrtext       00000
__Lcomram                            comram        00000
__Lconfig                            config        1FFF8
__Lconst                             const         00000
__LcstackBANK0                       cstackBANK0   00000
__LcstackBANK1                       cstackBANK1   00000
__LcstackBANK2                       cstackBANK2   00000
__LcstackCOMRAM                      cstackCOMRAM  00000
__Ldata                              data          00000
__LdataCOMRAM                        dataCOMRAM    00000
__Lend_init                          end_init      0003A
__Lfarbss                            farbss        00000
__Lfardata                           fardata       00000
__Libigdata                          ibigdata      00000
__Lidata                             idata         00000
__LidataCOMRAM                       idataCOMRAM   00000
__Lidloc                             idloc         00000
__Lifardata                          ifardata      00000
__Linit                              init          0003A
__Lintcode                           intcode       00008
__Lintcode_body                      intcode_body  00000
__Lintcodelo                         intcodelo     00018
__Lintentry                          intentry      00000
__Lintret                            intret        00000
__Lintsave_regs                      intsave_regs  00000
__Lirdata                            irdata        00000
__Ljflash_buffer                     jflash_buffer 1F800
__Lmediumconst                       mediumconst   00000
__LnvBANK2                           nvBANK2       00000
__LnvFARRAM                          nvFARRAM      00000
__Lnvbit                             nvbit         00000
__Lnvrram                            nvrram        00000
__Lpa_nodes                          pa_nodes      00000
__Lparam                             rparam        00000
__Lpowerup                           powerup       0003A
__Lram                               ram           00000
__Lramtop                            ramtop        01000
__Lrbit                              rbit          00000
__Lrbss                              rbss          00000
__Lrdata                             rdata         00000
__Lreset_vec                         reset_vec     00000
__Lrparam                            rparam        00000
__Lsfr                               sfr           00000
__Lsmallconst                        smallconst    01000
__Lspace_0                           (abs)         00000
__Lspace_1                           (abs)         00000
__Lspace_2                           (abs)         00000
__Lstack                             stack         00000
__Lstruct                            struct        00000
__Ltemp                              temp          00049
__Ltext                              text          00000
__Ltext0                             text0         00000
__Ltext1                             text1         00000
__Ltext10                            text10        00000
__Ltext100                           text100       00000
__Ltext101                           text101       00000
__Ltext102                           text102       00000
__Ltext103                           text103       00000
__Ltext104                           text104       00000
__Ltext105                           text105       00000
__Ltext106                           text106       00000
__Ltext107                           text107       00000
__Ltext108                           text108       00000
__Ltext11                            text11        00000
__Ltext110                           text110       00000
__Ltext111                           text111       00000
__Ltext112                           text112       00000
__Ltext113                           text113       00000
__Ltext114                           text114       00000
__Ltext116                           text116       00000
__Ltext117                           text117       00000
__Ltext12                            text12        00000
__Ltext13                            text13        00000
__Ltext14                            text14        00000
__Ltext15                            text15        00000
__Ltext16                            text16        00000
__Ltext17                            text17        00000
__Ltext18                            text18        00000
__Ltext19                            text19        00000
__Ltext2                             text2         00000
__Ltext20                            text20        00000
__Ltext21                            text21        00000
__Ltext22                            text22        00000
__Ltext23                            text23        00000
__Ltext24                            text24        00000
__Ltext25                            text25        00000
__Ltext26                            text26        00000
__Ltext27                            text27        00000
__Ltext28                            text28        00000
__Ltext29                            text29        00000
__Ltext3                             text3         00000
__Ltext30                            text30        00000
__Ltext31                            text31        00000
__Ltext32                            text32        00000
__Ltext33                            text33        00000
__Ltext34                            text34        00000
__Ltext35                            text35        00000
__Ltext36                            text36        00000
__Ltext37                            text37        00000
__Ltext38                            text38        00000
__Ltext39                            text39        00000
__Ltext4                             text4         00000
__Ltext40                            text40        00000
__Ltext41                            text41        00000
__Ltext42                            text42        00000
__Ltext43                            text43        00000
__Ltext44                            text44        00000
__Ltext45                            text45        00000
[...]
 This function calls:
		_rtcc_handler
 This function is called by:
		Interrupt level 2
 This function uses a non-reentrant model


 *************** function _rtcc_handler *****************
 Defined at:
		line 122 in file "../board_support_package/picdem2_net/rtcc.c"
 Parameters:    Size  Location     Type
		None
 Auto vars:     Size  Location     Type
		None
 Return value:  Size  Location     Type
		None               void
 Registers used:
		wreg, status,2, status,0
 Tracked objects:
		On entry : 
		On exit  : 
		Unchanged: 
 Data sizes:     COMRAM   BANK0   BANK1   BANK2   BANK3   BANK4   BANK5   BANK6   BANK7   BANK8   BANK9  BANK10  BANK11  BANK12  BANK13  BANK14  BANK15
      Params:         0       0       0       0       0       0       0       0       0       0       0       0       0       0       0       0       0
      Locals:         0       0       0       0       0       0       0       0       0       0       0       0       0       0       0       0       0
      Temps:          0       0       0       0       0       0       0       0       0       0       0       0       0       0       0       0       0
      Totals:         0       0       0       0       0       0       0       0       0       0       0       0       0       0       0       0       0
Total ram usage:        0 bytes
 Hardware stack levels used:    1
 This function calls:
		Nothing
 This function is called by:
		_high_isr
 This function uses a non-reentrant model



MODULE INFORMATION

Module		Function		Class		Link	Load	Size
C:\Program Files (x86)\Microchip\xc8\v1.35\sources\common\printf.c
		_printf        		CODE           	6232	0000	39

C:\Program Files (x86)\Microchip\xc8\v1.35\sources\common\printf.c estimated size: 39

udp_demo.c
		_DEMO_UDP_SetClaimIP		CODE           	64FE	0000	9
		_DEMO_UDP_MeasureTemp		CODE           	63A2	0000	25
		_DEMO_UDP_IPLockTimer		CODE           	642A	0000	21
		_DEMO_UDP_ClaimIPCheck		CODE           	63D2	0000	25
		_DEMO_UDP_Send 		CODE           	515E	0000	221
		_DEMO_UDP_Recv 		CODE           	2C90	0000	947
		_DEMO_UDP_IdlePkt		CODE           	6112	0000	35

udp_demo.c estimated size: 1283

../board_support_package/picdem2_net/rtcc.c
		_rtcc_handler  		CODE           	61BE	0000	41
		_rtcc_init     		CODE           	5EF4	0000	57
		_time          		CODE           	5A9E	0000	85

../board_support_package/picdem2_net/rtcc.c estimated size: 183

../board_support_package/picdem2_net/uart.c
		_putch         		CODE           	6354	0000	27
		_uart_init     		CODE           	63EA	0000	23

../board_support_package/picdem2_net/uart.c estimated size: 50

../board_support_package/picdem2_net/hardware.c
		_initHW        		CODE           	5F2C	0000	55

../board_support_package/picdem2_net/hardware.c estimated size: 55

../../TCPIP Library/source/icmp.c
		_ICMP_Receive  		CODE           	5C7A	0000	69
		_ICMP_EchoReply		CODE           	4A60	0000	265

../../TCPIP Library/source/icmp.c estimated size: 334

../board_support_package/picdem2_net/led_driver.c
		_LED_Init      		CODE           	629C	0000	33

../board_support_package/picdem2_net/led_driver.c estimated size: 33

../../TCPIP Library/source/syslog.c
		_SYSLOG_Init   		CODE           	6000	0000	47
		_SYSLOG_Write  		CODE           	620C	0000	39

../../TCPIP Library/source/syslog.c estimated size: 86

C:\Program Files (x86)\Microchip\xc8\v1.35\sources\common\sprintf.c
		_sprintf       		CODE           	60E6	0000	45

C:\Program Files (x86)\Microchip\xc8\v1.35\sources\common\sprintf.c estimated size: 45

C:\Program Files (x86)\Microchip\xc8\v1.35\sources\common\memset.c
		_memset        		CODE           	616A	0000	43

C:\Program Files (x86)\Microchip\xc8\v1.35\sources\common\memset.c estimated size: 43

../../TCPIP Library/source/mac_address.c
		_MAC_getAddress		CODE           	650E	0000	5

../../TCPIP Library/source/mac_address.c estimated size: 5

C:\Program Files (x86)\Microchip\xc8\v1.35\sources\common\lwmod.c
		___lwmod       		CODE           	5EB6	0000	63

C:\Program Files (x86)\Microchip\xc8\v1.35\sources\common\lwmod.c estimated size: 63

../../TCPIP Library/source/ipv4.c
		_IPV4_GetMyIP  		CODE           	6462	0000	19
		_IPV4_Send     		CODE           	591A	0000	103
		_IPV4_Packet   		CODE           	37B6	0000	465
		_IPV4_PseudoHeaderChecksum		CODE           	564C	0000	153
		_IPv4_Start    		CODE           	4610	0000	377
		_IPV4_Init     		CODE           	64E0	0000	11

../../TCPIP Library/source/ipv4.c estimated size: 1128

C:\Program Files (x86)\Microchip\xc8\v1.35\sources\common\doprnt.c
		__doprnt       		CODE           	3AAC	0000	595

C:\Program Files (x86)\Microchip\xc8\v1.35\sources\common\doprnt.c estimated size: 595

../../TCPIP Library/source/udpv4.c
		_UDP_Receive   		CODE           	5052	0000	229
		_UDP_GetDestPort		CODE           	64CC	0000	11
		_UDP_Write8    		CODE           	0000	0000	1
		_UDP_Write32   		CODE           	0000	0000	1
		_UDP_Write16   		CODE           	0000	0000	1
		_UDP_Read8     		CODE           	0000	0000	1
		_UDP_WriteBlock		CODE           	0000	0000	1
		_UDP_Send      		CODE           	5808	0000	113
		_UDP_ReadBlock 		CODE           	6416	0000	21
		_UDP_GetDestIP 		CODE           	643E	0000	19
		_UDP_Start     		CODE           	5B92	0000	79

../../TCPIP Library/source/udpv4.c estimated size: 477

../../TCPIP Library/source/dhcp_client.c
		_DHCP_Handler  		CODE           	3D9C	0000	587
		_DHCP_Request  		CODE           	4464	0000	387
		_DHCP_WriteZeros		CODE           	63BA	0000	25
		_DHCP_Manage   		CODE           	5894	0000	125

../../TCPIP Library/source/dhcp_client.c estimated size: 1124

shared
		PL439          		CODE           	2306	0000	13
		PL629          		CODE           	4236	0000	15
		PL477          		CODE           	3986	0000	97
		PL667          		CODE           	2C16	0000	11
		PL539          		CODE           	33FC	0000	41
		PL729          		CODE           	3D7E	0000	11
		PL577          		CODE           	5878	0000	29
		PL767          		CODE           	3D92	0000	11
		_dhcpName      		SMALLCONST     	1013	0000	22
		PL449          		CODE           	2380	0000	27
		PL639          		CODE           	5F8E	0000	11
		PL487          		CODE           	2424	0000	27
		PL677          		CODE           	3D70	0000	15
		i1_ETH_EventHandler		CODE           	5F98	0000	55
		PL549          		CODE           	3758	0000	21
		PL739          		CODE           	3A8E	0000	11
		PL587          		CODE           	2AF4	0000	27
		PL777          		CODE           	5646	0000	7
		PL459          		CODE           	239A	0000	9
		PL649          		CODE           	2BF4	0000	19
		PL497          		CODE           	244E	0000	15
		PL687          		CODE           	444C	0000	15
		PL559          		CODE           	376C	0000	29
		PL749          		CODE           	3A98	0000	11
		PL597          		CODE           	3A3A	0000	27
		PL787          		CODE           	5CBE	0000	9
		PL469          		CODE           	23BC	0000	29
		PL659          		CODE           	2C06	0000	17
		PL697          		CODE           	3088	0000	11
		PL569          		CODE           	251E	0000	15
		PL759          		CODE           	3AA2	0000	11
		PL479          		CODE           	339E	0000	95
		PL669          		CODE           	2C20	0000	17
		PL579          		CODE           	3424	0000	27
		PL769          		CODE           	2C80	0000	9
		_macAddress    		SMALLCONST     	103D	0000	7
		PL501          		CODE           	246A	0000	27
		PL489          		CODE           	2A7C	0000	15
		PL679          		CODE           	254E	0000	15
		PL601          		CODE           	4428	0000	27
		PL589          		CODE           	2B0E	0000	27
		PL779          		CODE           	545C	0000	9
		_dpowers       		SMALLCONST     	1001	0000	11
		i1_ETH_CheckLinkUp		CODE           	60B8	0000	47
		PL511          		CODE           	3D0E	0000	25
		PL701          		CODE           	4244	0000	11
		PL499          		CODE           	245C	0000	15
		PL689          		CODE           	2C3E	0000	15
		PL611          		CODE           	3D52	0000	9
		PL599          		CODE           	2B5C	0000	27
		PL789          		CODE           	5506	0000	9
		PL521          		CODE           	24B4	0000	19
		PL711          		CODE           	4A4A	0000	13
		PL699          		CODE           	2C4C	0000	11
		PL431          		CODE           	22DA	0000	11
		PL621          		CODE           	3A64	0000	23
		PL531          		CODE           	3D26	0000	13
		PL721          		CODE           	2C62	0000	11
		PL441          		CODE           	48E2	0000	27
		PL631          		CODE           	2BC2	0000	15
		PL503          		CODE           	2484	0000	13
		PL541          		CODE           	3730	0000	41
		PL731          		CODE           	3D88	0000	11
		PL603          		CODE           	2B76	0000	27
		PL451          		CODE           	3042	0000	25
		PL641          		CODE           	252C	0000	9
		_UDP_CallBackTable		SMALLCONST     	1028	0000	16
		PL513          		CODE           	249A	0000	11
		PL703          		CODE           	5910	0000	11
		PL551          		CODE           	4B68	0000	33
		PL741          		CODE           	445A	0000	11
		PL613          		CODE           	4B88	0000	25
		PL461          		CODE           	23A2	0000	9
		PL651          		CODE           	4CE2	0000	13
		PL523          		CODE           	24C6	0000	19
		PL713          		CODE           	2C56	0000	13
		PL561          		CODE           	45E6	0000	19
		PL751          		CODE           	2C6C	0000	11
		__initialization		CODE           	5E36	0000	55
		PL433          		CODE           	2A0E	0000	27
		PL623          		CODE           	5B2C	0000	23
		PL471          		CODE           	23D8	0000	9
		PL661          		CODE           	4BA0	0000	11
		PL533          		CODE           	39E6	0000	41
		PL723          		CODE           	4BAA	0000	11
		PL571          		CODE           	2AAE	0000	15
		PL761          		CODE           	37AC	0000	11
		PL443          		CODE           	2312	0000	29
		PL633          		CODE           	3D62	0000	15
		PL481          		CODE           	2A28	0000	85
		PL671          		CODE           	45F8	0000	11
		PL505          		CODE           	305A	0000	35
		PL543          		CODE           	24EA	0000	19
		PL733          		CODE           	3A7A	0000	11
		PL581          		CODE           	2AD8	0000	29
		PL771          		CODE           	2C88	0000	9
		PL605          		CODE           	2B90	0000	27
		PL453          		CODE           	3384	0000	27
		PL643          		CODE           	3FE6	0000	19
		PL491          		CODE           	243E	0000	9
		PL681          		CODE           	52FC	0000	15
		PL515          		CODE           	49C0	0000	55
		PL705          		CODE           	4A3E	0000	13
		PL553          		CODE           	2506	0000	9
		PL743          		CODE           	255C	0000	11
		PL591          		CODE           	2B28	0000	27
		PL781          		CODE           	5FFA	0000	7
		i1_PHY_WaitForBusy		CODE           	0000	0000	1
		PL615          		CODE           	2BAA	0000	25
		PL463          		CODE           	23AA	0000	9
		PL653          		CODE           	307C	0000	13
		PL691          		CODE           	4602	0000	15
		PL525          		CODE           	4E06	0000	13
		PL715          		CODE           	4F2E	0000	13
		PL563          		CODE           	3D32	0000	19
		PL753          		CODE           	3460	0000	11
		_hexpowers     		SMALLCONST     	100B	0000	9
		PL435          		CODE           	22E4	0000	9
		PL625          		CODE           	5980	0000	11
		PL473          		CODE           	23E0	0000	9
		PL663          		CODE           	559E	0000	17
		PL535          		CODE           	4E12	0000	9
		PL725          		CODE           	6134	0000	11
		PL573          		CODE           	3788	0000	27
		PL763          		CODE           	5CF4	0000	9
		PL445          		CODE           	232E	0000	19
		PL635          		CODE           	343E	0000	21
		PL483          		CODE           	23F0	0000	27
		PL673          		CODE           	4442	0000	11
		_broadcastMAC  		SMALLCONST     	1037	0000	7
		PL507          		CODE           	3CFE	0000	17
		PL545          		CODE           	2AA4	0000	11
		PL735          		CODE           	3A84	0000	11
		PL583          		CODE           	3A20	0000	27
		PL773          		CODE           	3FF8	0000	9
		i1_PHY_Read    		CODE           	5464	0000	163
		PL607          		CODE           	3A54	0000	17
		PL455          		CODE           	421C	0000	27
		PL645          		CODE           	2BD0	0000	19
		PL493          		CODE           	2446	0000	9
		PL683          		CODE           	2C30	0000	15
		PL517          		CODE           	24A4	0000	9
		PL707          		CODE           	5248	0000	13
		PL555          		CODE           	250E	0000	9
		PL745          		CODE           	4788	0000	11
		PL593          		CODE           	2B42	0000	27
		PL783          		CODE           	5D04	0000	9
		PL617          		CODE           	3D5A	0000	9
		PL465          		CODE           	36BE	0000	115
		PL655          		CODE           	2534	0000	11
		PL693          		CODE           	3452	0000	15
		PL527          		CODE           	5136	0000	11
		PL717          		CODE           	630E	0000	13
		PL565          		CODE           	3A0E	0000	19
		PL755          		CODE           	346A	0000	11
		PL437          		CODE           	22EC	0000	27
		PL627          		CODE           	4A28	0000	23
		PL475          		CODE           	23E8	0000	9
		PL665          		CODE           	576A	0000	17
		PL537          		CODE           	24D8	0000	19
		PL727          		CODE           	4A56	0000	11
		PL575          		CODE           	2ABC	0000	29
		PL765          		CODE           	4F3A	0000	11
		PL447          		CODE           	2340	0000	65
		PL637          		CODE           	5140	0000	21
		PL485          		CODE           	240A	0000	27
		PL675          		CODE           	604E	0000	15
		PL509          		CODE           	2490	0000	11
		PL547          		CODE           	24FC	0000	11
		PL737          		CODE           	5154	0000	11
		PL585          		CODE           	3D44	0000	15
		PL775          		CODE           	5CFC	0000	9
		PL609          		CODE           	4A10	0000	25
		PL457          		CODE           	43FE	0000	29
		PL647          		CODE           	2BE2	0000	19
		PL495          		CODE           	4F16	0000	25
		PL685          		CODE           	523A	0000	15
		PL519          		CODE           	24AC	0000	9
		PL709          		CODE           	3092	0000	13
		PL557          		CODE           	2516	0000	9
		PL747          		CODE           	5048	0000	11
		PL595          		CODE           	49F6	0000	27
		PL785          		CODE           	5D0C	0000	7
		i1_ETH_readLinkStatus		CODE           	0000	0000	1
		PL429          		CODE           	22C2	0000	25
		PL619          		CODE           	37A2	0000	11
		PL467          		CODE           	23B2	0000	11
		PL657          		CODE           	253E	0000	17
		PL695          		CODE           	5E28	0000	15
		PL529          		CODE           	2A8A	0000	27
		PL719          		CODE           	5640	0000	7
		PL567          		CODE           	441A	0000	15
		PL757          		CODE           	2C76	0000	11

shared estimated size: 3819

../board_support_package/picdem2_net/adc.c
		_ADC_Initialize		CODE           	6400	0000	23
		_ADC_GetConversion		CODE           	608A	0000	47

../board_support_package/picdem2_net/adc.c estimated size: 70

../../TCPIP Library/source/tcpv4.c
		_TCP_FiniteStateMachine		CODE           	10C4	0000	4607
		_TCP_ParseTCPOptions		CODE           	4F44	0000	261
		_TCB_Reset     		CODE           	4792	0000	337
		_TCP_Init      		CODE           	6450	0000	19
		_TCP_Snd       		CODE           	2566	0000	1193
		_TCP_PayloadSave		CODE           	424E	0000	433
		_TCP_Recv      		CODE           	309E	0000	743
		_TCP_Update    		CODE           	4000	0000	541

../../TCPIP Library/source/tcpv4.c estimated size: 8134

C:\Program Files (x86)\Microchip\xc8\v1.35\sources\common\memcmp.c
		_memcmp        		CODE           	5C2E	0000	77

C:\Program Files (x86)\Microchip\xc8\v1.35\sources\common\memcmp.c estimated size: 77

C:\Program Files (x86)\Microchip\xc8\v1.35\sources\common\lwdiv.c
		___lwdiv       		CODE           	5D5E	0000	75

C:\Program Files (x86)\Microchip\xc8\v1.35\sources\common\lwdiv.c estimated size: 75

../board_support_package/picdem2_net/lcd_hw.c
		_lcd_write_data		CODE           	62BC	0000	33
		_lcd_write_ctrl		CODE           	62DC	0000	33
		_lcd_busy      		CODE           	64C2	0000	11
		_lcd_init_pins 		CODE           	64B8	0000	11

../board_support_package/picdem2_net/lcd_hw.c estimated size: 88

C:\Program Files (x86)\Microchip\xc8\v1.35\sources\common\Umul16.c
		___wmul        		CODE           	61E6	0000	39

C:\Program Files (x86)\Microchip\xc8\v1.35\sources\common\Umul16.c estimated size: 39

../../TCPIP Library/source/arpv4.c
		_ARPV4_Packet  		CODE           	3474	0000	587
		_ARPV4_Init    		CODE           	636E	0000	27
		_ARPV4_Lookup  		CODE           	5BE0	0000	79
		_ARPV4_Update  		CODE           	6194	0000	43
		_ARPV4_Request 		CODE           	48FC	0000	197

../../TCPIP Library/source/arpv4.c estimated size: 933

main.c
		_main          		CODE           	4BB4	0000	303
		_high_isr      		CODE           	0008	0000	15
		_low_isr       		CODE           	0018	0000	35

main.c estimated size: 353

../../TCPIP Library/ethernet_drivers/j60_driver.c
		_ETH_EdataRead 		CODE           	0000	0000	1
		_PHY_Read      		CODE           	53BA	0000	163
		_ETH_ComputeChecksum		CODE           	550E	0000	145
		_ETH_EdataWrite		CODE           	0000	0000	1
		_ETH_CheckLinkUp		CODE           	5FCE	0000	45
		_ETH_Write8    		CODE           	64EA	0000	11
		_ETH_Write32   		CODE           	6388	0000	27
		_ETH_Write16   		CODE           	649E	0000	15
		_ETH_Insert    		CODE           	5E76	0000	65
		_ETH_Read8     		CODE           	602E	0000	33
		_ETH_Read32    		CODE           	59EE	0000	91
		_ETH_Read16    		CODE           	5DF0	0000	57
		_ETH_Init      		CODE           	4CEE	0000	281
		_ETH_RxComputeChecksum		CODE           	5DA8	0000	73
		_ETH_NextPacketUpdate		CODE           	5A48	0000	87
		_ETH_Flush     		CODE           	5AF2	0000	59
		_ETH_WriteBlock		CODE           	5D12	0000	77
		_ETH_Send      		CODE           	613E	0000	45
		_ETH_WriteStart		CODE           	4E1A	0000	253
		_ETH_ReadBlock 		CODE           	598A	0000	101
		_ETH_Copy      		CODE           	5254	0000	169
		_ETH_GetMAC    		CODE           	5F62	0000	45
		_PHY_WaitForBusy		CODE           	0000	0000	1
		_ETH_ResetByteCount		CODE           	64F4	0000	11
		_ETH_SaveRDPT  		CODE           	64D6	0000	11
		_ETH_Dump      		CODE           	605C	0000	47
		_ETH_GetByteCount		CODE           	631A	0000	31
		_ETH_readLinkStatus		CODE           	0000	0000	1
		_ETH_TxComputeChecksum		CODE           	577A	0000	143
		_PHY_Write     		CODE           	5B42	0000	81
		_ETH_EventHandler		CODE           	5CC6	0000	47

../../TCPIP Library/ethernet_drivers/j60_driver.c estimated size: 2217

../board_support_package/picdem2_net/lcd.c
		_lcd_puts      		CODE           	62FC	0000	19
		_lcd_putch     		CODE           	6338	0000	29
		_lcd_clear     		CODE           	6258	0000	35
		_lcd_goto1     		CODE           	6490	0000	15
		_lcd_goto2     		CODE           	6482	0000	15
		_lcd_init      		CODE           	55AE	0000	147

../board_support_package/picdem2_net/lcd.c estimated size: 260

../board_support_package/picdem2_net/mssp_spi_master.c
		_spi_init      		CODE           	64AC	0000	13

../board_support_package/picdem2_net/mssp_spi_master.c estimated size: 13

../../TCPIP Library/source/network.c
		_Network_Read  		CODE           	530A	0000	177
		_Network_Init  		CODE           	627A	0000	35
		_Network_WaitForLink		CODE           	6474	0000	15
		_Network_Manage		CODE           	56E4	0000	135

../../TCPIP Library/source/network.c estimated size: 362

