Microchip MPLAB XC8 Compiler V1.35 ()

Linker command line:

--edf=C:\Program Files (x86)\Microchip\xc8\v1.35\dat\en_msgs.txt \
  --msgdisable=1467:Off; -cs \
  -h+dist/PICDEM.net2_ETH97J60/production\tcpClientDEMO.X.production.sym \
  --cmf=dist/PICDEM.net2_ETH97J60/production\tcpClientDEMO.X.production.cmf \
  -z -Q18F97J60 -oC:\Users\c16008\AppData\Local\Temp\s7to.2 \
  -Mdist/PICDEM.net2_ETH97J60/production/tcpClientDEMO.X.production.map -E1 \
  -ver=XC8 -ASTACK=03B8h-0e7dh -pstack=STACK -ACODE=00h-01FFF7h \
  -ACONST=00h-01FFF7h -ASMALLCONST=01000h-010FFhx495,01FF00h-01FFF7h \
  -AMEDIUMCONST=01000h-0FFFFh,011000h-01FFF7h -ACOMRAM=01h-05Fh \
  -AABS1=00h-0E7Fh,0F00h-0F5Fh -ABIGRAM=01h-0E7Fh,0F00h-0F5Fh \
  -ARAM=060h-0FFh,0100h-01FFhx13,0E00h-0E7Fh,0F00h-0F5Fh -ABANK0=060h-0FFh \
  -ABANK1=0100h-01FFh -ABANK2=0200h-02FFh -ABANK3=0300h-03FFh \
  -ABANK4=0400h-04FFh -ABANK5=0500h-05FFh -ABANK6=0600h-06FFh \
  -ABANK7=0700h-07FFh -ABANK8=0800h-08FFh -ABANK9=0900h-09FFh \
  -ABANK10=0A00h-0AFFh -ABANK11=0B00h-0BFFh -ABANK12=0C00h-0CFFh \
  -ABANK13=0D00h-0DFFh -ABANK14=0E00h-0E7Fh -ABANK15=0F00h-0F5Fh \
  -ASFR=0E80h-0EFFh,0F60h-0FFFh \
  -preset_vec=00h,intcode=08h,intcodelo=018h,powerup,init,end_init \
  -pramtop=01000h -psmallconst=SMALLCONST -pmediumconst=MEDIUMCONST \
  -pconst=CONST -AFARRAM=00h-00h -ACONFIG=01FFF8h-01FFFDh -pconfig=CONFIG \
  -pjflash_buffer=01F800h \
  -prdata=COMRAM,nvrram=COMRAM,nvbit=COMRAM,rbss=COMRAM,rbit=COMRAM \
  -pfarbss=FARRAM,fardata=FARRAM,nvFARRAM=FARRAM \
  -pintsave_regs=BIGRAM,bigbss=BIGRAM,bigdata=BIGRAM -pbss=RAM \
  -pidata=CODE,irdata=CODE,ibigdata=CODE,ifardata=CODE -prparam=COMRAM \
  C:\Users\c16008\AppData\Local\Temp\s7to.obj \
  dist/PICDEM.net2_ETH97J60/production\tcpClientDEMO.X.production.obj 

Object code version is 3.11

Machine type is 18F97J60

Call graph: (short form)




                Name                               Link     Load   Length Selector   Space Scale
C:\Users\c16008\AppData\Local\Temp\s7to.obj
                end_init                             3A       3A        4        C       0
                reset_vec                             0        0        4        0       0
                config                            1FFF8    1FFF8        6    1FFF8       0
dist/PICDEM.net2_ETH97J60/production\tcpClientDEMO.X.production.obj
                intcodelo                            18       18       22        C       0
                intcode                               8        8        6        4       0
                temp                                 49       49        1        1       1
                smallconst                         1000     1000       FA      800       0
                text112                            6442     6442       28      87D       0
                intcode_body                       673A     673A        8      87D       0
                text109                            53E6     53E6       AA      87D       0
                text107                            6344     6344       2E      87D       0
                text106                            6224     6224       36      87D       0
                text104                            6316     6316       2E      87D       0
                text103                            47C6     47C6      16A      87D       0
                text101                            5B92     5B92       64      87D       0
                text99                             60CC     60CC       40      87D       0
                text98                             61EE     61EE       36      87D       0
                text97                             5490     5490       A0      87D       0
                text96                             5790     5790       8E      87D       0
                text95                             5B22     5B22       70      87D       0
                text94                             5DE6     5DE6       4E      87D       0
                text93                             61B8     61B8       36      87D       0
                text92                             5F64     5F64       4C      87D       0
                text91                             6730     6730        A      87D       0
                text90                             4D14     4D14      120      87D       0
                text89                             4930     4930      164      87D       0
                text88                             66E4     66E4        E      87D       0
                text87                             664A     664A       1A      87D       0
                text86                             6726     6726        A      87D       0
                text85                             4644     4644      182      87D       0
                text84                             2598     2598      72A      87D       0
                text83                             427C     427C      216      87D       0
                text82                             10FA     10FA     149E      87D       0
                text81                             59B8     59B8       7E      87D       0
                text80                             64DC     64DC       26      87D       0
                text79                             51DE     51DE       B2      87D       0
                text78                             5AAC     5AAC       76      87D       0
                text77                             5A36     5A36       76      87D       0
                text76                             5666     5666       98      87D       0
                text75                             63F0     63F0       2A      87D       0
                text74                             6042     6042       48      87D       0
                text73                             56FE     56FE       92      87D       0
                text72                             671C     671C        A      87D       0
                text71                             6566     6566       20      87D       0
                text70                             66D6     66D6        E      87D       0
                text69                             6546     6546       20      87D       0
                text68                             65FA     65FA       1C      87D       0
                text67                             65A4     65A4       1E      87D       0
                text66                             63C6     63C6       2A      87D       0
                text65                             5FB0     5FB0       4A      87D       0
                text64                             610C     610C       3E      87D       0
                text63                             64B6     64B6       26      87D       0
                text62                             65DE     65DE       1C      87D       0
                text61                             6630     6630       1A      87D       0
                text60                             2CC2     2CC2      482      87D       0
                text59                             62E8     62E8       2E      87D       0
                text58                             641A     641A       28      87D       0
                text57                             5CA4     5CA4       54      87D       0
                text56                             3B50     3B50      26E      87D       0
                text55                             66A8     66A8       12      87D       0
                text54                             6616     6616       1A      87D       0
                text52                             533C     533C       AA      87D       0
                text50                             625A     625A       32      87D       0
                text49                             6742     6742        4      87D       0
                text48                             5D48     5D48       50      87D       0
                text47                             4BE8     4BE8      12C      87D       0
                text46                             6712     6712        A      87D       0
                text45                             65C2     65C2       1C      87D       0
                text44                             6490     6490       26      87D       0
                text43                             639C     639C       2A      87D       0
                text42                             6664     6664       18      87D       0
                text41                             6586     6586       1E      87D       0
                text40                             581E     581E       8C      87D       0
                text39                             5D98     5D98       4E      87D       0
                text38                             4492     4492      1B2      87D       0
                text37                             58AA     58AA       8A      87D       0
                text36                             5F18     5F18       4C      87D       0
                text35                             3516     3516      342      87D       0
                text34                             5CF8     5CF8       50      87D       0
                text33                             5C4E     5C4E       56      87D       0
                text32                             5FFA     5FFA       48      87D       0
                text31                             6502     6502       24      87D       0
                text30                             646A     646A       26      87D       0
                text29                             5126     5126       B8      87D       0
                text28                             6708     6708        A      87D       0
                text27                             4A94     4A94      154      87D       0
                text26                             5ECC     5ECC       4C      87D       0
                text25                             55CE     55CE       98      87D       0
                text24                             62BA     62BA       2E      87D       0
                text23                             608A     608A       42      87D       0
                text22                             6372     6372       2A      87D       0
                text21                             4E34     4E34      10E      87D       0
                text20                             3144     3144      3D2      87D       0
                text19                             5BF6     5BF6       58      87D       0
                text18                             5E80     5E80       4C      87D       0
                text17                             3DBE     3DBE      266      87D       0
                text16                             504E     504E       D8      87D       0
                text15                             3858     3858      2F8      87D       0
                text14                             5290     5290       AC      87D       0
                text13                             4024     4024      258      87D       0
                text12                             5934     5934       84      87D       0
                text11                             66C8     66C8        E      87D       0
                text10                             628C     628C       2E      87D       0
                text9                              6692     6692       16      87D       0
                text8                              6526     6526       20      87D       0
                text7                              66FE     66FE        A      87D       0
                text6                              5530     5530       9E      87D       0
                text5                              614A     614A       38      87D       0
                text4                              66F2     66F2        C      87D       0
                text3                              667C     667C       16      87D       0
                text2                              6182     6182       36      87D       0
                text1                              66BA     66BA        E      87D       0
                text0                              4F42     4F42      10C      87D       0
                cstackCOMRAM                          1        1       33        1       1
                cstackBANK0                          60       60       9F       60       1
                cstackBANK1                         100      100       BE      100       1
                cstackBANK2                         2BB      2BB       2D      200       1
                bssBANK3                            300      300       B8      300       1
                bssBANK2                            200      200       BB      200       1
                bssBANK1                            1BE      1BE       2F      100       1
                dataBANK0                            FF       FF        1       60       1
                bssCOMRAM                            34       34       15        1       1
                cinit                              5E34     5E34       4C      87D       0
                nvBANK2                             2E8      2E8        8      200       1
                idataBANK0                         6746     6746        1      87D       0

TOTAL           Name                               Link     Load   Length     Space
        CLASS   STACK          

        CLASS   CODE           
                end_init                             3A       3A        4         0
                intcodelo                            18       18       22         0
                intcode                               8        8        6         0
                reset_vec                             0        0        4         0
                text112                            6442     6442       28         0
                intcode_body                       673A     673A        8         0
                text109                            53E6     53E6       AA         0
                text107                            6344     6344       2E         0
                text106                            6224     6224       36         0
                text104                            6316     6316       2E         0
                text103                            47C6     47C6      16A         0
                text101                            5B92     5B92       64         0
                text99                             60CC     60CC       40         0
                text98                             61EE     61EE       36         0
                text97                             5490     5490       A0         0
                text96                             5790     5790       8E         0
                text95                             5B22     5B22       70         0
                text94                             5DE6     5DE6       4E         0
                text93                             61B8     61B8       36         0
                text92                             5F64     5F64       4C         0
                text91                             6730     6730        A         0
                text90                             4D14     4D14      120         0
                text89                             4930     4930      164         0
                text88                             66E4     66E4        E         0
                text87                             664A     664A       1A         0
                text86                             6726     6726        A         0
                text85                             4644     4644      182         0
                text84                             2598     2598      72A         0
                text83                             427C     427C      216         0
                text82                             10FA     10FA     149E         0
                text81                             59B8     59B8       7E         0
                text80                             64DC     64DC       26         0
                text79                             51DE     51DE       B2         0
                text78                             5AAC     5AAC       76         0
                text77                             5A36     5A36       76         0
                text76                             5666     5666       98         0
                text75                             63F0     63F0       2A         0
                text74                             6042     6042       48         0
                text73                             56FE     56FE       92         0
                text72                             671C     671C        A         0
                text71                             6566     6566       20         0
                text70                             66D6     66D6        E         0
                text69                             6546     6546       20         0
                text68                             65FA     65FA       1C         0
                text67                             65A4     65A4       1E         0
                text66                             63C6     63C6       2A         0
                text65                             5FB0     5FB0       4A         0
                text64                             610C     610C       3E         0
                text63                             64B6     64B6       26         0
                text62                             65DE     65DE       1C         0
                text61                             6630     6630       1A         0
                text60                             2CC2     2CC2      482         0
                text59                             62E8     62E8       2E         0
                text58                             641A     641A       28         0
                text57                             5CA4     5CA4       54         0
                text56                             3B50     3B50      26E         0
                text55                             66A8     66A8       12         0
                text54                             6616     6616       1A         0
                text52                             533C     533C       AA         0
                text50                             625A     625A       32         0
                text49                             6742     6742        4         0
                text48                             5D48     5D48       50         0
                text47                             4BE8     4BE8      12C         0
                text46                             6712     6712        A         0
                text45                             65C2     65C2       1C         0
                text44                             6490     6490       26         0
                text43                             639C     639C       2A         0
                text42                             6664     6664       18         0
                text41                             6586     6586       1E         0
                text40                             581E     581E       8C         0
                text39                             5D98     5D98       4E         0
                text38                             4492     4492      1B2         0
                text37                             58AA     58AA       8A         0
                text36                             5F18     5F18       4C         0
                text35                             3516     3516      342         0
                text34                             5CF8     5CF8       50         0
                text33                             5C4E     5C4E       56         0
                text32                             5FFA     5FFA       48         0
                text31                             6502     6502       24         0
                text30                             646A     646A       26         0
                text29                             5126     5126       B8         0
                text28                             6708     6708        A         0
                text27                             4A94     4A94      154         0
                text26                             5ECC     5ECC       4C         0
                text25                             55CE     55CE       98         0
                text24                             62BA     62BA       2E         0
                text23                             608A     608A       42         0
                text22                             6372     6372       2A         0
                text21                             4E34     4E34      10E         0
                text20                             3144     3144      3D2         0
                text19                             5BF6     5BF6       58         0
                text18                             5E80     5E80       4C         0
                text17                             3DBE     3DBE      266         0
                text16                             504E     504E       D8         0
                text15                             3858     3858      2F8         0
                text14                             5290     5290       AC         0
                text13                             4024     4024      258         0
                text12                             5934     5934       84         0
                text11                             66C8     66C8        E         0
                text10                             628C     628C       2E         0
                text9                              6692     6692       16         0
                text8                              6526     6526       20         0
                text7                              66FE     66FE        A         0
                text6                              5530     5530       9E         0
                text5                              614A     614A       38         0
                text4                              66F2     66F2        C         0
                text3                              667C     667C       16         0
                text2                              6182     6182       36         0
                text1                              66BA     66BA        E         0
                text0                              4F42     4F42      10C         0
                cinit                              5E34     5E34       4C         0
                idataBANK0                         6746     6746        1         0

        CLASS   CONST          

        CLASS   SMALLCONST     
                smallconst                         1000     1000       FA         0

        CLASS   MEDIUMCONST    

        CLASS   COMRAM         
                temp                                 49       49        1         1
                cstackCOMRAM                          1        1       33         1
                bssCOMRAM                            34       34       15         1

        CLASS   ABS1           
                abs_s1                              E7E      E7E        2         1

        CLASS   BIGRAM         

        CLASS   RAM            

        CLASS   BANK0          
                cstackBANK0                          60       60       9F         1
                dataBANK0                            FF       FF        1         1

        CLASS   BANK1          
                cstackBANK1                         100      100       BE         1
                bssBANK1                            1BE      1BE       2F         1

        CLASS   BANK2          
                cstackBANK2                         2BB      2BB       2D         1
                bssBANK2                            200      200       BB         1
                nvBANK2                             2E8      2E8        8         1

        CLASS   BANK3          
                bssBANK3                            300      300       B8         1

        CLASS   BANK4          

        CLASS   BANK5          

        CLASS   BANK6          

        CLASS   BANK7          

        CLASS   BANK8          

        CLASS   BANK9          

        CLASS   BANK10         

        CLASS   BANK11         

        CLASS   BANK12         

        CLASS   BANK13         

        CLASS   BANK14         

        CLASS   BANK15         

        CLASS   SFR            

        CLASS   FARRAM         

        CLASS   CONFIG         
                config                            1FFF8    1FFF8        6         0

        CLASS   IDLOC          



SEGMENTS        Name                           Load    Length   Top    Selector   Space  Class

                reset_vec                      000000  000004  000004         0       0  CODE    
                cstackCOMRAM                   000001  000049  00004A         1       1  COMRAM  
                intcode                        000008  000006  00000E         4       0  CODE    
                intcodelo                      000018  000026  00003E         C       0  CODE    
                cstackBANK0                    000060  0000A0  000100        60       1  BANK0   
                cstackBANK1                    000100  0000ED  0001ED       100       1  BANK1   
                bssBANK2                       000200  0000F0  0002F0       200       1  BANK2   
                bssBANK3                       000300  0000B8  0003B8       300       1  BANK3   
                smallconst                     001000  0000FA  0010FA       800       0  SMALLCON
                text82                         0010FA  00564D  006747       87D       0  CODE    
                config                         01FFF8  000006  01FFFE     1FFF8       0  CONFIG  


UNUSED ADDRESS RANGES

        Name                Unused          Largest block    Delta
        BANK1            001ED-001FF              13
        BANK10           00A00-00AFF             100
        BANK11           00B00-00BFF             100
        BANK12           00C00-00CFF             100
        BANK13           00D00-00DFF             100
        BANK14           00E00-00E7D              7E
        BANK15           00F00-00F5F              60
        BANK2            002F0-002FF              10
        BANK3            003B8-003FF              48
        BANK4            00400-004FF             100
        BANK5            00500-005FF             100
        BANK6            00600-006FF             100
        BANK7            00700-007FF             100
        BANK8            00800-008FF             100
        BANK9            00900-009FF             100
        BIGRAM           0004A-0005F              16
                         001ED-001FF              13
                         002F0-002FF              10
                         003B8-00E7D             AC6
                         00F00-00F5F              60
        CODE             00004-00007               4
                         0000E-00017               A
                         0003E-00FFF             FC2
                         06747-1FFF7           198B1
        COMRAM           0004A-0005F              16
        CONST            00004-00007               4
                         0000E-00017               A
                         0003E-00FFF             FC2
                         06747-1FFF7           198B1
        MEDIUMCONST      06747-0FFFF            98B9
                         11000-1FFF7            EFF8
        RAM              001ED-001FF              13
                         002F0-002FF              10
                         003B8-00E7D             100
                         00F00-00F5F              60
        SFR              00E80-00EFF              80
                         00F60-00FFF              A0
        SMALLCONST       06747-1FFF7             100
        STACK            003B8-00E7D             AC6

                                  Symbol Table

?_ADC_GetConversion                  cstackCOMRAM  00017
?_ARPV4_Lookup                       cstackCOMRAM  00017
?_ETH_ComputeChecksum                cstackCOMRAM  00017
?_ETH_GetByteCount                   cstackCOMRAM  00017
?_ETH_Read16                         cstackCOMRAM  00017
?_ETH_Read32                         cstackCOMRAM  00017
?_ETH_ReadBlock                      cstackCOMRAM  00017
?_ETH_RxComputeChecksum              cstackCOMRAM  00025
?_ETH_TxComputeChecksum              cstackCOMRAM  00025
?_ETH_readLinkStatus                 cstackCOMRAM  00022
?_IPV4_GetMyIP                       cstackCOMRAM  00017
?_IPV4_PseudoHeaderChecksum          cstackCOMRAM  00017
?_PHY_Read                           cstackCOMRAM  00019
?_TCP_GetReceivedData                cstackCOMRAM  0001F
?___lwdiv                            cstackCOMRAM  00017
?___lwmod                            cstackCOMRAM  0001E
?___wmul                             cstackCOMRAM  00017
?__doprnt                            cstackCOMRAM  00023
?_memcmp                             cstackCOMRAM  00017
?_printf                             cstackCOMRAM  00029
?_sprintf                            cstackCOMRAM  00029
?_strlen                             cstackCOMRAM  00017
?_time                               cstackCOMRAM  00017
?i1_ETH_readLinkStatus               cstackCOMRAM  0000C
?i1_PHY_Read                         cstackCOMRAM  00003
ADC_GetConversion@channel            cstackCOMRAM  0001A
ARPV4_Init@x                         cstackCOMRAM  00017
ARPV4_Lookup@entry_pointer           cstackCOMRAM  0001F
ARPV4_Lookup@ip_address              cstackCOMRAM  00017
ARPV4_Lookup@x                       cstackCOMRAM  00021
ARPV4_Packet@arpPtr                  cstackBANK0   00084
ARPV4_Packet@entryPointer            cstackBANK0   00088
ARPV4_Packet@header                  cstackBANK0   0008A
ARPV4_Packet@length                  cstackBANK0   00080
ARPV4_Packet@mergeFlag               cstackBANK0   00082
ARPV4_Packet@ret                     cstackBANK0   00083
ARPV4_Packet@x                       cstackBANK0   00086
ARPV4_Packet@x_1672                  cstackBANK0   00087
ARPV4_Request@destAddress            cstackCOMRAM  0001D
ARPV4_Request@header                 cstackBANK0   0007C
ARPV4_Request@ret                    cstackBANK0   0007B
ARPV4_Update@entryPointer            cstackCOMRAM  00017
ARPV4_Update@x                       cstackCOMRAM  00019
DEMO_TCP_Client@ledNr                cstackBANK1   00120
DEMO_TCP_Client@port60TCB            bssBANK2      00230
DEMO_TCP_Client@pot                  cstackBANK1   0011B
DEMO_TCP_Client@rx_len               cstackBANK1   0011E
DEMO_TCP_Client@rxdataPort60         bssBANK2      00267
DEMO_TCP_Client@socketState          cstackBANK1   0011D
DEMO_TCP_Client@strTmp               cstackBANK1   00121
DEMO_TCP_Client@t_client             bssBANK1      001E5
DEMO_TCP_Client@t_clientOld          bssBANK2      00218
DEMO_TCP_Client@temperature          cstackBANK1   00119
DEMO_TCP_Client@txdataPort60         bssBANK3      00368
DHCP_Handler@ethMAC                  cstackBANK0   000C8
DHCP_Handler@ethPktMAC               cstackBANK0   000C2
DHCP_Handler@ip                      cstackBANK0   000B3
DHCP_Handler@length                  cstackBANK0   000AF
DHCP_Handler@myip                    cstackBANK0   000CF
DHCP_Handler@option                  cstackBANK0   000C1
DHCP_Handler@optionLength            cstackBANK0   000CE
DHCP_Handler@v                       cstackBANK0   000BB
DHCP_Handler@v16                     cstackBANK0   000BF
DHCP_Request@ethMAC                  cstackBANK0   000A9
DHCP_Request@started                 cstackBANK0   000A7
DHCP_Request@type                    cstackBANK0   000A8
DHCP_WriteZeros@length               cstackCOMRAM  00018
ETH_CheckLinkUp@value                cstackCOMRAM  00026
ETH_ComputeChecksum@cksm             cstackCOMRAM  0001F
ETH_ComputeChecksum@len              cstackCOMRAM  00017
ETH_ComputeChecksum@seed             cstackCOMRAM  00019
ETH_ComputeChecksum@v                cstackCOMRAM  00023
ETH_Copy@len                         cstackBANK0   00071
ETH_Copy@timer                       cstackBANK0   00073
ETH_Copy@tmp_len                     cstackBANK0   00075
ETH_Dump@length                      cstackCOMRAM  00017
ETH_GetByteCount@val                 cstackCOMRAM  00019
ETH_GetMAC@mac                       cstackCOMRAM  00017
ETH_Init@mac                         cstackCOMRAM  0002D
ETH_Insert@current_tx_ptr            cstackCOMRAM  0001B
ETH_Insert@data                      cstackCOMRAM  0001D
ETH_Insert@len                       cstackCOMRAM  00017
ETH_Insert@offset                    cstackCOMRAM  00019
ETH_Read16@ret                       cstackCOMRAM  00019
ETH_Read32@ret                       cstackCOMRAM  0001B
ETH_Read8@ret                        cstackCOMRAM  00017
ETH_ReadBlock@buffer                 cstackCOMRAM  00017
ETH_ReadBlock@len                    cstackCOMRAM  0001C
ETH_ReadBlock@length                 cstackCOMRAM  00019
ETH_ReadBlock@p                      cstackCOMRAM  0001E
ETH_RxComputeChecksum@cksm           cstackCOMRAM  0002F
ETH_RxComputeChecksum@len            cstackCOMRAM  00025
ETH_RxComputeChecksum@rxptr          cstackCOMRAM  0002D
ETH_RxComputeChecksum@seed           cstackCOMRAM  00027
ETH_Send@packetEnd                   cstackCOMRAM  00017
ETH_TxComputeChecksum@cksm           cstackCOMRAM  0002D
ETH_TxComputeChecksum@len            cstackCOMRAM  00027
ETH_TxComputeChecksum@position       cstackCOMRAM  00025
ETH_TxComputeChecksum@rxptr          cstackCOMRAM  0002B
ETH_TxComputeChecksum@seed           cstackCOMRAM  00029
ETH_Write16@data                     cstackCOMRAM  00017
ETH_Write32@data                     cstackCOMRAM  00017
ETH_Write8@data                      cstackCOMRAM  00017
ETH_WriteBlock@buffer                cstackCOMRAM  00017
ETH_WriteBlock@length                cstackCOMRAM  00019
ETH_WriteBlock@p                     cstackCOMRAM  0001B
ETH_WriteStart@dest_mac              cstackCOMRAM  00017
ETH_WriteStart@type                  cstackCOMRAM  00019
ICMP_EchoReply@cksm                  cstackBANK0   000A9
ICMP_EchoReply@icmpHdr               cstackBANK0   000AE
ICMP_EchoReply@ipv4Hdr               cstackBANK0   0009F
ICMP_EchoReply@ipv4PayloadLength     cstackBANK0   000AB
ICMP_EchoReply@ret                   cstackBANK0   000AD
ICMP_Receive@icmpHdr                 cstackBANK0   000B6
ICMP_Receive@ipv4Hdr                 cstackBANK0   000AF
IPV4_Packet@cksm                     cstackBANK1   00155
IPV4_Packet@hdrLen                   cstackBANK1   00152
IPV4_Packet@length                   cstackBANK1   00153
IPV4_PseudoHeaderChecksum@cksm       cstackCOMRAM  0001F
IPV4_PseudoHeaderChecksum@len        cstackCOMRAM  0001E
IPV4_PseudoHeaderChecksum@payloadLen cstackCOMRAM  00017
IPV4_PseudoHeaderChecksum@tmp        cstackCOMRAM  00023
IPV4_PseudoHeaderChecksum@v          cstackCOMRAM  0001D
IPV4_Send@cksm                       cstackBANK0   00070
IPV4_Send@payloadLength              cstackCOMRAM  00031
IPV4_Send@ret                        cstackBANK0   0006F
IPV4_Send@totalLength                cstackBANK0   00072
IPv4_Start@destAddress               cstackCOMRAM  00022
IPv4_Start@macAddress                cstackBANK0   0009C
IPv4_Start@protocol                  cstackCOMRAM  00026
IPv4_Start@ret                       cstackBANK0   0009E
IPv4_Start@targetAddress             cstackBANK0   00098
LED_Init@x                           cstackCOMRAM  00017
Network_Manage@now                   cstackBANK1   001BA
Network_Manage@nowPv                 bssBANK2      0021C
Network_Read@debug_str               cstackBANK1   0015B
Network_Read@header                  cstackBANK1   001AB
PHY_Read@reg                         cstackCOMRAM  0001D
PHY_Read@ret                         cstackCOMRAM  0001E
PHY_WaitForBusy@ret                  cstackCOMRAM  00017
PHY_WaitForBusy@timeout              cstackCOMRAM  00018
PHY_Write@GIESave                    cstackCOMRAM  0001C
PHY_Write@data                       cstackCOMRAM  00019
PHY_Write@reg                        cstackCOMRAM  0001B
PL387                                text82        022F4
PL389                                text82        0230C
PL391                                text84        02A40
PL393                                text82        02316
PL395                                text82        0231E
PL397                                text82        02338
PL399                                text103       04916
PL401                                text82        02344
PL403                                text82        02360
PL405                                text82        02372
PL407                                text82        023B2
PL409                                text20        03426
PL411                                text13        0424A
PL413                                text83        0442C
PL415                                text82        023CC
PL417                                text82        023D4
PL419                                text82        023DC
PL421                                text35        03760
PL423                                text82        023E4
PL425                                text82        023EE
PL427                                text82        0240A
PL429                                text82        02412
PL431                                text82        0241A
PL433                                text15        03A2A
PL435                                text20        03440
PL437                                text60        0308E
PL439                                text84        02A5A
PL441                                text82        02422
PL443                                text82        0243C
PL445                                text82        02456
PL447                                text84        02AAE
PL449                                text82        02470
PL451                                text82        02478
PL453                                text90        04E12
PL455                                text82        02480
PL457                                text82        0248E
PL459                                text82        0249C
PL461                                text60        030A6
PL463                                text60        030B2
PL465                                text60        030BC
PL467                                text82        024B6
PL469                                text60        030C8
PL471                                text82        024C2
PL473                                text82        024CC
PL475                                text89        049F4
PL477                                text82        024D6
PL479                                text82        024DE
PL481                                text82        024E6
PL483                                text82        024F8
PL485                                text84        02ABC
PL487                                text60        030D0
PL489                                text47        04D0C
PL491                                text82        0250A
PL493                                text56        03D40
PL495                                text20        0349E
PL497                                text35        037D2
PL499                                text82        0251C
PL501                                text15        03A8A
PL503                                text84        02AD6
PL505                                text73        05786
PL507                                text82        0252E
PL509                                text35        037FA
PL511                                text27        04B9C
PL513                                text82        02538
PL515                                text82        02540
PL517                                text35        0380E
PL519                                text82        02548
PL521                                text60        030DE
PL523                                text15        03AB2
PL525                                text38        0461A
PL527                                text84        02AE0
PL529                                text35        0382A
PL531                                text84        02AEE
PL533                                text40        0588E
PL535                                text20        034C6
PL537                                text76        056F4
PL539                                text84        02B0A
PL541                                text15        03AC4
PL543                                text83        04448
PL545                                text82        02550
PL547                                text84        02B26
PL549                                text83        04456
PL551                                text56        03D68
PL553                                text84        02B40
PL555                                text84        02B5A
PL557                                text84        02B74
PL559                                text84        02B8E
PL561                                text84        02BA8
PL563                                text84        02BC2
PL565                                text89        04A2A
PL567                                text56        03D82
PL569                                text15        03ADE
PL571                                text15        03AF8
PL573                                text56        03D9C
PL575                                text89        04A44
PL577                                text60        030F0
PL579                                text27        04BBC
PL581                                text84        02BDC
PL583                                text60        030F8
PL585                                text34        05D32
PL587                                text95        05B88
PL589                                text89        04A5C
PL591                                text35        03844
PL593                                text15        03B08
PL595                                text84        02BF4
PL597                                text13        04264
PL599                                text20        034E0
PL601                                text16        05112
PL603                                text93        061E4
PL605                                text78        05B0E
PL607                                text77        05A96
PL609                                text17        0400A
PL611                                text84        02C02
PL613                                text84        02C14
PL615                                text84        02C26
PL617                                text82        0255E
PL619                                text77        05AA0
PL621                                text0         05042
PL623                                text82        02566
PL625                                text84        02C38
PL627                                text27        04BD4
PL629                                text97        05520
PL631                                text84        02C48
PL633                                text84        02C52
PL635                                text38        0462C
PL637                                text83        04470
PL639                                text82        02576
PL641                                text82        02580
PL643                                text29        051D0
PL645                                text79        05274
PL647                                text84        02C62
PL649                                text83        0447A
PL651                                text84        02C70
PL653                                text38        04636
PL655                                text60        03100
PL657                                text20        034F4
PL659                                text60        0310E
PL661                                text13        04272
PL663                                text79        0527C
PL665                                text84        02C7E
PL667                                text37        0592A
PL669                                text89        04A72
PL671                                text84        02C88
PL673                                text98        06218
PL675                                text12        059AC
PL677                                text67        065B6
PL679                                text23        060C0
PL681                                text22        06390
PL683                                text89        04A7E
PL685                                text15        03B1E
PL687                                text60        0311C
PL689                                text60        03126
PL691                                text83        04488
PL693                                text82        0258E
PL695                                text85        047BC
PL697                                text21        04F38
PL699                                text15        03B28
PL701                                text84        02C94
PL703                                text20        03502
PL705                                text20        0350C
PL707                                text84        02C9E
PL709                                text15        03B32
PL711                                text35        0384E
PL713                                text36        05F46
PL715                                text79        05286
PL717                                text90        04E2A
PL719                                text78        05B18
PL721                                text74        06080
PL723                                text84        02CA8
PL725                                text6         055C2
PL727                                text84        02CB0
PL729                                text27        04BDE
PL731                                text89        04A8A
PL733                                text60        03130
PL735                                text60        0313A
PL737                                text56        03DB4
PL739                                text15        03B3C
PL741                                text15        03B46
PL743                                text17        0401C
PL745                                text36        05F4E
PL747                                text6         055C8
PL749                                text52        053DE
PL751                                text50        06286
PL753                                text36        05F56
PL755                                text36        05F5E
PL757                                text26        05F10
PL759                                text109       05488
PL761                                text84        02CBA
SYSLOG_Init@t                        cstackBANK0   0006D
SYSLOG_Write@message                 cstackBANK0   0006D
SYSLOG_Write@t                       cstackBANK0   0006F
TCB_Check@count                      cstackCOMRAM  0001C
TCB_Check@ptr                        cstackCOMRAM  00017
TCB_Check@ret                        cstackCOMRAM  0001B
TCB_Check@tcbPtr                     cstackCOMRAM  0001D
TCB_Insert@ptr                       cstackCOMRAM  00017
TCB_Reset@tcbPtr                     cstackCOMRAM  00017
TCP_Connect@srvaddr                  cstackBANK1   00113
TCP_Connect@tcbPtr                   cstackBANK1   00111
TCP_FiniteStateMachine@event         cstackBANK1   0010F
TCP_FiniteStateMachine@nextState     cstackBANK1   00110
TCP_FiniteStateMachine@notAckBytes   cstackBANK1   0010D
TCP_FiniteStateMachine@ret           cstackBANK1   0010C
TCP_GetReceivedData@ret              cstackCOMRAM  00025
TCP_GetReceivedData@tcbPtr           cstackCOMRAM  0001F
TCP_InsertRxBuffer@data              cstackCOMRAM  00021
TCP_InsertRxBuffer@data_len          cstackCOMRAM  00023
TCP_InsertRxBuffer@tcbPtr            cstackCOMRAM  0001F
TCP_ParseTCPOptions@opt              cstackCOMRAM  0001E
TCP_ParseTCPOptions@ret              cstackCOMRAM  0001D
TCP_ParseTCPOptions@tcpOptionsSize   cstackCOMRAM  0001F
TCP_PayloadSave@buffer_size          cstackBANK0   000FD
TCP_PayloadSave@len                  cstackBANK0   000EE
TCP_Recv@count                       cstackBANK1   00133
TCP_Recv@length                      cstackBANK1   00115
TCP_Recv@remoteAddress               cstackBANK1   00111
TCP_Recv@tcbPtr                      cstackBANK1   00134
TCP_Send@data                        cstackBANK0   000F0
TCP_Send@dataLen                     cstackBANK0   000F2
TCP_Send@tcbPtr                      cstackBANK0   000EE
TCP_SendDone@ret                     cstackCOMRAM  00021
TCP_SendDone@tcbPtr                  cstackCOMRAM  0001F
TCP_Snd@cksm                         cstackBANK0   000D3
TCP_Snd@data                         cstackBANK0   000D1
TCP_Snd@payloadLength                cstackBANK0   000D5
TCP_Snd@ret                          cstackBANK0   000D7
TCP_Snd@tcbPtr                       cstackBANK0   0009F
TCP_Snd@tcpDataLength                cstackBANK0   000D8
TCP_Snd@txHeader                     cstackBANK0   000DA
TCP_SocketInit@tcbPtr                cstackCOMRAM  0001F
TCP_SocketPoll@socket_ptr            cstackCOMRAM  0001F
TCP_SocketPoll@tmpSocketState        cstackCOMRAM  00021
TCP_Update@count                     cstackBANK1   00119
TCP_Update@tcbPtr                    cstackBANK1   0011B
UDP_Receive@hptr                     cstackBANK0   000DD
UDP_Receive@udpcksm                  cstackBANK0   000D3
UDP_Receive@x                        cstackBANK0   000DB
UDP_Send@cksm                        cstackBANK0   00079
UDP_Send@udpLength                   cstackBANK0   0007B
UDP_Start@destIP                     cstackBANK0   0009F
UDP_Start@dstPort                    cstackBANK0   000A5
UDP_Start@ret                        cstackCOMRAM  0002F
UDP_Start@srcPort                    cstackBANK0   000A3
_ADCON0                              (abs)         00FC2
_ADCON0bits                          (abs)         00FC2
_ADCON1                              (abs)         00FC1
_ADCON2                              (abs)         00FC0
_ADC_GetConversion                   text104       06316
_ADC_Initialize                      text9         06692
_ADRES                               (abs)         00FC3
_ADRESH                              (abs)         00FC4
_ADRESL                              (abs)         00FC3
_ARPV4_Init                          text54        06616
_ARPV4_Lookup                        text94        05DE6
_ARPV4_Packet                        text35        03516
_ARPV4_Request                       text89        04930
_ARPV4_Update                        text43        0639C
_BAUDCON1                            (abs)         00F7E
_BAUDCON1bits                        (abs)         00F7E
_CREN1                               (abs)         07D5C
_DEMO_TCP_Client                     text56        03B50
_DHCP_Handler                        text17        03DBE
_DHCP_Manage                         text37        058AA
_DHCP_Request                        text38        04492
_DHCP_WriteZeros                     text42        06664
_ECON1                               (abs)         00FD2
_ECON1bits                           (abs)         00FD2
_ECON2                               (abs)         00EFE
_EDMADST                             (abs)         00EF4
_EDMAND                              (abs)         00EF2
_EDMAST                              (abs)         00EF0
_EIE                                 (abs)         00EFB
_EIEbits                             (abs)         00EFB
_EIRbits                             (abs)         00F60
_EPKTCNT                             (abs)         00ED9
_ERDPT                               (abs)         00F7A
_ERXFCON                             (abs)         00ED8
_ERXND                               (abs)         00EEA
_ERXRDPT                             (abs)         00EEC
_ERXST                               (abs)         00EE8
_ESTATbits                           (abs)         00EFD
_ETH_CheckLinkUp                     text50        0625A
_ETH_ComputeChecksum                 text97        05490
_ETH_Copy                            text29        05126
_ETH_Dump                            text24        062BA
_ETH_EdataRead                       text102       00000
_ETH_EdataWrite                      text100       00000
_ETH_EventHandler                    text36        05F18
_ETH_Flush                           text34        05CF8
_ETH_GetByteCount                    text41        06586
_ETH_GetMAC                          text93        061B8
_ETH_Init                            text47        04BE8
_ETH_Insert                          text99        060CC
_ETH_NextPacketUpdate                text33        05C4E
_ETH_Read16                          text23        0608A
_ETH_Read32                          text19        05BF6
_ETH_Read8                           text22        06372
_ETH_ReadBlock                       text101       05B92
_ETH_ResetByteCount                  text91        06730
_ETH_RxComputeChecksum               text32        05FFA
_ETH_SaveRDPT                        text28        06708
_ETH_Send                            text98        061EE
_ETH_TxComputeChecksum               text96        05790
_ETH_Write16                         text88        066E4
_ETH_Write32                         text87        0664A
_ETH_Write8                          text86        06726
_ETH_WriteBlock                      text92        05F64
_ETH_WriteStart                      text90        04D14
_ETH_readLinkStatus                  text51        00000
_ETXND                               (abs)         00EE6
_ETXST                               (abs)         00EE4
_EWRPT                               (abs)         00EE2
_GIE                                 (abs)         07F97
_GIEH                                (abs)         07F97
_GIEL                                (abs)         07F96
_ICMP_EchoReply                      text27        04A94
_ICMP_Receive                        text26        05ECC
_INTCON                              (abs)         00FF2
_IPEN                                (abs)         07E87
_IPR2bits                            (abs)         00FA2
_IPV4_GetMyIP                        text55        066A8
_IPV4_Init                           text46        06712
_IPV4_Packet                         text15        03858
_IPV4_PseudoHeaderChecksum           text25        055CE
_IPV4_Send                           text95        05B22
_IPv4_Start                          text85        04644
_LATDbits                            (abs)         00F8C
_LATE                                (abs)         00F8D
_LATH                                (abs)         00F90
_LATH0                               (abs)         07C80
_LATH1                               (abs)         07C81
_LATH2                               (abs)         07C82
_LATJ                                (abs)         00F91
_LED_Init                            text8         06526
_MAADR1                              (abs)         00E84
_MAADR2                              (abs)         00E85
_MAADR3                              (abs)         00E82
_MAADR4                              (abs)         00E83
_MAADR5                              (abs)         00E80
_MAADR6                              (abs)         00E81
_MABBIPG                             (abs)         00EA4
_MACON1                              (abs)         00EA0
_MACON3                              (abs)         00EA2
_MACON4                              (abs)         00EA3
_MAC_getAddress                      text49        06742
_MAIPG                               (abs)         00EA6
_MAMXFL                              (abs)         00EAA
_MICMD                               (abs)         00EB2
_MICMDbits                           (abs)         00EB2
_MIRD                                (abs)         00EB8
_MIREGADR                            (abs)         00EB4
_MISTATbits                          (abs)         00E8A
_MIWR                                (abs)         00EB6
_Network_Init                        text44        06490
_Network_Manage                      text12        05934
_Network_Read                        text14        05290
_Network_WaitForLink                 text11        066C8
_OSCCON                              (abs)         00FD3
_OSCTUNE                             (abs)         00F9B
_PHY_Read                            text52        0533C
_PHY_WaitForBusy                     text53        00000
_PHY_Write                           text48        05D48
_PIE2bits                            (abs)         00FA0
_PIR2bits                            (abs)         00FA1
_PORTB                               (abs)         00F81
_PORTJ                               (abs)         00F88
_SPBRG1                              (abs)         00FAF
_SPEN1                               (abs)         07D5F
_SSP1CON1                            (abs)         00FC6
_SSP1CON1bits                        (abs)         00FC6
_SSP1STATbits                        (abs)         00FC7
_SYSLOG_Init                         text10        0628C
_SYSLOG_Write                        text30        0646A
_T1CKPS0                             (abs)         07E6C
_T1CKPS1                             (abs)         07E6D
_T1OSCEN                             (abs)         07E6B
_T1SYNC                              (abs)         07E6A
_TCB_Check                           text81        059B8
_TCB_Insert                          text74        06042
_TCB_Reset                           text103       047C6
_TCP_Connect                         text79        051DE
_TCP_FiniteStateMachine              text82        010FA
_TCP_GetReceivedData                 text78        05AAC
_TCP_Init                            text45        065C2
_TCP_InsertRxBuffer                  text77        05A36
_TCP_ParseTCPOptions                 text21        04E34
_TCP_PayloadSave                     text83        0427C
_TCP_Recv                            text20        03144
_TCP_Send                            text76        05666
_TCP_SendDone                        text75        063F0
_TCP_Snd                             text84        02598
_TCP_SocketInit                      text73        056FE
_TCP_SocketPoll                      text80        064DC
_TCP_Update                          text13        04024
_TMR1                                (abs)         00FCE
_TMR1CS                              (abs)         07E69
_TMR1IE                              (abs)         07CE8
_TMR1IF                              (abs)         07CF0
_TMR1IP                              (abs)         07CF8
_TMR1ON                              (abs)         07E68
_TRISA                               (abs)         00F92
_TRISAbits                           (abs)         00F92
_TRISB                               (abs)         00F93
_TRISCbits                           (abs)         00F94
_TRISDbits                           (abs)         00F95
_TRISE                               (abs)         00F96
_TRISH                               (abs)         00F99
_TRISJ                               (abs)         00F9A
_TX1IF                               (abs)         07CF4
_TXREG1                              (abs)         00FAD
_TXSTA1                              (abs)         00FAC
_UDP_CallBackTable                   smallconst    01034
_UDP_Receive                         text16        0504E
_UDP_Send                            text40        0581E
_UDP_Start                           text39        05D98
__CFG_BW$16                          (abs)         00000
__CFG_CCP2MX$ON                      (abs)         00000
__CFG_CP0$OFF                        (abs)         00000
__CFG_EASHFT$OFF                     (abs)         00000
__CFG_ECCPMX$ON                      (abs)         00000
__CFG_ETHLED$ON                      (abs)         00000
__CFG_FCMEN$ON                       (abs)         00000
__CFG_FOSC$HSPLL                     (abs)         00000
__CFG_FOSC2$ON                       (abs)         00000
__CFG_IESO$ON                        (abs)         00000
__CFG_MODE$MM                        (abs)         00000
__CFG_STVR$ON                        (abs)         00000
__CFG_WAIT$OFF                       (abs)         00000
__CFG_WDT$OFF                        (abs)         00000
__CFG_WDTPS$32768                    (abs)         00000
__CFG_XINST$OFF                      (abs)         00000
__HRAM                               (abs)         00000
__Habs1                              abs1          00000
__Hbank0                             bank0         00000
__Hbank1                             bank1         00000
__Hbank10                            bank10        00000
__Hbank11                            bank11        00000
__Hbank12                            bank12        00000
__Hbank13                            bank13        00000
__Hbank14                            bank14        00000
__Hbank15                            bank15        00000
__Hbank2                             bank2         00000
__Hbank3                             bank3         00000
__Hbank4                             bank4         00000
__Hbank5                             bank5         00000
__Hbank6                             bank6         00000
__Hbank7                             bank7         00000
__Hbank8                             bank8         00000
__Hbank9                             bank9         00000
__Hbigbss                            bigbss        00000
__Hbigdata                           bigdata       00000
__Hbigram                            bigram        00000
__Hbss                               bss           00000
__HbssBANK1                          bssBANK1      00000
__HbssBANK2                          bssBANK2      00000
__HbssBANK3                          bssBANK3      00000
__HbssCOMRAM                         bssCOMRAM     00000
__Hcinit                             cinit         00000
__Hclrtext                           clrtext       00000
__Hcomram                            comram        00000
__Hconfig                            config        1FFFE
__Hconst                             const         00000
__HcstackBANK0                       cstackBANK0   00000
__HcstackBANK1                       cstackBANK1   00000
__HcstackBANK2                       cstackBANK2   00000
__HcstackCOMRAM                      cstackCOMRAM  00000
__Hdata                              data          00000
__HdataBANK0                         dataBANK0     00000
__Hend_init                          end_init      0003E
__Hfarbss                            farbss        00000
__Hfardata                           fardata       00000
__Hibigdata                          ibigdata      00000
__Hidata                             idata         00000
__HidataBANK0                        idataBANK0    00000
__Hidloc                             idloc         00000
__Hifardata                          ifardata      00000
__Hinit                              init          0003A
__Hintcode                           intcode       0000E
__Hintcode_body                      intcode_body  00000
__Hintcodelo                         intcodelo     0003A
__Hintentry                          intentry      00000
__Hintret                            intret        00000
__Hintsave_regs                      intsave_regs  00000
__Hirdata                            irdata        00000
__Hjflash_buffer                     jflash_buffer 1F800
__Hmediumconst                       mediumconst   00000
__HnvBANK2                           nvBANK2       00000
__HnvFARRAM                          nvFARRAM      00000
__Hnvbit                             nvbit         00000
__Hnvrram                            nvrram        00000
__Hpa_nodes                          pa_nodes      00000
__Hparam                             rparam        00000
__Hpowerup                           powerup       0003A
__Hram                               ram           00000
__Hramtop                            ramtop        01000
__Hrbit                              rbit          00000
__Hrbss                              rbss          00000
__Hrdata                             rdata         00000
__Hreset_vec                         reset_vec     00004
__Hrparam                            rparam        00000
__Hsfr                               sfr           00000
__Hsmallconst                        smallconst    010FA
__Hspace_0                           (abs)         1FFFE
__Hspace_1                           (abs)         003B8
__Hspace_2                           (abs)         00000
__Hstack                             stack         00000
__Hstruct                            struct        00000
__Htemp                              temp          0004A
__Htext                              text          00000
__Htext0                             text0         00000
__Htext1                             text1         00000
__Htext10                            text10        00000
__Htext100                           text100       00000
__Htext101                           text101       00000
__Htext102                           text102       00000
__Htext103                           text103       00000
__Htext104                           text104       00000
__Htext106                           text106       00000
__Htext107                           text107       00000
__Htext108                           text108       00000
__Htext109                           text109       00000
__Htext11                            text11        00000
__Htext110                           text110       00000
__Htext112                           text112       00000
__Htext113                           text113       00000
__Htext12                            text12        00000
__Htext13                            text13        00000
__Htext14                            text14        00000
__Htext15                            text15        00000
__Htext16                            text16        00000
__Htext17                            text17        00000
__Htext18                            text18        00000
__Htext19                            text19        00000
__Htext2                             text2         00000
__Htext20                            text20        00000
__Htext21                            text21        00000
__Htext22                            text22        00000
__Htext23                            text23        00000
__Htext24                            text24        00000
__Htext25                            text25        00000
__Htext26                            text26        00000
__Htext27                            text27        00000
__Htext28                            text28        00000
__Htext29                            text29        00000
__Htext3                             text3         00000
__Htext30                            text30        00000
__Htext31                            text31        00000
__Htext32                            text32        00000
__Htext33                            text33        00000
__Htext34                            text34        00000
__Htext35                            text35        00000
__Htext36                            text36        00000
__Htext37                            text37        00000
__Htext38                            text38        00000
__Htext39                            text39        00000
__Htext4                             text4         00000
__Htext40                            text40        00000
__Htext41                            text41        00000
__Htext42                            text42        00000
__Htext43                            text43        00000
__Htext44                            text44        00000
__Htext45                            text45        00000
__Htext46                            text46        00000
__Htext47                            text47        00000
__Htext48                            text48        00000
__Htext49                            text49        00000
__Htext5                             text5         00000
__Htext50                            text50        00000
__Htext51                            text51        00000
__Htext52                            text52        00000
__Htext53                            text53        00000
__Htext54                            text54        00000
__Htext55                            text55        00000
__Htext56                            text56        00000
__Htext57                            text57        00000
__Htext58                            text58        00000
__Htext59                            text59        00000
__Htext6                             text6         00000
__Htext60                            text60        00000
__Htext61                            text61        00000
__Htext62                            text62        00000
__Htext63                            text63        00000
__Htext64                            text64        00000
__Htext65                            text65        00000
__Htext66                            text66        00000
__Htext67                            text67        00000
__Htext68                            text68        00000
__Htext69                            text69        00000
__Htext7                             text7         00000
__Htext70                            text70        00000
__Htext71                            text71        00000
__Htext72                            text72        00000
__Htext73                            text73        00000
__Htext74                            text74        00000
__Htext75                            text75        00000
__Htext76                            text76        00000
__Htext77                            text77        00000
__Htext78                            text78        00000
__Htext79                            text79        00000
__Htext8                             text8         00000
__Htext80                            text80        00000
__Htext81                            text81        00000
__Htext82                            text82        00000
__Htext83                            text83        00000
__Htext84                            text84        00000
__Htext85                            text85        00000
__Htext86                            text86        00000
__Htext87                            text87        00000
__Htext88                            text88        00000
__Htext89                            text89        00000
__Htext9                             text9         00000
__Htext90                            text90        00000
__Htext91                            text91        00000
__Htext92                            text92        00000
__Htext93                            text93        00000
__Htext94                            text94        00000
__Htext95                            text95        00000
__Htext96                            text96        00000
__Htext97                            text97        00000
__Htext98                            text98        00000
__Htext99                            text99        00000
__LRAM                               (abs)         00001
__Labs1                              abs1          00000
__Lbank0                             bank0         00000
__Lbank1                             bank1         00000
__Lbank10                            bank10        00000
__Lbank11                            bank11        00000
__Lbank12                            bank12        00000
__Lbank13                            bank13        00000
__Lbank14                            bank14        00000
__Lbank15                            bank15        00000
__Lbank2                             bank2         00000
__Lbank3                             bank3         00000
__Lbank4                             bank4         00000
__Lbank5                             bank5         00000
__Lbank6                             bank6         00000
__Lbank7                             bank7         00000
__Lbank8                             bank8         00000
__Lbank9                             bank9         00000
__Lbigbss                            bigbss        00000
__Lbigdata                           bigdata       00000
__Lbigram                            bigram        00000
__Lbss                               bss           00000
__LbssBANK1                          bssBANK1      00000
__LbssBANK2                          bssBANK2      00000
__LbssBANK3                          bssBANK3      00000
__LbssCOMRAM                         bssCOMRAM     00000
__Lcinit                             cinit         00000
__Lclrtext                           clrtext       00000
__Lcomram                            comram        00000
__Lconfig                            config        1FFF8
__Lconst                             const         00000
__LcstackBANK0                       cstackBANK0   00000
__LcstackBANK1                       cstackBANK1   00000
__LcstackBANK2                       cstackBANK2   00000
__LcstackCOMRAM                      cstackCOMRAM  00000
__Ldata                              data          00000
__LdataBANK0                         dataBANK0     00000
__Lend_init                          end_init      0003A
__Lfarbss                            farbss        00000
__Lfardata                           fardata       00000
__Libigdata                          ibigdata      00000
__Lidata                             idata         00000
__LidataBANK0                        idataBANK0    00000
__Lidloc                             idloc         00000
__Lifardata                          ifardata      00000
__Linit                              init          0003A
__Lintcode                           intcode       00008
__Lintcode_body                      intcode_body  00000
__Lintcodelo                         intcodelo     00018
__Lintentry                          intentry      00000
__Lintret                            intret        00000
__Lintsave_regs                      intsave_regs  00000
__Lirdata                            irdata        00000
__Ljflash_buffer                     jflash_buffer 1F800
__Lmediumconst                       mediumconst   00000
__LnvBANK2                           nvBANK2       00000
__LnvFARRAM                          nvFARRAM      00000
__Lnvbit                             nvbit         00000
__Lnvrram                            nvrram        00000
__Lpa_nodes                          pa_nodes      00000
__Lparam                             rparam        00000
__Lpowerup                           powerup       0003A
__Lram                               ram           00000
__Lramtop                            ramtop        01000
__Lrbit                              rbit          00000
__Lrbss                              rbss          00000
__Lrdata                             rdata         00000
__Lreset_vec                         reset_vec     00000
__Lrparam                            rparam        00000
__Lsfr                               sfr           00000
__Lsmallconst                        smallconst    01000
__Lspace_0                           (abs)         00000
__Lspace_1                           (abs)         00000
__Lspace_2                           (abs)         00000
__Lstack                             stack         00000
__Lstruct                            struct        00000
__Ltemp                              temp          00049
__Ltext                              text          00000
__Ltext0                             text0         00000
__Ltext1                             text1         00000
__Ltext10                            text10        00000
__Ltext100                           text100       00000
__Ltext101                           text101       00000
__Ltext102                           text102       00000
__Ltext103                           text103       00000
__Ltext104                           text104       00000
__Ltext106                           text106       00000
__Ltext107                           text107       00000
__Ltext108                           text108       00000
__Ltext109                           text109       00000
__Ltext11                            text11        00000
__Ltext110                           text110       00000
__Ltext112                           text112       00000
__Ltext113                           text113       00000
__Ltext12                            text12        00000
__Ltext13                            text13        00000
__Ltext14                            text14        00000
__Ltext15                            text15        00000
__Ltext16                            text16        00000
__Ltext17                            text17        00000
__Ltext18                            text18        00000
__Ltext19                            text19        00000
__Ltext2                             text2         00000
__Ltext20                            text20        00000
__Ltext21                            text21        00000
__Ltext22                            text22        00000
__Ltext23                            text23        00000
__Ltext24                            text24        00000
__Ltext25                            text25        00000
__Ltext26                            text26        00000
__Ltext27                            text27        00000
__Ltext28                            text28        00000
__Ltext29                            text29        00000
__Ltext3                             text3         00000
__Ltext30                            text30        00000
__Ltext31                            text31        00000
[...]
		None               void
 Registers used:
		wreg, status,2, status,0
 Tracked objects:
		On entry : 
		On exit  : 
		Unchanged: 
 Data sizes:     COMRAM   BANK0   BANK1   BANK2   BANK3   BANK4   BANK5   BANK6   BANK7   BANK8   BANK9  BANK10  BANK11  BANK12  BANK13  BANK14  BANK15
      Params:         0       0       0       0       0       0       0       0       0       0       0       0       0       0       0       0       0
      Locals:         0       0       0       0       0       0       0       0       0       0       0       0       0       0       0       0       0
      Temps:          0       0       0       0       0       0       0       0       0       0       0       0       0       0       0       0       0
      Totals:         0       0       0       0       0       0       0       0       0       0       0       0       0       0       0       0       0
Total ram usage:        0 bytes
 Hardware stack levels used:    1
 This function calls:
		Nothing
 This function is called by:
		_high_isr
 This function uses a non-reentrant model



MODULE INFORMATION

Module		Function		Class		Link	Load	Size
C:\Program Files (x86)\Microchip\xc8\v1.35\sources\common\printf.c
		_printf        		CODE           	6502	0000	37

C:\Program Files (x86)\Microchip\xc8\v1.35\sources\common\printf.c estimated size: 37

../board_support_package/picdem2_net/rtcc.c
		_rtcc_handler  		CODE           	6442	0000	41
		_rtcc_init     		CODE           	614A	0000	57
		_time          		CODE           	5CA4	0000	85

../board_support_package/picdem2_net/rtcc.c estimated size: 183

../board_support_package/picdem2_net/uart.c
		_putch         		CODE           	6630	0000	27
		_uart_init     		CODE           	667C	0000	23

../board_support_package/picdem2_net/uart.c estimated size: 50

C:\Program Files (x86)\Microchip\xc8\v1.35\sources\common\isdigit.c
		_isdigit       		CODE           	65DE	0000	29

C:\Program Files (x86)\Microchip\xc8\v1.35\sources\common\isdigit.c estimated size: 29

../board_support_package/picdem2_net/hardware.c
		_initHW        		CODE           	6182	0000	55

../board_support_package/picdem2_net/hardware.c estimated size: 55

../../TCPIP Library/source/icmp.c
		_ICMP_Receive  		CODE           	5ECC	0000	69
		_ICMP_EchoReply		CODE           	4A94	0000	265

../../TCPIP Library/source/icmp.c estimated size: 334

C:\Program Files (x86)\Microchip\xc8\v1.35\sources\common\strlen.c
		_strlen        		CODE           	641A	0000	41

C:\Program Files (x86)\Microchip\xc8\v1.35\sources\common\strlen.c estimated size: 41

../board_support_package/picdem2_net/led_driver.c
		_LED_Init      		CODE           	6526	0000	33

../board_support_package/picdem2_net/led_driver.c estimated size: 33

../../TCPIP Library/source/syslog.c
		_SYSLOG_Init   		CODE           	628C	0000	47
		_SYSLOG_Write  		CODE           	646A	0000	39

../../TCPIP Library/source/syslog.c estimated size: 86

C:\Program Files (x86)\Microchip\xc8\v1.35\sources\common\sprintf.c
		_sprintf       		CODE           	62E8	0000	47

C:\Program Files (x86)\Microchip\xc8\v1.35\sources\common\sprintf.c estimated size: 47

C:\Program Files (x86)\Microchip\xc8\v1.35\sources\common\memset.c
		_memset        		CODE           	63C6	0000	43

C:\Program Files (x86)\Microchip\xc8\v1.35\sources\common\memset.c estimated size: 43

../../TCPIP Library/source/mac_address.c
		_MAC_getAddress		CODE           	6742	0000	5

../../TCPIP Library/source/mac_address.c estimated size: 5

C:\Program Files (x86)\Microchip\xc8\v1.35\sources\common\lwmod.c
		___lwmod       		CODE           	610C	0000	63

C:\Program Files (x86)\Microchip\xc8\v1.35\sources\common\lwmod.c estimated size: 63

../../TCPIP Library/source/ipv4.c
		_IPV4_GetMyIP  		CODE           	66A8	0000	19
		_IPV4_Send     		CODE           	5B22	0000	103
		_IPV4_Packet   		CODE           	3858	0000	467
		_IPV4_PseudoHeaderChecksum		CODE           	55CE	0000	153
		_IPv4_Start    		CODE           	4644	0000	377
		_IPV4_Init     		CODE           	6712	0000	11

../../TCPIP Library/source/ipv4.c estimated size: 1130

C:\Program Files (x86)\Microchip\xc8\v1.35\sources\common\doprnt.c
		__doprnt       		CODE           	2CC2	0000	973

C:\Program Files (x86)\Microchip\xc8\v1.35\sources\common\doprnt.c estimated size: 973

../../TCPIP Library/source/udpv4.c
		_UDP_Receive   		CODE           	504E	0000	197
		_UDP_Send      		CODE           	581E	0000	113
		_UDP_Start     		CODE           	5D98	0000	79

../../TCPIP Library/source/udpv4.c estimated size: 389

../../TCPIP Library/source/dhcp_client.c
		_DHCP_Handler  		CODE           	3DBE	0000	589
		_DHCP_Request  		CODE           	4492	0000	393
		_DHCP_WriteZeros		CODE           	6664	0000	25
		_DHCP_Manage   		CODE           	58AA	0000	129

../../TCPIP Library/source/dhcp_client.c estimated size: 1136

shared
		PL439          		CODE           	2A5A	0000	85
		PL629          		CODE           	5520	0000	17
		PL477          		CODE           	24D6	0000	9
		PL667          		CODE           	592A	0000	11
		PL539          		CODE           	2B0A	0000	29
		PL387          		CODE           	22F4	0000	25
		PL729          		CODE           	4BDE	0000	11
		PL577          		CODE           	30F0	0000	9
		_dhcpName      		SMALLCONST     	1013	0000	22
		PL449          		CODE           	2470	0000	9
		PL639          		CODE           	2576	0000	11
		PL487          		CODE           	30D0	0000	15
		PL677          		CODE           	65B6	0000	13
		i1_ETH_EventHandler		CODE           	6224	0000	55
		PL549          		CODE           	4456	0000	27
		PL397          		CODE           	2338	0000	13
		PL739          		CODE           	3B3C	0000	11
		PL587          		CODE           	5B88	0000	11
		PL459          		CODE           	249C	0000	27
		PL649          		CODE           	447A	0000	15
		PL497          		CODE           	37D2	0000	41
		PL687          		CODE           	311C	0000	11
		PL559          		CODE           	2B8E	0000	27
		PL749          		CODE           	53DE	0000	9
		PL597          		CODE           	4264	0000	15
		PL469          		CODE           	30C8	0000	9
		PL659          		CODE           	310E	0000	15
		PL697          		CODE           	4F38	0000	11
		PL569          		CODE           	3ADE	0000	27
		PL759          		CODE           	5488	0000	9
		PL479          		CODE           	24DE	0000	9
		PL669          		CODE           	4A72	0000	13
		PL401          		CODE           	2344	0000	29
		PL389          		CODE           	230C	0000	11
		PL579          		CODE           	4BBC	0000	25
		_macAddress    		SMALLCONST     	102E	0000	7
		PL501          		CODE           	3A8A	0000	41
		PL489          		CODE           	4D0C	0000	9
		PL679          		CODE           	60C0	0000	13
		PL411          		CODE           	424A	0000	27
		PL601          		CODE           	5112	0000	21
		PL399          		CODE           	4916	0000	27
		PL589          		CODE           	4A5C	0000	23
		_dpowers       		SMALLCONST     	1001	0000	11
		i1_ETH_CheckLinkUp		CODE           	6344	0000	47
		PL511          		CODE           	4B9C	0000	33
		PL701          		CODE           	2C94	0000	11
		PL499          		CODE           	251C	0000	19
		PL689          		CODE           	3126	0000	11
		PL421          		CODE           	3760	0000	115
		PL611          		CODE           	2C02	0000	19
		PL599          		CODE           	34E0	0000	21
		PL521          		CODE           	30DE	0000	19
		PL711          		CODE           	384E	0000	11
		PL699          		CODE           	3B28	0000	11
		PL431          		CODE           	241A	0000	9
		PL621          		CODE           	5042	0000	13
		PL531          		CODE           	2AEE	0000	29
		PL721          		CODE           	6080	0000	11
		PL403          		CODE           	2360	0000	19
		PL441          		CODE           	2422	0000	27
		PL631          		CODE           	2C48	0000	11
		PL503          		CODE           	2AD6	0000	11
		PL541          		CODE           	3AC4	0000	27
		PL731          		CODE           	4A8A	0000	11
		PL413          		CODE           	442C	0000	29
		PL603          		CODE           	61E4	0000	11
		PL451          		CODE           	2478	0000	9
		PL641          		CODE           	2580	0000	15
		_UDP_CallBackTable		SMALLCONST     	1034	0000	6
		PL513          		CODE           	2538	0000	9
		PL703          		CODE           	3502	0000	11
		PL551          		CODE           	3D68	0000	27
		PL741          		CODE           	3B46	0000	11
		PL423          		CODE           	23E4	0000	11
		PL613          		CODE           	2C14	0000	19
		PL461          		CODE           	30A6	0000	13
		PL651          		CODE           	2C70	0000	15
		PL523          		CODE           	3AB2	0000	19
		PL713          		CODE           	5F46	0000	9
		PL561          		CODE           	2BA8	0000	27
		PL751          		CODE           	6286	0000	7
		__initialization		CODE           	5E34	0000	67
		PL433          		CODE           	3A2A	0000	97
		PL623          		CODE           	2566	0000	17
		PL471          		CODE           	24C2	0000	11
		PL661          		CODE           	4272	0000	11
		PL533          		CODE           	588E	0000	29
		PL723          		CODE           	2CA8	0000	9
		PL571          		CODE           	3AF8	0000	17
		PL761          		CODE           	2CBA	0000	9
		PL405          		CODE           	2372	0000	65
		PL443          		CODE           	243C	0000	27
		PL633          		CODE           	2C52	0000	17
		PL481          		CODE           	24E6	0000	19
		PL671          		CODE           	2C88	0000	13
		PL505          		CODE           	5786	0000	11
		PL543          		CODE           	4448	0000	15
		PL391          		CODE           	2A40	0000	27
		PL733          		CODE           	3130	0000	11
		PL581          		CODE           	2BDC	0000	25
		PL415          		CODE           	23CC	0000	9
		PL605          		CODE           	5B0E	0000	11
		PL453          		CODE           	4E12	0000	25
		PL643          		CODE           	51D0	0000	15
		PL491          		CODE           	250A	0000	19
		PL681          		CODE           	6390	0000	13
		PL515          		CODE           	2540	0000	9
		PL705          		CODE           	350C	0000	11
		PL553          		CODE           	2B40	0000	27
		PL743          		CODE           	401C	0000	9
		PL591          		CODE           	3844	0000	11
		i1_PHY_WaitForBusy		CODE           	0000	0000	1
		PL425          		CODE           	23EE	0000	29
		PL615          		CODE           	2C26	0000	19
		PL463          		CODE           	30B2	0000	11
		PL653          		CODE           	4636	0000	15
		PL691          		CODE           	4488	0000	11
		PL525          		CODE           	461A	0000	19
		PL715          		CODE           	5286	0000	11
		PL563          		CODE           	2BC2	0000	27
		PL753          		CODE           	5F56	0000	9
		_hexpowers     		SMALLCONST     	100B	0000	9
		PL435          		CODE           	3440	0000	95
		PL625          		CODE           	2C38	0000	17
		PL473          		CODE           	24CC	0000	11
		PL663          		CODE           	527C	0000	11
		PL535          		CODE           	34C6	0000	27
		PL725          		CODE           	55C2	0000	7
		PL573          		CODE           	3D9C	0000	25
		PL407          		CODE           	23B2	0000	27
		PL445          		CODE           	2456	0000	27
		PL635          		CODE           	462C	0000	11
		PL483          		CODE           	24F8	0000	19
		PL673          		CODE           	6218	0000	13
		_broadcastMAC  		SMALLCONST     	1028	0000	7
		PL507          		CODE           	252E	0000	11
		PL545          		CODE           	2550	0000	15
		PL393          		CODE           	2316	0000	9
		PL735          		CODE           	313A	0000	11
		PL583          		CODE           	30F8	0000	9
		i1_PHY_Read    		CODE           	53E6	0000	163
		PL417          		CODE           	23D4	0000	9
		PL607          		CODE           	5A96	0000	11
		PL455          		CODE           	2480	0000	15
		PL645          		CODE           	5274	0000	9
		PL493          		CODE           	3D40	0000	41
		PL683          		CODE           	4A7E	0000	13
		PL517          		CODE           	380E	0000	29
		PL707          		CODE           	2C9E	0000	11
		PL555          		CODE           	2B5A	0000	27
		PL745          		CODE           	5F4E	0000	9
		PL593          		CODE           	3B08	0000	23
		PL427          		CODE           	240A	0000	9
		PL617          		CODE           	255E	0000	9
		PL465          		CODE           	30BC	0000	13
		PL655          		CODE           	3100	0000	15
		PL693          		CODE           	258E	0000	11
		PL527          		CODE           	2AE0	0000	15
		PL717          		CODE           	4E2A	0000	11
		PL565          		CODE           	4A2A	0000	27
		PL755          		CODE           	5F5E	0000	7
		PL437          		CODE           	308E	0000	25
		PL627          		CODE           	4BD4	0000	11
		PL475          		CODE           	49F4	0000	55
		PL665          		CODE           	2C7E	0000	11
		PL537          		CODE           	56F4	0000	11
		PL727          		CODE           	2CB0	0000	11
		PL575          		CODE           	4A44	0000	25
		PL409          		CODE           	3426	0000	27
		PL447          		CODE           	2AAE	0000	15
		PL637          		CODE           	4470	0000	11
		PL485          		CODE           	2ABC	0000	27
		PL675          		CODE           	59AC	0000	13
		PL509          		CODE           	37FA	0000	21
		PL547          		CODE           	2B26	0000	27
		PL395          		CODE           	231E	0000	27
		PL737          		CODE           	3DB4	0000	11
		PL585          		CODE           	5D32	0000	23
		PL419          		CODE           	23DC	0000	9
		PL609          		CODE           	400A	0000	19
		PL457          		CODE           	248E	0000	15
		PL647          		CODE           	2C62	0000	15
		PL495          		CODE           	349E	0000	41
		PL685          		CODE           	3B1E	0000	11
		PL519          		CODE           	2548	0000	9
		PL709          		CODE           	3B32	0000	11
		PL557          		CODE           	2B74	0000	27
		PL747          		CODE           	55C8	0000	7
		PL595          		CODE           	2BF4	0000	15
		i1_ETH_readLinkStatus		CODE           	0000	0000	1
		PL429          		CODE           	2412	0000	9
		PL619          		CODE           	5AA0	0000	13
		PL467          		CODE           	24B6	0000	13
		PL657          		CODE           	34F4	0000	15
		PL695          		CODE           	47BC	0000	11
		PL529          		CODE           	382A	0000	27
		PL719          		CODE           	5B18	0000	11
		PL567          		CODE           	3D82	0000	27
		PL757          		CODE           	5F10	0000	9

shared estimated size: 3910

../board_support_package/picdem2_net/adc.c
		_ADC_Initialize		CODE           	6692	0000	23
		_ADC_GetConversion		CODE           	6316	0000	47

../board_support_package/picdem2_net/adc.c estimated size: 70

../../TCPIP Library/source/tcpv4.c
		_TCP_InsertRxBuffer		CODE           	5A36	0000	97
		_TCP_FiniteStateMachine		CODE           	10FA	0000	4603
		_TCB_Check     		CODE           	59B8	0000	127
		_TCP_ParseTCPOptions		CODE           	4E34	0000	261
		_TCB_Reset     		CODE           	47C6	0000	337
		_TCP_GetReceivedData		CODE           	5AAC	0000	99
		_TCP_Connect   		CODE           	51DE	0000	151
		_TCP_Init      		CODE           	65C2	0000	29
		_TCP_Send      		CODE           	5666	0000	143
		_TCP_SendDone  		CODE           	63F0	0000	43
		_TCP_SocketPoll		CODE           	64DC	0000	39
		_TCP_SocketInit		CODE           	56FE	0000	137
		_TCP_Snd       		CODE           	2598	0000	1193
		_TCB_Insert    		CODE           	6042	0000	63
		_TCP_PayloadSave		CODE           	427C	0000	433
		_TCP_Recv      		CODE           	3144	0000	739
		_TCP_Update    		CODE           	4024	0000	551

../../TCPIP Library/source/tcpv4.c estimated size: 9045

C:\Program Files (x86)\Microchip\xc8\v1.35\sources\common\memcmp.c
		_memcmp        		CODE           	5E80	0000	77

C:\Program Files (x86)\Microchip\xc8\v1.35\sources\common\memcmp.c estimated size: 77

C:\Program Files (x86)\Microchip\xc8\v1.35\sources\common\lwdiv.c
		___lwdiv       		CODE           	5FB0	0000	75

C:\Program Files (x86)\Microchip\xc8\v1.35\sources\common\lwdiv.c estimated size: 75

../board_support_package/picdem2_net/lcd_hw.c
		_lcd_write_data		CODE           	6546	0000	33
		_lcd_write_ctrl		CODE           	6566	0000	33
		_lcd_busy      		CODE           	671C	0000	11
		_lcd_init_pins 		CODE           	66FE	0000	11

../board_support_package/picdem2_net/lcd_hw.c estimated size: 88

C:\Program Files (x86)\Microchip\xc8\v1.35\sources\common\Umul16.c
		___wmul        		CODE           	64B6	0000	39

C:\Program Files (x86)\Microchip\xc8\v1.35\sources\common\Umul16.c estimated size: 39

../../TCPIP Library/source/arpv4.c
		_ARPV4_Packet  		CODE           	3516	0000	587
		_ARPV4_Init    		CODE           	6616	0000	27
		_ARPV4_Lookup  		CODE           	5DE6	0000	79
		_ARPV4_Update  		CODE           	639C	0000	43
		_ARPV4_Request 		CODE           	4930	0000	197

../../TCPIP Library/source/arpv4.c estimated size: 933

main.c
		_main          		CODE           	4F42	0000	257
		_DEMO_TCP_Client		CODE           	3B50	0000	497
		_high_isr      		CODE           	0008	0000	15
		_low_isr       		CODE           	0018	0000	35

main.c estimated size: 804

../../TCPIP Library/ethernet_drivers/j60_driver.c
		_ETH_EdataRead 		CODE           	0000	0000	1
		_PHY_Read      		CODE           	533C	0000	163
		_ETH_ComputeChecksum		CODE           	5490	0000	145
		_ETH_EdataWrite		CODE           	0000	0000	1
		_ETH_CheckLinkUp		CODE           	625A	0000	45
		_ETH_Write8    		CODE           	6726	0000	11
		_ETH_Write32   		CODE           	664A	0000	27
		_ETH_Write16   		CODE           	66E4	0000	15
		_ETH_Insert    		CODE           	60CC	0000	65
		_ETH_Read8     		CODE           	6372	0000	31
		_ETH_Read32    		CODE           	5BF6	0000	89
		_ETH_Read16    		CODE           	608A	0000	55
		_ETH_Init      		CODE           	4BE8	0000	293
		_ETH_RxComputeChecksum		CODE           	5FFA	0000	73
		_ETH_NextPacketUpdate		CODE           	5C4E	0000	87
		_ETH_Flush     		CODE           	5CF8	0000	59
		_ETH_WriteBlock		CODE           	5F64	0000	77
		_ETH_Send      		CODE           	61EE	0000	43
		_ETH_WriteStart		CODE           	4D14	0000	255
		_ETH_ReadBlock 		CODE           	5B92	0000	101
		_ETH_Copy      		CODE           	5126	0000	171
		_ETH_GetMAC    		CODE           	61B8	0000	45
		_PHY_WaitForBusy		CODE           	0000	0000	1
		_ETH_ResetByteCount		CODE           	6730	0000	11
		_ETH_SaveRDPT  		CODE           	6708	0000	11
		_ETH_Dump      		CODE           	62BA	0000	47
		_ETH_GetByteCount		CODE           	6586	0000	31
		_ETH_readLinkStatus		CODE           	0000	0000	1
		_ETH_TxComputeChecksum		CODE           	5790	0000	143
		_PHY_Write     		CODE           	5D48	0000	81
		_ETH_EventHandler		CODE           	5F18	0000	47

../../TCPIP Library/ethernet_drivers/j60_driver.c estimated size: 2225

../board_support_package/picdem2_net/lcd.c
		_lcd_puts      		CODE           	65A4	0000	19
		_lcd_putch     		CODE           	65FA	0000	29
		_lcd_goto1     		CODE           	66BA	0000	15
		_lcd_goto2     		CODE           	66D6	0000	15
		_lcd_init      		CODE           	5530	0000	147

../board_support_package/picdem2_net/lcd.c estimated size: 225

../board_support_package/picdem2_net/mssp_spi_master.c
		_spi_init      		CODE           	66F2	0000	13

../board_support_package/picdem2_net/mssp_spi_master.c estimated size: 13

../../TCPIP Library/source/network.c
		_Network_Read  		CODE           	5290	0000	173
		_Network_Init  		CODE           	6490	0000	39
		_Network_WaitForLink		CODE           	66C8	0000	15
		_Network_Manage		CODE           	5934	0000	121

../../TCPIP Library/source/network.c estimated size: 348

