Microchip MPLAB XC8 Compiler V1.35 ()

Linker command line:

--edf=C:\Program Files (x86)\Microchip\xc8\v1.35\dat\en_msgs.txt \
  --msgdisable=1467:Off; -cs \
  -h+dist/PICDEM.net2_ENCx24J600_SPI/production\udpDEMO.X.production.sym \
  --cmf=dist/PICDEM.net2_ENCx24J600_SPI/production\udpDEMO.X.production.cmf \
  -z -Q18F97J60 -oC:\Users\c16008\AppData\Local\Temp\sd0c.2 \
  -Mdist/PICDEM.net2_ENCx24J600_SPI/production/udpDEMO.X.production.map -E1 \
  -ver=XC8 -ASTACK=02F9h-0e7fh -pstack=STACK -ACODE=00h-01FFF7h \
  -ACONST=00h-01FFF7h -ASMALLCONST=01000h-010FFhx495,01FF00h-01FFF7h \
  -AMEDIUMCONST=01000h-0FFFFh,011000h-01FFF7h -ACOMRAM=01h-05Fh \
  -AABS1=00h-0E7Fh,0F00h-0F5Fh -ABIGRAM=01h-0E7Fh,0F00h-0F5Fh \
  -ARAM=060h-0FFh,0100h-01FFhx13,0E00h-0E7Fh,0F00h-0F5Fh -ABANK0=060h-0FFh \
  -ABANK1=0100h-01FFh -ABANK2=0200h-02FFh -ABANK3=0300h-03FFh \
  -ABANK4=0400h-04FFh -ABANK5=0500h-05FFh -ABANK6=0600h-06FFh \
  -ABANK7=0700h-07FFh -ABANK8=0800h-08FFh -ABANK9=0900h-09FFh \
  -ABANK10=0A00h-0AFFh -ABANK11=0B00h-0BFFh -ABANK12=0C00h-0CFFh \
  -ABANK13=0D00h-0DFFh -ABANK14=0E00h-0E7Fh -ABANK15=0F00h-0F5Fh \
  -ASFR=0E80h-0EFFh,0F60h-0FFFh \
  -preset_vec=00h,intcode=08h,intcodelo=018h,powerup,init,end_init \
  -pramtop=01000h -psmallconst=SMALLCONST -pmediumconst=MEDIUMCONST \
  -pconst=CONST -AFARRAM=00h-00h -ACONFIG=01FFF8h-01FFFDh -pconfig=CONFIG \
  -pjflash_buffer=01F800h \
  -prdata=COMRAM,nvrram=COMRAM,nvbit=COMRAM,rbss=COMRAM,rbit=COMRAM \
  -pfarbss=FARRAM,fardata=FARRAM,nvFARRAM=FARRAM \
  -pintsave_regs=BIGRAM,bigbss=BIGRAM,bigdata=BIGRAM -pbss=RAM \
  -pidata=CODE,irdata=CODE,ibigdata=CODE,ifardata=CODE -prparam=COMRAM \
  C:\Users\c16008\AppData\Local\Temp\sd0c.obj \
  dist/PICDEM.net2_ENCx24J600_SPI/production\udpDEMO.X.production.obj 

Object code version is 3.11

Machine type is 18F97J60

Call graph: (short form)




                Name                               Link     Load   Length Selector   Space Scale
C:\Users\c16008\AppData\Local\Temp\sd0c.obj
                end_init                             28       28        4        C       0
                reset_vec                             0        0        4        0       0
                config                            1FFF8    1FFF8        6    1FFF8       0
dist/PICDEM.net2_ENCx24J600_SPI/production\udpDEMO.X.production.obj
                intcodelo                            18       18       10        C       0
                intcode                               8        8        6        4       0
                temp                                 5E       5E        1        1       1
                smallconst                         1000     1000       B4      800       0
                text118                            62B0     62B0       28      85A       0
                intcode_body                       664A     664A        8      85A       0
                text115                            6642     6642        8      85A       0
                text114                            6540     6540       16      85A       0
                text113                            61AE     61AE       2E      85A       0
                text112                            64B2     64B2       1A      85A       0
                text111                            65E6     65E6        E      85A       0
                text110                            5A4E     5A4E       56      85A       0
                text109                            5E08     5E08       4A      85A       0
                text108                            642A     642A       1E      85A       0
                text107                            5E52     5E52       42      85A       0
                text106                            5BA0     5BA0       54      85A       0
                text105                            6618     6618        C      85A       0
                text104                            638A     638A       22      85A       0
                text103                            5F54     5F54       40      85A       0
                text102                            5F14     5F14       40      85A       0
                text100                            52E2     52E2       A8      85A       0
                text99                             5930     5930       6C      85A       0
                text98                             57C6     57C6       8A      85A       0
                text97                             659E     659E       10      85A       0
                text96                             5C42     5C42       4E      85A       0
                text95                             6010     6010       3C      85A       0
                text94                             59F8     59F8       56      85A       0
                text93                             6322     6322       24      85A       0
                text92                             5B4C     5B4C       54      85A       0
                text91                             5AF8     5AF8       54      85A       0
                text90                             495E     495E      162      85A       0
                text89                             6288     6288       28      85A       0
                text88                             6498     6498       1A      85A       0
                text87                             466E     466E      186      85A       0
                text86                             5BF4     5BF4       4E      85A       0
                text83                             5086     5086       F2      85A       0
                text82                             657C     657C       12      85A       0
                text81                             647E     647E       1A      85A       0
                text80                             6180     6180       2E      85A       0
                text79                             5ED4     5ED4       40      85A       0
                text77                             60EE     60EE       34      85A       0
                text76                             58C0     58C0       70      85A       0
                text75                             4D4E     4D4E      122      85A       0
                text74                             660C     660C        C      85A       0
                text73                             65D8     65D8        E      85A       0
                text72                             5AA4     5AA4       54      85A       0
                text71                             6368     6368       22      85A       0
                text70                             625E     625E       2A      85A       0
                text69                             64FC     64FC       18      85A       0
                text68                             44BC     44BC      1B2      85A       0
                text67                             569C     569C       98      85A       0
                text66                             5E94     5E94       40      85A       0
                text65                             538A     538A       A6      85A       0
                text64                             5734     5734       92      85A       0
                text63                             34A8     34A8      340      85A       0
                text62                             6600     6600        C      85A       0
                text61                             60BA     60BA       34      85A       0
                text60                             64E4     64E4       18      85A       0
                text59                             5850     5850       70      85A       0
                text58                             5178     5178       BE      85A       0
                text57                             556A     556A       9A      85A       0
                text56                             658E     658E       10      85A       0
                text55                             4AC0     4AC0      156      85A       0
                text54                             5D28     5D28       4C      85A       0
                text53                             5604     5604       98      85A       0
                text52                             47F4     47F4      16A      85A       0
                text51                             2544     2544      754      85A       0
                text50                             4294     4294      228      85A       0
                text49                             10B4     10B4     1490      85A       0
                text48                             5DBE     5DBE       4A      85A       0
                text47                             5CDC     5CDC       4C      85A       0
                text46                             6122     6122       30      85A       0
                text45                             4E70     4E70      10E      85A       0
                text44                             2C98     2C98      420      85A       0
                text43                             6556     6556       14      85A       0
                text42                             64CC     64CC       18      85A       0
                text41                             656A     656A       12      85A       0
                text40                             6638     6638        A      85A       0
                text36                             63EC     63EC       20      85A       0
                text35                             6346     6346       22      85A       0
                text34                             662E     662E        A      85A       0
                text33                             65CA     65CA        E      85A       0
                text32                             65BC     65BC        E      85A       0
                text31                             63CC     63CC       20      85A       0
                text30                             6448     6448       1C      85A       0
                text29                             640C     640C       1E      85A       0
                text28                             6234     6234       2A      85A       0
                text27                             599C     599C       5C      85A       0
                text26                             5C90     5C90       4C      85A       0
                text25                             3DE2     3DE2      264      85A       0
                text24                             6208     6208       2C      85A       0
                text23                             30B8     30B8      3F0      85A       0
                text22                             4F7E     4F7E      108      85A       0
                text21                             37E8     37E8      30A      85A       0
                text20                             5D74     5D74       4A      85A       0
                text19                             5FD2     5FD2       3E      85A       0
                text18                             6464     6464       1A      85A       0
                text17                             3AF2     3AF2      2F0      85A       0
                text16                             61DC     61DC       2C      85A       0
                text15                             5236     5236       AC      85A       0
                text14                             4046     4046      24E      85A       0
                text13                             54CE     54CE       9C      85A       0
                text12                             65AE     65AE        E      85A       0
                text11                             62FE     62FE       24      85A       0
                text10                             6152     6152       2E      85A       0
                text9                              62D8     62D8       26      85A       0
                text8                              652A     652A       16      85A       0
                text7                              63AC     63AC       20      85A       0
                text6                              6624     6624        A      85A       0
                text5                              5430     5430       9E      85A       0
                text4                              604C     604C       38      85A       0
                text3                              65F4     65F4        C      85A       0
                text2                              6514     6514       16      85A       0
                text1                              5F94     5F94       3E      85A       0
                text0                              4C16     4C16      138      85A       0
                cstackCOMRAM                          1        1       5C        1       1
                cstackBANK0                          60       60       9F       60       1
                cstackBANK1                         100      100       83      100       1
                cstackBANK2                         2BC      2BC       35      200       1
                bssBANK2                            200      200       BC      200       1
                bssBANK1                            183      183       49      100       1
                dataBANK0                            FF       FF        1       60       1
                bssCOMRAM                            5D       5D        1        1       1
                cinit                              6084     6084       36      85A       0
                nvBANK2                             2F1      2F1        8      200       1
                idataBANK0                         6652     6652        1      85A       0

TOTAL           Name                               Link     Load   Length     Space
        CLASS   STACK          

        CLASS   CODE           
                end_init                             28       28        4         0
                intcodelo                            18       18       10         0
                intcode                               8        8        6         0
                reset_vec                             0        0        4         0
                text118                            62B0     62B0       28         0
                intcode_body                       664A     664A        8         0
                text115                            6642     6642        8         0
                text114                            6540     6540       16         0
                text113                            61AE     61AE       2E         0
                text112                            64B2     64B2       1A         0
                text111                            65E6     65E6        E         0
                text110                            5A4E     5A4E       56         0
                text109                            5E08     5E08       4A         0
                text108                            642A     642A       1E         0
                text107                            5E52     5E52       42         0
                text106                            5BA0     5BA0       54         0
                text105                            6618     6618        C         0
                text104                            638A     638A       22         0
                text103                            5F54     5F54       40         0
                text102                            5F14     5F14       40         0
                text100                            52E2     52E2       A8         0
                text99                             5930     5930       6C         0
                text98                             57C6     57C6       8A         0
                text97                             659E     659E       10         0
                text96                             5C42     5C42       4E         0
                text95                             6010     6010       3C         0
                text94                             59F8     59F8       56         0
                text93                             6322     6322       24         0
                text92                             5B4C     5B4C       54         0
                text91                             5AF8     5AF8       54         0
                text90                             495E     495E      162         0
                text89                             6288     6288       28         0
                text88                             6498     6498       1A         0
                text87                             466E     466E      186         0
                text86                             5BF4     5BF4       4E         0
                text83                             5086     5086       F2         0
                text82                             657C     657C       12         0
                text81                             647E     647E       1A         0
                text80                             6180     6180       2E         0
                text79                             5ED4     5ED4       40         0
                text77                             60EE     60EE       34         0
                text76                             58C0     58C0       70         0
                text75                             4D4E     4D4E      122         0
                text74                             660C     660C        C         0
                text73                             65D8     65D8        E         0
                text72                             5AA4     5AA4       54         0
                text71                             6368     6368       22         0
                text70                             625E     625E       2A         0
                text69                             64FC     64FC       18         0
                text68                             44BC     44BC      1B2         0
                text67                             569C     569C       98         0
                text66                             5E94     5E94       40         0
                text65                             538A     538A       A6         0
                text64                             5734     5734       92         0
                text63                             34A8     34A8      340         0
                text62                             6600     6600        C         0
                text61                             60BA     60BA       34         0
                text60                             64E4     64E4       18         0
                text59                             5850     5850       70         0
                text58                             5178     5178       BE         0
                text57                             556A     556A       9A         0
                text56                             658E     658E       10         0
                text55                             4AC0     4AC0      156         0
                text54                             5D28     5D28       4C         0
                text53                             5604     5604       98         0
                text52                             47F4     47F4      16A         0
                text51                             2544     2544      754         0
                text50                             4294     4294      228         0
                text49                             10B4     10B4     1490         0
                text48                             5DBE     5DBE       4A         0
                text47                             5CDC     5CDC       4C         0
                text46                             6122     6122       30         0
                text45                             4E70     4E70      10E         0
                text44                             2C98     2C98      420         0
                text43                             6556     6556       14         0
                text42                             64CC     64CC       18         0
                text41                             656A     656A       12         0
                text40                             6638     6638        A         0
                text36                             63EC     63EC       20         0
                text35                             6346     6346       22         0
                text34                             662E     662E        A         0
                text33                             65CA     65CA        E         0
                text32                             65BC     65BC        E         0
                text31                             63CC     63CC       20         0
                text30                             6448     6448       1C         0
                text29                             640C     640C       1E         0
                text28                             6234     6234       2A         0
                text27                             599C     599C       5C         0
                text26                             5C90     5C90       4C         0
                text25                             3DE2     3DE2      264         0
                text24                             6208     6208       2C         0
                text23                             30B8     30B8      3F0         0
                text22                             4F7E     4F7E      108         0
                text21                             37E8     37E8      30A         0
                text20                             5D74     5D74       4A         0
                text19                             5FD2     5FD2       3E         0
                text18                             6464     6464       1A         0
                text17                             3AF2     3AF2      2F0         0
                text16                             61DC     61DC       2C         0
                text15                             5236     5236       AC         0
                text14                             4046     4046      24E         0
                text13                             54CE     54CE       9C         0
                text12                             65AE     65AE        E         0
                text11                             62FE     62FE       24         0
                text10                             6152     6152       2E         0
                text9                              62D8     62D8       26         0
                text8                              652A     652A       16         0
                text7                              63AC     63AC       20         0
                text6                              6624     6624        A         0
                text5                              5430     5430       9E         0
                text4                              604C     604C       38         0
                text3                              65F4     65F4        C         0
                text2                              6514     6514       16         0
                text1                              5F94     5F94       3E         0
                text0                              4C16     4C16      138         0
                cinit                              6084     6084       36         0
                idataBANK0                         6652     6652        1         0

        CLASS   CONST          

        CLASS   SMALLCONST     
                smallconst                         1000     1000       B4         0

        CLASS   MEDIUMCONST    

        CLASS   COMRAM         
                temp                                 5E       5E        1         1
                cstackCOMRAM                          1        1       5C         1
                bssCOMRAM                            5D       5D        1         1

        CLASS   ABS1           

        CLASS   BIGRAM         

        CLASS   RAM            

        CLASS   BANK0          
                cstackBANK0                          60       60       9F         1
                dataBANK0                            FF       FF        1         1

        CLASS   BANK1          
                cstackBANK1                         100      100       83         1
                bssBANK1                            183      183       49         1

        CLASS   BANK2          
                cstackBANK2                         2BC      2BC       35         1
                bssBANK2                            200      200       BC         1
                nvBANK2                             2F1      2F1        8         1

        CLASS   BANK3          

        CLASS   BANK4          

        CLASS   BANK5          

        CLASS   BANK6          

        CLASS   BANK7          

        CLASS   BANK8          

        CLASS   BANK9          

        CLASS   BANK10         

        CLASS   BANK11         

        CLASS   BANK12         

        CLASS   BANK13         

        CLASS   BANK14         

        CLASS   BANK15         

        CLASS   SFR            

        CLASS   FARRAM         

        CLASS   CONFIG         
                config                            1FFF8    1FFF8        6         0

        CLASS   IDLOC          



SEGMENTS        Name                           Load    Length   Top    Selector   Space  Class

                reset_vec                      000000  000004  000004         0       0  CODE    
                cstackCOMRAM                   000001  00005E  00005F         1       1  COMRAM  
                intcode                        000008  000006  00000E         4       0  CODE    
                intcodelo                      000018  000014  00002C         C       0  CODE    
                cstackBANK0                    000060  0000A0  000100        60       1  BANK0   
                cstackBANK1                    000100  0000CC  0001CC       100       1  BANK1   
                bssBANK2                       000200  0000F9  0002F9       200       1  BANK2   
                smallconst                     001000  0000B4  0010B4       800       0  SMALLCON
                text49                         0010B4  00559F  006653       85A       0  CODE    
                config                         01FFF8  000006  01FFFE     1FFF8       0  CONFIG  


UNUSED ADDRESS RANGES

        Name                Unused          Largest block    Delta
        BANK1            001CC-001FF              34
        BANK10           00A00-00AFF             100
        BANK11           00B00-00BFF             100
        BANK12           00C00-00CFF             100
        BANK13           00D00-00DFF             100
        BANK14           00E00-00E7F              80
        BANK15           00F00-00F5F              60
        BANK2            002F9-002FF               7
        BANK3            00300-003FF             100
        BANK4            00400-004FF             100
        BANK5            00500-005FF             100
        BANK6            00600-006FF             100
        BANK7            00700-007FF             100
        BANK8            00800-008FF             100
        BANK9            00900-009FF             100
        BIGRAM           0005F-0005F               1
                         001CC-001FF              34
                         002F9-00E7F             B87
                         00F00-00F5F              60
        CODE             00004-00007               4
                         0000E-00017               A
                         0002C-00FFF             FD4
                         06653-1FFF7           199A5
        COMRAM           0005F-0005F               1
        CONST            00004-00007               4
                         0000E-00017               A
                         0002C-00FFF             FD4
                         06653-1FFF7           199A5
        MEDIUMCONST      06653-0FFFF            99AD
                         11000-1FFF7            EFF8
        RAM              001CC-001FF              34
                         002F9-00E7F             100
                         00F00-00F5F              60
        SFR              00E80-00EFF              80
                         00F60-00FFF              A0
        SMALLCONST       06653-1FFF7             100
        STACK            002F9-00E7F             B87

                                  Symbol Table

?_ADC_GetConversion                  cstackCOMRAM  00002
?_ARPV4_Lookup                       cstackCOMRAM  00002
?_DEMO_UDP_MeasureTemp               cstackCOMRAM  00006
?_ENCx24_PhyRead                     cstackCOMRAM  0000B
?_ENCx24_Read                        cstackCOMRAM  00005
?_ETH_GetByteCount                   cstackCOMRAM  0000B
?_ETH_Read16                         cstackCOMRAM  00003
?_ETH_Read32                         cstackCOMRAM  00003
?_ETH_ReadBlock                      cstackCOMRAM  00003
?_ETH_RxComputeChecksum              cstackCOMRAM  0000D
?_ETH_TxComputeChecksum              cstackCOMRAM  0000D
?_ETH_readLinkStatus                 cstackCOMRAM  0000B
?_IPV4_GetMyIP                       cstackCOMRAM  00002
?_IPV4_PseudoHeaderChecksum          cstackCOMRAM  00002
?_UDP_GetDestIP                      cstackCOMRAM  00002
?_UDP_GetDestPort                    cstackCOMRAM  00002
?___lwdiv                            cstackCOMRAM  00002
?___lwmod                            cstackCOMRAM  00009
?__doprnt                            cstackCOMRAM  0000E
?_memcmp                             cstackCOMRAM  00002
?_printf                             cstackCOMRAM  0001C
?_sprintf                            cstackCOMRAM  0001C
?_time                               cstackCOMRAM  00002
ADC_GetConversion@channel            cstackCOMRAM  00005
ARPV4_Init@x                         cstackCOMRAM  00002
ARPV4_Lookup@entry_pointer           cstackCOMRAM  0000A
ARPV4_Lookup@ip_address              cstackCOMRAM  00002
ARPV4_Lookup@x                       cstackCOMRAM  0000C
ARPV4_Packet@arpPtr                  cstackCOMRAM  00033
ARPV4_Packet@entryPointer            cstackCOMRAM  00037
ARPV4_Packet@header                  cstackCOMRAM  00039
ARPV4_Packet@length                  cstackCOMRAM  0002F
ARPV4_Packet@mergeFlag               cstackCOMRAM  00031
ARPV4_Packet@ret                     cstackCOMRAM  00032
ARPV4_Packet@x                       cstackCOMRAM  00035
ARPV4_Packet@x_2060                  cstackCOMRAM  00036
ARPV4_Request@destAddress            cstackCOMRAM  0000F
ARPV4_Request@header                 cstackCOMRAM  0002F
ARPV4_Request@ret                    cstackCOMRAM  0002E
ARPV4_Update@entryPointer            cstackCOMRAM  00002
ARPV4_Update@x                       cstackCOMRAM  00004
DEMO_UDP_ClaimIPCheck@ret            cstackCOMRAM  00003
DEMO_UDP_MeasureTemp@adcResult       cstackCOMRAM  00008
DEMO_UDP_Recv@destPort               cstackBANK0   000BF
DEMO_UDP_Recv@dest_ip                cstackBANK0   000C2
DEMO_UDP_Recv@local_ip               cstackBANK0   000B9
DEMO_UDP_Recv@started                cstackBANK0   000C1
DEMO_UDP_Recv@str                    cstackBANK0   00077
DEMO_UDP_Recv@str1                   cstackBANK0   00097
DEMO_UDP_Recv@str2                   cstackBANK0   000A7
DEMO_UDP_Recv@str_len                cstackBANK0   000BE
DEMO_UDP_Recv@temperature            cstackBANK0   000B7
DEMO_UDP_Send@pot_adcResult          cstackBANK0   00070
DEMO_UDP_Send@started                cstackBANK0   0006F
DEMO_UDP_SetClaimIP@claim_ip         cstackCOMRAM  00002
DHCP_Handler@ethMAC                  cstackBANK0   0008C
DHCP_Handler@ethPktMAC               cstackBANK0   00086
DHCP_Handler@ip                      cstackBANK0   00077
DHCP_Handler@length                  cstackCOMRAM  00059
DHCP_Handler@myip                    cstackBANK0   00093
DHCP_Handler@option                  cstackBANK0   00085
DHCP_Handler@optionLength            cstackBANK0   00092
DHCP_Handler@v                       cstackBANK0   0007F
DHCP_Handler@v16                     cstackBANK0   00083
DHCP_Request@ethMAC                  cstackBANK0   00071
DHCP_Request@started                 cstackBANK0   0006F
DHCP_Request@type                    cstackBANK0   00070
DHCP_WriteZeros@length               cstackCOMRAM  00004
ENCx24_BFC@a                         cstackCOMRAM  00008
ENCx24_BFC@bank                      cstackCOMRAM  00007
ENCx24_BFC@bitMask                   cstackCOMRAM  00005
ENCx24_BFS@a                         cstackCOMRAM  00008
ENCx24_BFS@bank                      cstackCOMRAM  00007
ENCx24_BFS@bitMask                   cstackCOMRAM  00005
ENCx24_BankselSPI@a                  cstackCOMRAM  00003
ENCx24_BankselSPI@bank               cstackCOMRAM  00004
ENCx24_PHYWrite@a                    cstackCOMRAM  0000D
ENCx24_PHYWrite@data                 cstackCOMRAM  0000B
ENCx24_PhyRead@a                     cstackCOMRAM  0000D
ENCx24_Read@a                        cstackCOMRAM  0000A
ENCx24_Read@bank                     cstackCOMRAM  00007
ENCx24_Read@v                        cstackCOMRAM  00008
ENCx24_Write@a                       cstackCOMRAM  00008
ENCx24_Write@bank                    cstackCOMRAM  00007
ENCx24_Write@data                    cstackCOMRAM  00005
ETH_CheckLinkUp@ret                  cstackCOMRAM  00013
ETH_CheckLinkUp@value                cstackCOMRAM  0000F
ETH_Copy@len                         cstackCOMRAM  0000D
ETH_Copy@txBufferAddress             cstackCOMRAM  0000F
ETH_Dump@length                      cstackCOMRAM  0000B
ETH_Dump@newRXTail                   cstackCOMRAM  0000D
ETH_EventHandler@eirVal              cstackCOMRAM  00011
ETH_EventHandler@estatVal            cstackCOMRAM  0000F
ETH_EventHandler@mabbipgVal          cstackCOMRAM  0000B
ETH_EventHandler@macon2Val           cstackCOMRAM  0000D
ETH_Flush@newRXTail                  cstackCOMRAM  00009
ETH_GetByteCount@wPtr                cstackCOMRAM  0000D
ETH_GetMAC@macAddr                   cstackCOMRAM  00008
ETH_Init@phcon1_val                  cstackCOMRAM  00016
ETH_Insert@current_tx_pointer        cstackCOMRAM  0000F
ETH_Insert@data                      cstackCOMRAM  00011
ETH_Insert@len                       cstackCOMRAM  0000B
ETH_Insert@offset                    cstackCOMRAM  0000D
ETH_MACRead8@a                       cstackCOMRAM  00007
ETH_MACRead8@bank                    cstackCOMRAM  00006
ETH_MACRead8@v                       cstackCOMRAM  00005
ETH_Read16@ret                       cstackCOMRAM  00005
ETH_Read32@ret                       cstackCOMRAM  00007
ETH_Read8@ret                        cstackCOMRAM  00003
ETH_ReadBlock@data                   cstackCOMRAM  00003
ETH_ReadBlock@len                    cstackCOMRAM  0000A
ETH_ReadBlock@length                 cstackCOMRAM  00005
ETH_ReadBlock@p                      cstackCOMRAM  00008
ETH_RxComputeChecksum@cksm           cstackCOMRAM  00015
ETH_RxComputeChecksum@econ1Val       cstackCOMRAM  00019
ETH_RxComputeChecksum@len            cstackCOMRAM  0000D
ETH_RxComputeChecksum@rxPtr          cstackCOMRAM  00017
ETH_RxComputeChecksum@seed           cstackCOMRAM  0000F
ETH_SetRXptr@address                 cstackCOMRAM  00003
ETH_TxComputeChecksum@cksm           cstackCOMRAM  00017
ETH_TxComputeChecksum@econ1Val       cstackCOMRAM  0001B
ETH_TxComputeChecksum@length         cstackCOMRAM  0000F
ETH_TxComputeChecksum@position       cstackCOMRAM  0000D
ETH_TxComputeChecksum@seed           cstackCOMRAM  00011
ETH_Write16@data                     cstackCOMRAM  00003
ETH_Write32@data                     cstackCOMRAM  00003
ETH_Write8@data                      cstackCOMRAM  00003
ETH_WriteBlock@data                  cstackCOMRAM  00003
ETH_WriteBlock@len                   cstackCOMRAM  00005
ETH_WriteBlock@p                     cstackCOMRAM  00007
ETH_WriteStart@destMAC               cstackCOMRAM  0000B
ETH_WriteStart@type                  cstackCOMRAM  0000D
ICMP_EchoReply@cksm                  cstackBANK0   0006F
ICMP_EchoReply@icmpHdr               cstackBANK0   00074
ICMP_EchoReply@ipv4Hdr               cstackCOMRAM  00058
ICMP_EchoReply@ipv4PayloadLength     cstackBANK0   00071
ICMP_EchoReply@ret                   cstackBANK0   00073
ICMP_Receive@icmpHdr                 cstackBANK0   0007A
ICMP_Receive@ipv4Hdr                 cstackCOMRAM  0005A
IPV4_Packet@cksm                     cstackBANK0   000FC
IPV4_Packet@hdrLen                   cstackBANK0   000F9
IPV4_Packet@length                   cstackBANK0   000FA
IPV4_PseudoHeaderChecksum@cksm       cstackCOMRAM  0000A
IPV4_PseudoHeaderChecksum@len        cstackCOMRAM  00009
IPV4_PseudoHeaderChecksum@payloadLen cstackCOMRAM  00002
IPV4_PseudoHeaderChecksum@tmp        cstackCOMRAM  0000E
IPV4_PseudoHeaderChecksum@v          cstackCOMRAM  00008
IPV4_Send@cksm                       cstackCOMRAM  00024
IPV4_Send@payloadLength              cstackCOMRAM  0001D
IPV4_Send@ret                        cstackCOMRAM  00023
IPV4_Send@totalLength                cstackCOMRAM  00026
IPv4_Start@destAddress               cstackCOMRAM  0004B
IPv4_Start@macAddress                cstackBANK0   00064
IPv4_Start@protocol                  cstackCOMRAM  0004F
IPv4_Start@ret                       cstackBANK0   00066
IPv4_Start@targetAddress             cstackBANK0   00060
LED_Init@x                           cstackCOMRAM  00002
Network_Manage@now                   cstackBANK1   0017E
Network_Manage@nowPv                 bssBANK2      0021E
Network_Read@debug_str               cstackBANK1   00120
Network_Read@header                  cstackBANK1   00170
PL110                                text49        02210
PL112                                text49        02232
PL114                                text49        02278
PL116                                text49        02282
PL118                                text51        02A08
PL120                                text49        022A6
PL122                                text49        022C0
PL124                                text49        022CC
PL126                                text52        04944
PL128                                text49        022EE
PL130                                text44        02F8C
PL132                                text49        02316
PL134                                text49        02332
PL136                                text50        04446
PL138                                text23        0342C
PL140                                text50        04466
PL142                                text49        02344
PL144                                text14        04262
PL146                                text49        0234C
PL148                                text63        036F0
PL150                                text49        02356
PL152                                text21        039CC
PL154                                text44        02FAC
PL156                                text51        02A20
PL158                                text49        02360
PL160                                text49        0237A
PL162                                text51        02A74
PL164                                text49        02394
PL166                                text49        023A2
PL168                                text49        023B0
PL170                                text49        023CA
PL172                                text23        03446
PL174                                text17        03D44
PL176                                text17        03D54
PL178                                text49        023D6
PL180                                text49        023E0
PL182                                text90        04A20
PL184                                text49        023EA
PL186                                text49        023FC
PL188                                text49        0240E
PL190                                text51        02A82
PL192                                text17        03D6C
PL194                                text49        02420
PL196                                text49        02428
PL198                                text44        0300C
PL200                                text63        03762
PL202                                text49        0243A
PL204                                text49        02440
PL206                                text21        03A2C
PL208                                text51        02A9C
PL210                                text49        02452
PL212                                text50        04470
PL214                                text23        03468
PL216                                text23        03472
PL218                                text23        0347C
PL220                                text63        0378A
PL222                                text94        05A42
PL224                                text55        04BCA
PL226                                text22        05068
PL228                                text51        02AA6
PL230                                text63        0379E
PL232                                text51        02AAE
PL234                                text17        03D78
PL236                                text68        04644
PL238                                text21        03A54
PL240                                text44        03034
PL242                                text51        02AB6
PL244                                text21        03A66
PL246                                text17        03D8A
PL248                                text50        0447A
PL250                                text49        0245C
PL252                                text51        02AD2
PL254                                text63        037BA
PL256                                text51        02AE0
PL258                                text51        02AFC
PL260                                text51        02B16
PL262                                text90        04A56
PL264                                text51        02B30
PL266                                text51        02B4A
PL268                                text51        02B64
PL270                                text51        02B7E
PL272                                text21        03A80
PL274                                text51        02B98
PL276                                text98        05836
PL278                                text21        03A9A
PL280                                text51        02BB2
PL282                                text17        03D98
PL284                                text17        03DA0
PL286                                text90        04A70
PL288                                text55        04BEA
PL290                                text63        037D4
PL292                                text90        04A88
PL294                                text21        03AAA
PL296                                text44        0304E
PL298                                text58        05222
PL300                                text99        05992
PL302                                text17        03DA8
PL304                                text14        0427C
PL306                                text51        02BCA
PL308                                text22        05072
PL310                                text50        04488
PL312                                text51        02BD8
PL314                                text51        02BEA
PL316                                text51        02BFC
PL318                                text49        0246A
PL320                                text25        0402C
PL322                                text67        05728
PL324                                text23        03486
PL326                                text49        02472
PL328                                text13        0555A
PL330                                text49        0247C
PL332                                text51        02C0E
PL334                                text51        02C18
PL336                                text68        04656
PL338                                text49        02486
PL340                                text49        02490
PL342                                text50        0449A
PL344                                text49        0249A
PL346                                text55        04C02
PL348                                text49        024A4
PL350                                text49        024AE
PL352                                text49        024B8
PL354                                text49        024C2
PL356                                text49        024D2
PL358                                text51        02C28
PL360                                text51        02C38
PL362                                text83        0515E
PL364                                text50        044A4
PL366                                text51        02C46
PL368                                text44        03064
PL370                                text47        05D1A
PL372                                text17        03DB6
PL374                                text68        04660
PL376                                text49        024DC
PL378                                text49        024EA
PL380                                text49        024F4
PL382                                text49        024FE
PL384                                text49        02508
PL386                                text23        03492
PL388                                text49        02512
PL390                                text51        02C54
PL392                                text49        0251C
PL394                                text14        0428A
PL396                                text51        02C5E
PL398                                text90        04A9E
PL400                                text29        0641E
PL402                                text90        04AAA
PL404                                text75        04E4E
PL406                                text93        0633C
PL408                                text83        0516C
PL410                                text23        0349C
PL412                                text0         04D42
PL414                                text45        04F74
PL416                                text21        03AC0
PL418                                text51        02C6A
PL420                                text44        03072
PL422                                text51        02C74
PL424                                text21        03ACA
PL426                                text49        02526
PL428                                text80        061A6
PL430                                text44        0307C
PL432                                text44        03086
PL434                                text44        03090
PL436                                text17        03DC4
PL438                                text57        055FA
PL440                                text75        04E58
PL442                                text49        02530
PL444                                text44        0309A
PL446                                text87        047EA
PL448                                text44        030A4
PL450                                text75        04E62
PL452                                text63        037DE
PL454                                text51        02C7E
PL456                                text5         054C2
PL458                                text51        02C86
PL460                                text55        04C0C
PL462                                text24        0622A
PL464                                text90        04AB6
PL466                                text17        03DCE
PL468                                text17        03DD8
PL470                                text21        03AD4
PL472                                text21        03ADE
PL474                                text21        03AE8
PL476                                text58        0522C
PL478                                text91        05B44
PL480                                text50        044B2
PL482                                text44        030AE
PL484                                text49        0253A
PL486                                text100       05382
PL488                                text75        04E6A
PL490                                text54        05D6C
PL492                                text51        02C90
PL494                                text25        0403E
PL496                                text76        0592A
PL498                                text5         054C8
SPI_ExchangeByte@v                   cstackCOMRAM  00002
SYSLOG_Init@t                        cstackCOMRAM  00027
SYSLOG_Write@message                 cstackCOMRAM  00027
SYSLOG_Write@t                       cstackCOMRAM  00029
TCB_Reset@tcbPtr                     cstackCOMRAM  00002
TCP_FiniteStateMachine@event         cstackBANK0   000D2
TCP_FiniteStateMachine@nextState     cstackBANK0   000D3
TCP_FiniteStateMachine@notAckBytes   cstackBANK0   000D0
TCP_FiniteStateMachine@ret           cstackBANK0   000CF
TCP_ParseTCPOptions@opt              cstackCOMRAM  00012
TCP_ParseTCPOptions@ret              cstackCOMRAM  00011
TCP_ParseTCPOptions@tcpOptionsSize   cstackCOMRAM  00013
TCP_PayloadSave@buffer_size          cstackBANK0   000C1
TCP_PayloadSave@len                  cstackCOMRAM  0005A
TCP_Recv@count                       cstackBANK0   000F6
TCP_Recv@length                      cstackBANK0   000D8
TCP_Recv@remoteAddress               cstackBANK0   000D4
TCP_Recv@tcbPtr                      cstackBANK0   000F7
TCP_Snd@cksm                         cstackBANK0   00099
TCP_Snd@data                         cstackBANK0   00097
TCP_Snd@payloadLength                cstackBANK0   0009B
TCP_Snd@ret                          cstackBANK0   0009D
TCP_Snd@tcbPtr                       cstackCOMRAM  00058
TCP_Snd@tcpDataLength                cstackBANK0   0009E
TCP_Snd@txHeader                     cstackBANK0   000A0
TCP_Update@count                     cstackBANK0   000DC
TCP_Update@tcbPtr                    cstackBANK0   000DE
UDP_ReadBlock@data                   cstackCOMRAM  0000C
UDP_ReadBlock@length                 cstackCOMRAM  0000E
UDP_Receive@hptr                     cstackBANK0   000D0
UDP_Receive@udpcksm                  cstackBANK0   000C6
UDP_Receive@x                        cstackBANK0   000CE
UDP_Send@cksm                        cstackCOMRAM  0002D
UDP_Send@udpLength                   cstackCOMRAM  0002F
UDP_Start@destIP                     cstackBANK0   00067
UDP_Start@dstPort                    cstackBANK0   0006D
UDP_Start@ret                        cstackCOMRAM  00058
UDP_Start@srcPort                    cstackBANK0   0006B
UDP_Write16@data                     cstackCOMRAM  00005
UDP_Write32@data                     cstackCOMRAM  00007
UDP_Write8@data                      cstackCOMRAM  00004
UDP_WriteBlock@data                  cstackCOMRAM  0000B
UDP_WriteBlock@length                cstackCOMRAM  00009
_ADCON0                              (abs)         00FC2
_ADCON0bits                          (abs)         00FC2
_ADCON1                              (abs)         00FC1
_ADCON2                              (abs)         00FC0
_ADC_GetConversion                   text113       061AE
_ADC_Initialize                      text8         0652A
_ADRES                               (abs)         00FC3
_ADRESH                              (abs)         00FC4
_ADRESL                              (abs)         00FC3
_ARPV4_Init                          text81        0647E
_ARPV4_Lookup                        text96        05C42
_ARPV4_Packet                        text63        034A8
_ARPV4_Request                       text90        0495E
_ARPV4_Update                        text70        0625E
_BAUDCON1                            (abs)         00F7E
_BAUDCON1bits                        (abs)         00F7E
_CREN1                               (abs)         07D5C
_DEMO_UDP_ClaimIPCheck               text112       064B2
_DEMO_UDP_IPLockTimer                text114       06540
_DEMO_UDP_IdlePkt                    text24        06208
_DEMO_UDP_MeasureTemp                text42        064CC
_DEMO_UDP_Recv                       text23        030B8
_DEMO_UDP_Send                       text83        05086
_DEMO_UDP_SetClaimIP                 text115       06642
_DHCP_Handler                        text25        03DE2
_DHCP_Manage                         text67        0569C
_DHCP_Request                        text68        044BC
_DHCP_WriteZeros                     text69        064FC
_ENCx24_BFC                          text103       05F54
_ENCx24_BFS                          text102       05F14
_ENCx24_BankselSPI                   text110       05A4E
_ENCx24_PHYWrite                     text80        06180
_ENCx24_PhyRead                      text79        05ED4
_ENCx24_Read                         text109       05E08
_ENCx24_Write                        text107       05E52
_ETH_CheckLinkUp                     text77        060EE
_ETH_Copy                            text57        0556A
_ETH_Dump                            text48        05DBE
_ETH_EventHandler                    text65        0538A
_ETH_Flush                           text61        060BA
_ETH_GetByteCount                    text108       0642A
_ETH_GetMAC                          text94        059F8
_ETH_Init                            text75        04D4E
_ETH_Insert                          text106       05BA0
_ETH_MACRead8                        text95        06010
_ETH_NextPacketUpdate                text59        05850
_ETH_Read16                          text47        05CDC
_ETH_Read32                          text27        0599C
_ETH_Read8                           text46        06122
_ETH_ReadBlock                       text64        05734
_ETH_ResetByteCount                  text97        0659E
_ETH_ResetReceiver                   text66        05E94
_ETH_RxComputeChecksum               text58        05178
_ETH_SaveRDPT                        text56        0658E
_ETH_Send                            text104       0638A
_ETH_SendSystemReset                 text76        058C0
_ETH_SetPktDec                       text62        06600
_ETH_SetRXptr                        text60        064E4
_ETH_Set_TXRTS                       text105       06618
_ETH_TxComputeChecksum               text100       052E2
_ETH_Write16                         text93        06322
_ETH_Write32                         text89        06288
_ETH_Write8                          text88        06498
_ETH_WriteBlock                      text92        05B4C
_ETH_WriteStart                      text91        05AF8
_ETH_readLinkStatus                  text78        00000
_GIE                                 (abs)         07F97
_GIEH                                (abs)         07F97
_GIEL                                (abs)         07F96
_ICMP_EchoReply                      text55        04AC0
_ICMP_Receive                        text54        05D28
_IPEN                                (abs)         07E87
_IPV4_GetMyIP                        text82        0657C
_IPV4_Init                           text74        0660C
_IPV4_Packet                         text21        037E8
_IPV4_PseudoHeaderChecksum           text53        05604
_IPV4_Send                           text99        05930
_IPv4_Start                          text87        0466E
_LATB3                               (abs)         07C53
_LATBbits                            (abs)         00F8A
_LATDbits                            (abs)         00F8C
_LATE                                (abs)         00F8D
_LATH                                (abs)         00F90
_LATH0                               (abs)         07C80
_LATH1                               (abs)         07C81
_LATH2                               (abs)         07C82
_LATJ                                (abs)         00F91
_LED_Init                            text7         063AC
_Network_Init                        text71        06368
_Network_Manage                      text13        054CE
_Network_Read                        text15        05236
_Network_WaitForLink                 text12        065AE
_OSCCON                              (abs)         00FD3
_OSCTUNE                             (abs)         00F9B
_PORTBbits                           (abs)         00F81
_PORTJ                               (abs)         00F88
_PORTJbits                           (abs)         00F88
_RBPU                                (abs)         07F8F
_SPBRG1                              (abs)         00FAF
_SPEN1                               (abs)         07D5F
_SPI_ExchangeByte                    text111       065E6
_SSP1BUF                             (abs)         00FC9
_SSP1CON1                            (abs)         00FC6
_SSP1CON1bits                        (abs)         00FC6
_SSP1STATbits                        (abs)         00FC7
_SSPBUF                              (abs)         00FC9
_SYSLOG_Init                         text10        06152
_SYSLOG_Write                        text9         062D8
_T1CKPS0                             (abs)         07E6C
_T1CKPS1                             (abs)         07E6D
_T1OSCEN                             (abs)         07E6B
_T1SYNC                              (abs)         07E6A
_TCB_Reset                           text52        047F4
_TCP_FiniteStateMachine              text49        010B4
_TCP_Init                            text73        065D8
_TCP_ParseTCPOptions                 text45        04E70
_TCP_PayloadSave                     text50        04294
_TCP_Recv                            text44        02C98
_TCP_Snd                             text51        02544
_TCP_Update                          text14        04046
_TMR1                                (abs)         00FCE
_TMR1CS                              (abs)         07E69
_TMR1IE                              (abs)         07CE8
_TMR1IF                              (abs)         07CF0
_TMR1IP                              (abs)         07CF8
_TMR1ON                              (abs)         07E68
_TRISA                               (abs)         00F92
_TRISAbits                           (abs)         00F92
_TRISBbits                           (abs)         00F93
_TRISCbits                           (abs)         00F94
_TRISDbits                           (abs)         00F95
_TRISE                               (abs)         00F96
_TRISH                               (abs)         00F99
_TRISJ                               (abs)         00F9A
_TX1IF                               (abs)         07CF4
_TXPacketSize                        bssBANK1      0019E
_TXREG1                              (abs)         00FAD
_TXSTA1                              (abs)         00FAC
_UDP_CallBackTable                   smallconst    01028
_UDP_GetDestIP                       text41        0656A
_UDP_GetDestPort                     text40        06638
_UDP_Read8                           text39        00000
_UDP_ReadBlock                       text43        06556
_UDP_Receive                         text22        04F7E
_UDP_Send                            text98        057C6
_UDP_Start                           text86        05BF4
_UDP_Write16                         text38        00000
_UDP_Write32                         text85        00000
_UDP_Write8                          text84        00000
_UDP_WriteBlock                      text37        00000
__CFG_BW$16                          (abs)         00000
__CFG_CCP2MX$ON                      (abs)         00000
__CFG_CP0$OFF                        (abs)         00000
__CFG_EASHFT$OFF                     (abs)         00000
__CFG_ECCPMX$ON                      (abs)         00000
__CFG_ETHLED$ON                      (abs)         00000
__CFG_FCMEN$ON                       (abs)         00000
__CFG_FOSC$HSPLL                     (abs)         00000
__CFG_FOSC2$ON                       (abs)         00000
__CFG_IESO$ON                        (abs)         00000
__CFG_MODE$MM                        (abs)         00000
__CFG_STVR$ON                        (abs)         00000
__CFG_WAIT$OFF                       (abs)         00000
__CFG_WDT$OFF                        (abs)         00000
__CFG_WDTPS$32768                    (abs)         00000
__CFG_XINST$OFF                      (abs)         00000
__HRAM                               (abs)         00000
__Habs1                              abs1          00000
__Hbank0                             bank0         00000
__Hbank1                             bank1         00000
__Hbank10                            bank10        00000
__Hbank11                            bank11        00000
__Hbank12                            bank12        00000
__Hbank13                            bank13        00000
__Hbank14                            bank14        00000
__Hbank15                            bank15        00000
__Hbank2                             bank2         00000
__Hbank3                             bank3         00000
__Hbank4                             bank4         00000
__Hbank5                             bank5         00000
__Hbank6                             bank6         00000
__Hbank7                             bank7         00000
__Hbank8                             bank8         00000
__Hbank9                             bank9         00000
__Hbigbss                            bigbss        00000
__Hbigdata                           bigdata       00000
__Hbigram                            bigram        00000
__Hbss                               bss           00000
__HbssBANK1                          bssBANK1      00000
__HbssBANK2                          bssBANK2      00000
__HbssCOMRAM                         bssCOMRAM     00000
__Hcinit                             cinit         00000
__Hclrtext                           clrtext       00000
__Hcomram                            comram        00000
__Hconfig                            config        1FFFE
__Hconst                             const         00000
__HcstackBANK0                       cstackBANK0   00000
__HcstackBANK1                       cstackBANK1   00000
__HcstackBANK2                       cstackBANK2   00000
__HcstackCOMRAM                      cstackCOMRAM  00000
__Hdata                              data          00000
__HdataBANK0                         dataBANK0     00000
__Hend_init                          end_init      0002C
__Hfarbss                            farbss        00000
__Hfardata                           fardata       00000
__Hibigdata                          ibigdata      00000
__Hidata                             idata         00000
__HidataBANK0                        idataBANK0    00000
__Hidloc                             idloc         00000
__Hifardata                          ifardata      00000
__Hinit                              init          00028
__Hintcode                           intcode       0000E
__Hintcode_body                      intcode_body  00000
__Hintcodelo                         intcodelo     00028
__Hintentry                          intentry      00000
__Hintret                            intret        00000
__Hintsave_regs                      intsave_regs  00000
__Hirdata                            irdata        00000
__Hjflash_buffer                     jflash_buffer 1F800
__Hmediumconst                       mediumconst   00000
__HnvBANK2                           nvBANK2       00000
__HnvFARRAM                          nvFARRAM      00000
__Hnvbit                             nvbit         00000
__Hnvrram                            nvrram        00000
__Hpa_nodes                          pa_nodes      00000
__Hparam                             rparam        00000
__Hpowerup                           powerup       00028
__Hram                               ram           00000
__Hramtop                            ramtop        01000
__Hrbit                              rbit          00000
__Hrbss                              rbss          00000
__Hrdata                             rdata         00000
__Hreset_vec                         reset_vec     00004
__Hrparam                            rparam        00000
__Hsfr                               sfr           00000
__Hsmallconst                        smallconst    010B4
__Hspace_0                           (abs)         1FFFE
__Hspace_1                           (abs)         002F9
__Hspace_2                           (abs)         00000
__Hstack                             stack         00000
__Hstruct                            struct        00000
__Htemp                              temp          0005F
__Htext                              text          00000
__Htext0                             text0         00000
__Htext1                             text1         00000
__Htext10                            text10        00000
__Htext100                           text100       00000
__Htext101                           text101       00000
__Htext102                           text102       00000
__Htext103                           text103       00000
__Htext104                           text104       00000
__Htext105                           text105       00000
__Htext106                           text106       00000
__Htext107                           text107       00000
__Htext108                           text108       00000
__Htext109                           text109       00000
__Htext11                            text11        00000
__Htext110                           text110       00000
__Htext111                           text111       00000
__Htext112                           text112       00000
__Htext113                           text113       00000
__Htext114                           text114       00000
__Htext115                           text115       00000
__Htext118                           text118       00000
__Htext119                           text119       00000
__Htext12                            text12        00000
__Htext13                            text13        00000
__Htext14                            text14        00000
__Htext15                            text15        00000
__Htext16                            text16        00000
__Htext17                            text17        00000
__Htext18                            text18        00000
__Htext19                            text19        00000
__Htext2                             text2         00000
__Htext20                            text20        00000
__Htext21                            text21        00000
__Htext22                            text22        00000
__Htext23                            text23        00000
__Htext24                            text24        00000
__Htext25                            text25        00000
__Htext26                            text26        00000
__Htext27                            text27        00000
__Htext28                            text28        00000
__Htext29                            text29        00000
__Htext3                             text3         00000
__Htext30                            text30        00000
__Htext31                            text31        00000
__Htext32                            text32        00000
__Htext33                            text33        00000
__Htext34                            text34        00000
__Htext35                            text35        00000
__Htext36                            text36        00000
__Htext37                            text37        00000
__Htext38                            text38        00000
__Htext39                            text39        00000
__Htext4                             text4         00000
__Htext40                            text40        00000
__Htext41                            text41        00000
__Htext42                            text42        00000
__Htext43                            text43        00000
__Htext44                            text44        00000
__Htext45                            text45        00000
__Htext46                            text46        00000
__Htext47                            text47        00000
__Htext48                            text48        00000
__Htext49                            text49        00000
__Htext5                             text5         00000
__Htext50                            text50        00000
__Htext51                            text51        00000
__Htext52                            text52        00000
__Htext53                            text53        00000
__Htext54                            text54        00000
__Htext55                            text55        00000
__Htext56                            text56        00000
__Htext57                            text57        00000
__Htext58                            text58        00000
__Htext59                            text59        00000
__Htext6                             text6         00000
__Htext60                            text60        00000
__Htext61                            text61        00000
__Htext62                            text62        00000
__Htext63                            text63        00000
__Htext64                            text64        00000
__Htext65                            text65        00000
__Htext66                            text66        00000
__Htext67                            text67        00000
__Htext68                            text68        00000
__Htext69                            text69        00000
__Htext7                             text7         00000
__Htext70                            text70        00000
__Htext71                            text71        00000
__Htext72                            text72        00000
__Htext73                            text73        00000
__Htext74                            text74        00000
__Htext75                            text75        00000
__Htext76                            text76        00000
__Htext77                            text77        00000
__Htext78                            text78        00000
__Htext79                            text79        00000
__Htext8                             text8         00000
__Htext80                            text80        00000
__Htext81                            text81        00000
__Htext82                            text82        00000
__Htext83                            text83        00000
__Htext84                            text84        00000
__Htext85                            text85        00000
__Htext86                            text86        00000
__Htext87                            text87        00000
__Htext88                            text88        00000
__Htext89                            text89        00000
__Htext9                             text9         00000
__Htext90                            text90        00000
__Htext91                            text91        00000
__Htext92                            text92        00000
__Htext93                            text93        00000
__Htext94                            text94        00000
__Htext95                            text95        00000
__Htext96                            text96        00000
__Htext97                            text97        00000
__Htext98                            text98        00000
__Htext99                            text99        00000
__LRAM                               (abs)         00001
__Labs1                              abs1          00000
__Lbank0                             bank0         00000
__Lbank1                             bank1         00000
__Lbank10                            bank10        00000
__Lbank11                            bank11        00000
__Lbank12                            bank12        00000
__Lbank13                            bank13        00000
__Lbank14                            bank14        00000
__Lbank15                            bank15        00000
__Lbank2                             bank2         00000
__Lbank3                             bank3         00000
__Lbank4                             bank4         00000
__Lbank5                             bank5         00000
__Lbank6                             bank6         00000
__Lbank7                             bank7         00000
__Lbank8                             bank8         00000
__Lbank9                             bank9         00000
__Lbigbss                            bigbss        00000
__Lbigdata                           bigdata       00000
__Lbigram                            bigram        00000
__Lbss                               bss           00000
__LbssBANK1                          bssBANK1      00000
__LbssBANK2                          bssBANK2      00000
__LbssCOMRAM                         bssCOMRAM     00000
__Lcinit                             cinit         00000
__Lclrtext                           clrtext       00000
__Lcomram                            comram        00000
__Lconfig                            config        1FFF8
__Lconst                             const         00000
__LcstackBANK0                       cstackBANK0   00000
__LcstackBANK1                       cstackBANK1   00000
__LcstackBANK2                       cstackBANK2   00000
__LcstackCOMRAM                      cstackCOMRAM  00000
__Ldata                              data          00000
__LdataBANK0                         dataBANK0     00000
__Lend_init                          end_init      00028
__Lfarbss                            farbss        00000
__Lfardata                           fardata       00000
__Libigdata                          ibigdata      00000
__Lidata                             idata         00000
__LidataBANK0                        idataBANK0    00000
__Lidloc                             idloc         00000
__Lifardata                          ifardata      00000
__Linit                              init          00028
__Lintcode                           intcode       00008
__Lintcode_body                      intcode_body  00000
__Lintcodelo                         intcodelo     00018
__Lintentry                          intentry      00000
__Lintret                            intret        00000
__Lintsave_regs                      intsave_regs  00000
__Lirdata                            irdata        00000
__Ljflash_buffer                     jflash_buffer 1F800
__Lmediumconst                       mediumconst   00000
__LnvBANK2                           nvBANK2       00000
__LnvFARRAM                          nvFARRAM      00000
__Lnvbit                             nvbit         00000
__Lnvrram                            nvrram        00000
__Lpa_nodes                          pa_nodes      00000
__Lparam                             rparam        00000
__Lpowerup                           powerup       00028
__Lram                               ram           00000
__Lramtop                            ramtop        01000
__Lrbit                              rbit          00000
__Lrbss                              rbss          00000
__Lrdata                             rdata         00000
__Lreset_vec                         reset_vec     00000
__Lrparam                            rparam        00000
__Lsfr                               sfr           00000
__Lsmallconst                        smallconst    01000
__Lspace_0                           (abs)         00000
__Lspace_1                           (abs)         00000
__Lspace_2                           (abs)         00000
__Lstack                             stack         00000
__Lstruct                            struct        00000
__Ltemp                              temp          0005E
__Ltext                              text          00000
__Ltext0                             text0         00000
__Ltext1                             text1         00000
__Ltext10                            text10        00000
__Ltext100                           text100       00000
__Ltext101                           text101       00000
__Ltext102                           text102       00000
__Ltext103                           text103       00000
__Ltext104                           text104       00000
__Ltext105                           text105       00000
__Ltext106                           text106       00000
__Ltext107                           text107       00000
__Ltext108                           text108       00000
__Ltext109                           text109       00000
__Ltext11                            text11        00000
__Ltext110                           text110       00000
__Ltext111                           text111       00000
__Ltext112                           text112       00000
__Ltext113                           text113       00000
__Ltext114                           text114       00000
__Ltext115                           text115       00000
__Ltext118                           text118       00000
__Ltext119                           text119       00000
__Ltext12                            text12        00000
__Ltext13                            text13        00000
__Ltext14                            text14        00000
__Ltext15                            text15        00000
__Ltext16                            text16        00000
__Ltext17                            text17        00000
__Ltext18                            text18        00000
__Ltext19                            text19        00000
__Ltext2                             text2         00000
__Ltext20                            text20        00000
__Ltext21                            text21        00000
__Ltext22                            text22        00000
__Ltext23                            text23        00000
__Ltext24                            text24        00000
__Ltext25                            text25        00000
[...]
      Params:         0       0       0       0       0       0       0       0       0       0       0       0       0       0       0       0       0
      Locals:         0       0       0       0       0       0       0       0       0       0       0       0       0       0       0       0       0
      Temps:          0       0       0       0       0       0       0       0       0       0       0       0       0       0       0       0       0
      Totals:         0       0       0       0       0       0       0       0       0       0       0       0       0       0       0       0       0
Total ram usage:        0 bytes
 Hardware stack levels used:    1
 This function calls:
		Nothing
 This function is called by:
		_high_isr
 This function uses a non-reentrant model



MODULE INFORMATION

Module		Function		Class		Link	Load	Size
C:\Program Files (x86)\Microchip\xc8\v1.35\sources\common\printf.c
		_printf        		CODE           	62FE	0000	37

C:\Program Files (x86)\Microchip\xc8\v1.35\sources\common\printf.c estimated size: 37

udp_demo.c
		_DEMO_UDP_SetClaimIP		CODE           	6642	0000	9
		_DEMO_UDP_MeasureTemp		CODE           	64CC	0000	25
		_DEMO_UDP_IPLockTimer		CODE           	6540	0000	23
		_DEMO_UDP_ClaimIPCheck		CODE           	64B2	0000	27
		_DEMO_UDP_Send 		CODE           	5086	0000	217
		_DEMO_UDP_Recv 		CODE           	30B8	0000	885
		_DEMO_UDP_IdlePkt		CODE           	6208	0000	35

udp_demo.c estimated size: 1221

../board_support_package/picdem2_net/rtcc.c
		_rtcc_handler  		CODE           	62B0	0000	41
		_rtcc_init     		CODE           	604C	0000	57
		_time          		CODE           	5AA4	0000	85

../board_support_package/picdem2_net/rtcc.c estimated size: 183

../board_support_package/picdem2_net/uart.c
		_putch         		CODE           	6464	0000	27
		_uart_init     		CODE           	6514	0000	23

../board_support_package/picdem2_net/uart.c estimated size: 50

../board_support_package/picdem2_net/hardware.c
		_initHW        		CODE           	5F94	0000	63

../board_support_package/picdem2_net/hardware.c estimated size: 63

../../TCPIP Library/ethernet_drivers/encX24J600_driver.c
		_ETH_SendSystemReset		CODE           	58C0	0000	107
		_ETH_ResetReceiver		CODE           	5E94	0000	65
		_ETH_CheckLinkUp		CODE           	60EE	0000	53
		_ETH_Init      		CODE           	4D4E	0000	257
		_ETH_RxComputeChecksum		CODE           	5178	0000	171
		_ETH_NextPacketUpdate		CODE           	5850	0000	113
		_ETH_Flush     		CODE           	60BA	0000	53
		_ETH_Send      		CODE           	638A	0000	35
		_waitForDMA    		CODE           	0000	0000	1
		_ETH_WriteStart		CODE           	5AF8	0000	77
		_ETH_Copy      		CODE           	556A	0000	145
		_ETH_GetMAC    		CODE           	59F8	0000	75
		_ETH_ResetByteCount		CODE           	659E	0000	17
		_ETH_SaveRDPT  		CODE           	658E	0000	17
		_ETH_Dump      		CODE           	5DBE	0000	75
		_ETH_GetByteCount		CODE           	642A	0000	31
		_ETH_readLinkStatus		CODE           	0000	0000	1
		_ETH_TxComputeChecksum		CODE           	52E2	0000	161
		_ETH_EventHandler		CODE           	538A	0000	167

../../TCPIP Library/ethernet_drivers/encX24J600_driver.c estimated size: 1621

../../TCPIP Library/source/icmp.c
		_ICMP_Receive  		CODE           	5D28	0000	69
		_ICMP_EchoReply		CODE           	4AC0	0000	267

../../TCPIP Library/source/icmp.c estimated size: 336

../board_support_package/picdem2_net/led_driver.c
		_LED_Init      		CODE           	63AC	0000	33

../board_support_package/picdem2_net/led_driver.c estimated size: 33

../../TCPIP Library/source/syslog.c
		_SYSLOG_Init   		CODE           	6152	0000	47
		_SYSLOG_Write  		CODE           	62D8	0000	39

../../TCPIP Library/source/syslog.c estimated size: 86

C:\Program Files (x86)\Microchip\xc8\v1.35\sources\common\sprintf.c
		_sprintf       		CODE           	61DC	0000	45

C:\Program Files (x86)\Microchip\xc8\v1.35\sources\common\sprintf.c estimated size: 45

C:\Program Files (x86)\Microchip\xc8\v1.35\sources\common\memset.c
		_memset        		CODE           	6234	0000	43

C:\Program Files (x86)\Microchip\xc8\v1.35\sources\common\memset.c estimated size: 43

C:\Program Files (x86)\Microchip\xc8\v1.35\sources\common\lwmod.c
		___lwmod       		CODE           	5FD2	0000	63

C:\Program Files (x86)\Microchip\xc8\v1.35\sources\common\lwmod.c estimated size: 63

../../TCPIP Library/source/ipv4.c
		_IPV4_GetMyIP  		CODE           	657C	0000	19
		_IPV4_Send     		CODE           	5930	0000	99
		_IPV4_Packet   		CODE           	37E8	0000	485
		_IPV4_PseudoHeaderChecksum		CODE           	5604	0000	153
		_IPv4_Start    		CODE           	466E	0000	381
		_IPV4_Init     		CODE           	660C	0000	13

../../TCPIP Library/source/ipv4.c estimated size: 1150

../../TCPIP Library/ethernet_drivers/encX24j600_spi.c
		_ENCx24_PHYWrite		CODE           	6180	0000	39
		_ENCx24_BankselSPI		CODE           	5A4E	0000	87
		_ETH_Write8    		CODE           	6498	0000	27
		_ETH_Write32   		CODE           	6288	0000	41
		_ETH_Write16   		CODE           	6322	0000	27
		_ETH_Insert    		CODE           	5BA0	0000	85
		_ETH_Read8     		CODE           	6122	0000	49
		_ETH_Read32    		CODE           	599C	0000	93
		_ETH_Read16    		CODE           	5CDC	0000	63
		_ENCx24_BFC    		CODE           	5F54	0000	65
		_ENCx24_BFS    		CODE           	5F14	0000	65
		_ENCx24_Read   		CODE           	5E08	0000	75
		_ETH_WriteBlock		CODE           	5B4C	0000	85
		_ETH_ReadBlock 		CODE           	5734	0000	147
		_ENCx24_Write  		CODE           	5E52	0000	67
		_ETH_MACRead8  		CODE           	6010	0000	61
		_ETH_SetRXptr  		CODE           	64E4	0000	25
		_ENCx24_PhyRead		CODE           	5ED4	0000	65
		_ETH_Set_TXRTS 		CODE           	6618	0000	13
		_ETH_SetPktDec 		CODE           	6600	0000	13

../../TCPIP Library/ethernet_drivers/encX24j600_spi.c estimated size: 1192

C:\Program Files (x86)\Microchip\xc8\v1.35\sources\common\doprnt.c
		__doprnt       		CODE           	3AF2	0000	595

C:\Program Files (x86)\Microchip\xc8\v1.35\sources\common\doprnt.c estimated size: 595

../../TCPIP Library/source/udpv4.c
		_UDP_Receive   		CODE           	4F7E	0000	235
		_UDP_GetDestPort		CODE           	6638	0000	11
		_UDP_Write8    		CODE           	0000	0000	1
		_UDP_Write32   		CODE           	0000	0000	1
		_UDP_Write16   		CODE           	0000	0000	1
		_UDP_Read8     		CODE           	0000	0000	1
		_UDP_WriteBlock		CODE           	0000	0000	1
		_UDP_Send      		CODE           	57C6	0000	113
		_UDP_ReadBlock 		CODE           	6556	0000	21
		_UDP_GetDestIP 		CODE           	656A	0000	19
		_UDP_Start     		CODE           	5BF4	0000	79

../../TCPIP Library/source/udpv4.c estimated size: 483

../../TCPIP Library/source/dhcp_client.c
		_DHCP_Handler  		CODE           	3DE2	0000	587
		_DHCP_Request  		CODE           	44BC	0000	393
		_DHCP_WriteZeros		CODE           	64FC	0000	25
		_DHCP_Manage   		CODE           	569C	0000	141

../../TCPIP Library/source/dhcp_client.c estimated size: 1146

shared
		PL268          		CODE           	2B64	0000	27
		PL458          		CODE           	2C86	0000	11
		PL496          		CODE           	592A	0000	7
		PL178          		CODE           	23D6	0000	11
		PL368          		CODE           	3064	0000	15
		_dhcpName      		SMALLCONST     	1013	0000	22
		PL278          		CODE           	3A9A	0000	17
		PL468          		CODE           	3DD8	0000	11
		PL200          		CODE           	3762	0000	41
		PL188          		CODE           	240E	0000	19
		PL378          		CODE           	24EA	0000	11
		PL110          		CODE           	2210	0000	35
		PL300          		CODE           	5992	0000	11
		PL288          		CODE           	4BEA	0000	25
		PL478          		CODE           	5B44	0000	9
		PL210          		CODE           	2452	0000	11
		PL400          		CODE           	641E	0000	13
		PL198          		CODE           	300C	0000	41
		PL388          		CODE           	2512	0000	11
		PL120          		CODE           	22A6	0000	27
		PL310          		CODE           	4488	0000	19
		PL298          		CODE           	5222	0000	11
		PL488          		CODE           	4E6A	0000	7
		PL220          		CODE           	378A	0000	21
		PL410          		CODE           	349C	0000	13
		PL398          		CODE           	4A9E	0000	13
		PL130          		CODE           	2F8C	0000	33
		PL320          		CODE           	402C	0000	19
		PL498          		CODE           	54C8	0000	7
		PL230          		CODE           	379E	0000	29
		PL420          		CODE           	3072	0000	11
		_macAddress    		SMALLCONST     	0000	0000	0
		PL140          		CODE           	4466	0000	11
		PL330          		CODE           	247C	0000	11
		PL202          		CODE           	243A	0000	7
		PL240          		CODE           	3034	0000	27
		PL430          		CODE           	307C	0000	11
		_dpowers       		SMALLCONST     	1001	0000	11
		PL112          		CODE           	2232	0000	71
		PL302          		CODE           	3DA8	0000	15
		PL150          		CODE           	2356	0000	11
		PL340          		CODE           	2490	0000	11
		PL212          		CODE           	4470	0000	11
		PL402          		CODE           	4AAA	0000	13
		PL250          		CODE           	245C	0000	15
		PL440          		CODE           	4E58	0000	11
		PL122          		CODE           	22C0	0000	13
		PL312          		CODE           	2BD8	0000	19
		PL160          		CODE           	237A	0000	27
		PL350          		CODE           	24AE	0000	11
		PL222          		CODE           	5A42	0000	13
		PL412          		CODE           	4D42	0000	13
		PL260          		CODE           	2B16	0000	27
		PL450          		CODE           	4E62	0000	9
		PL132          		CODE           	2316	0000	29
		PL322          		CODE           	5728	0000	13
		PL170          		CODE           	23CA	0000	13
		PL360          		CODE           	2C38	0000	15
		PL232          		CODE           	2AAE	0000	9
		PL422          		CODE           	2C74	0000	11
		PL270          		CODE           	2B7E	0000	27
		PL460          		CODE           	4C0C	0000	11
		PL142          		CODE           	2344	0000	9
		PL332          		CODE           	2C0E	0000	11
		PL180          		CODE           	23E0	0000	11
		PL370          		CODE           	5D1A	0000	15
		PL204          		CODE           	2440	0000	19
		PL242          		CODE           	2AB6	0000	29
		PL432          		CODE           	3086	0000	11
		PL280          		CODE           	2BB2	0000	25
		PL470          		CODE           	3AD4	0000	11
		_UDP_CallBackTable		SMALLCONST     	1028	0000	16
		PL114          		CODE           	2278	0000	11
		PL304          		CODE           	427C	0000	15
		PL152          		CODE           	39CC	0000	97
		PL342          		CODE           	449A	0000	11
		PL190          		CODE           	2A82	0000	27
		PL380          		CODE           	24F4	0000	11
		PL214          		CODE           	3468	0000	11
		PL404          		CODE           	4E4E	0000	11
		PL252          		CODE           	2AD2	0000	15
		PL442          		CODE           	2530	0000	11
		PL290          		CODE           	37D4	0000	11
		PL480          		CODE           	44B2	0000	11
		PL124          		CODE           	22CC	0000	35
		PL314          		CODE           	2BEA	0000	19
		PL162          		CODE           	2A74	0000	15
		PL352          		CODE           	24B8	0000	11
		PL390          		CODE           	2C54	0000	11
		__initialization		CODE           	6084	0000	45
		PL224          		CODE           	4BCA	0000	33
		PL414          		CODE           	4F74	0000	11
		PL262          		CODE           	4A56	0000	27
		PL452          		CODE           	37DE	0000	11
		PL490          		CODE           	5D6C	0000	9
		PL134          		CODE           	2332	0000	19
		PL324          		CODE           	3486	0000	13
		PL172          		CODE           	3446	0000	35
		PL362          		CODE           	515E	0000	15
		PL234          		CODE           	3D78	0000	19
		PL424          		CODE           	3ACA	0000	11
		PL272          		CODE           	3A80	0000	27
		PL462          		CODE           	622A	0000	11
		PL144          		CODE           	4262	0000	27
		PL334          		CODE           	2C18	0000	17
		PL182          		CODE           	4A20	0000	55
		PL372          		CODE           	3DB6	0000	15
		PL206          		CODE           	3A2C	0000	41
		PL244          		CODE           	3A66	0000	27
		PL434          		CODE           	3090	0000	11
		PL282          		CODE           	3D98	0000	9
		PL472          		CODE           	3ADE	0000	11
		PL116          		CODE           	2282	0000	37
		PL306          		CODE           	2BCA	0000	15
		PL154          		CODE           	2FAC	0000	97
		PL344          		CODE           	249A	0000	11
		PL192          		CODE           	3D6C	0000	13
		PL382          		CODE           	24FE	0000	11
		PL216          		CODE           	3472	0000	11
		PL406          		CODE           	633C	0000	11
		PL254          		CODE           	37BA	0000	27
		PL444          		CODE           	309A	0000	11
		PL292          		CODE           	4A88	0000	23
		PL482          		CODE           	30AE	0000	11
		PL126          		CODE           	4944	0000	27
		PL316          		CODE           	2BFC	0000	19
		PL164          		CODE           	2394	0000	15
		PL354          		CODE           	24C2	0000	17
		PL392          		CODE           	251C	0000	11
		_hexpowers     		SMALLCONST     	100B	0000	9
		PL226          		CODE           	5068	0000	11
		PL416          		CODE           	3AC0	0000	11
		PL264          		CODE           	2B30	0000	27
		PL454          		CODE           	2C7E	0000	9
		PL492          		CODE           	2C90	0000	9
		PL136          		CODE           	4446	0000	33
		PL326          		CODE           	2472	0000	11
		PL174          		CODE           	3D44	0000	17
		PL364          		CODE           	44A4	0000	15
		PL236          		CODE           	4644	0000	19
		PL426          		CODE           	2526	0000	11
		PL274          		CODE           	2B98	0000	27
		PL464          		CODE           	4AB6	0000	11
		_broadcastMAC  		SMALLCONST     	1037	0000	7
		PL146          		CODE           	234C	0000	11
		PL336          		CODE           	4656	0000	11
		PL184          		CODE           	23EA	0000	19
		PL374          		CODE           	4660	0000	15
		PL208          		CODE           	2A9C	0000	11
		PL246          		CODE           	3D8A	0000	15
		PL436          		CODE           	3DC4	0000	11
		PL284          		CODE           	3DA0	0000	9
		PL474          		CODE           	3AE8	0000	11
		PL118          		CODE           	2A08	0000	25
		PL308          		CODE           	5072	0000	21
		PL156          		CODE           	2A20	0000	85
		PL346          		CODE           	4C02	0000	11
		PL194          		CODE           	2420	0000	9
		PL384          		CODE           	2508	0000	11
		PL218          		CODE           	347C	0000	11
		PL408          		CODE           	516C	0000	13
		PL256          		CODE           	2AE0	0000	29
		PL446          		CODE           	47EA	0000	11
		PL294          		CODE           	3AAA	0000	23
		PL484          		CODE           	253A	0000	11
		PL128          		CODE           	22EE	0000	41
		PL318          		CODE           	246A	0000	9
		PL166          		CODE           	23A2	0000	15
		PL356          		CODE           	24D2	0000	11
		PL394          		CODE           	428A	0000	11
		PL228          		CODE           	2AA6	0000	9
		PL418          		CODE           	2C6A	0000	11
		PL266          		CODE           	2B4A	0000	27
		PL456          		CODE           	54C2	0000	7
		PL494          		CODE           	403E	0000	9
		PL138          		CODE           	342C	0000	27
		PL328          		CODE           	555A	0000	17
		PL176          		CODE           	3D54	0000	25
		PL366          		CODE           	2C46	0000	15
		PL238          		CODE           	3A54	0000	19
		PL428          		CODE           	61A6	0000	9
		PL276          		CODE           	5836	0000	27
		PL466          		CODE           	3DCE	0000	11
		PL148          		CODE           	36F0	0000	115
		PL338          		CODE           	2486	0000	11
		PL186          		CODE           	23FC	0000	19
		PL376          		CODE           	24DC	0000	15
		PL248          		CODE           	447A	0000	15
		PL438          		CODE           	55FA	0000	11
		PL286          		CODE           	4A70	0000	25
		PL476          		CODE           	522C	0000	11
		PL158          		CODE           	2360	0000	27
		PL348          		CODE           	24A4	0000	11
		PL196          		CODE           	2428	0000	19
		PL386          		CODE           	3492	0000	11
		PL258          		CODE           	2AFC	0000	27
		PL448          		CODE           	30A4	0000	11
		PL296          		CODE           	304E	0000	23
		PL486          		CODE           	5382	0000	9
		PL168          		CODE           	23B0	0000	27
		PL358          		CODE           	2C28	0000	17
		PL396          		CODE           	2C5E	0000	13

shared estimated size: 3727

../board_support_package/picdem2_net/adc.c
		_ADC_Initialize		CODE           	652A	0000	23
		_ADC_GetConversion		CODE           	61AE	0000	47

../board_support_package/picdem2_net/adc.c estimated size: 70

../../TCPIP Library/source/tcpv4.c
		_TCP_FiniteStateMachine		CODE           	10B4	0000	4445
		_TCP_ParseTCPOptions		CODE           	4E70	0000	261
		_TCB_Reset     		CODE           	47F4	0000	337
		_TCP_Init      		CODE           	65D8	0000	15
		_TCP_Snd       		CODE           	2544	0000	1221
		_TCP_PayloadSave		CODE           	4294	0000	435
		_TCP_Recv      		CODE           	2C98	0000	757
		_TCP_Update    		CODE           	4046	0000	541

../../TCPIP Library/source/tcpv4.c estimated size: 8012

C:\Program Files (x86)\Microchip\xc8\v1.35\sources\common\memcmp.c
		_memcmp        		CODE           	5C90	0000	77

C:\Program Files (x86)\Microchip\xc8\v1.35\sources\common\memcmp.c estimated size: 77

C:\Program Files (x86)\Microchip\xc8\v1.35\sources\common\lwdiv.c
		___lwdiv       		CODE           	5D74	0000	75

C:\Program Files (x86)\Microchip\xc8\v1.35\sources\common\lwdiv.c estimated size: 75

../board_support_package/picdem2_net/lcd_hw.c
		_lcd_write_data		CODE           	63CC	0000	33
		_lcd_write_ctrl		CODE           	63EC	0000	33
		_lcd_busy      		CODE           	662E	0000	11
		_lcd_init_pins 		CODE           	6624	0000	11

../board_support_package/picdem2_net/lcd_hw.c estimated size: 88

../../TCPIP Library/source/arpv4.c
		_ARPV4_Packet  		CODE           	34A8	0000	585
		_ARPV4_Init    		CODE           	647E	0000	27
		_ARPV4_Lookup  		CODE           	5C42	0000	79
		_ARPV4_Update  		CODE           	625E	0000	43
		_ARPV4_Request 		CODE           	495E	0000	195

../../TCPIP Library/source/arpv4.c estimated size: 929

main.c
		_main          		CODE           	4C16	0000	301
		_high_isr      		CODE           	0008	0000	15
		_low_isr       		CODE           	0018	0000	17

main.c estimated size: 333

../board_support_package/picdem2_net/lcd.c
		_lcd_puts      		CODE           	640C	0000	19
		_lcd_putch     		CODE           	6448	0000	29
		_lcd_clear     		CODE           	6346	0000	35
		_lcd_goto1     		CODE           	65CA	0000	15
		_lcd_goto2     		CODE           	65BC	0000	15
		_lcd_init      		CODE           	5430	0000	147

../board_support_package/picdem2_net/lcd.c estimated size: 260

../board_support_package/picdem2_net/mssp_spi_master.c
		_SPI_ExchangeByte		CODE           	65E6	0000	15
		_spi_init      		CODE           	65F4	0000	13

../board_support_package/picdem2_net/mssp_spi_master.c estimated size: 28

../../TCPIP Library/source/network.c
		_Network_Read  		CODE           	5236	0000	173
		_Network_Init  		CODE           	6368	0000	35
		_Network_WaitForLink		CODE           	65AE	0000	15
		_Network_Manage		CODE           	54CE	0000	141

../../TCPIP Library/source/network.c estimated size: 364

