Microchip MPLAB XC8 Compiler V1.35 ()

Linker command line:

--edf=C:\Program Files (x86)\Microchip\xc8\v1.35\dat\en_msgs.txt -cs \
  -h+dist/PICDEM.net2_ETH97J60/production\tcpServerDEMO.X.production.sym \
  --cmf=dist/PICDEM.net2_ETH97J60/production\tcpServerDEMO.X.production.cmf \
  -z -Q18F97J60 -oC:\Users\c16008\AppData\Local\Temp\sbls.2 \
  -Mdist/PICDEM.net2_ETH97J60/production/tcpServerDEMO.X.production.map -E1 \
  -ver=XC8 -ASTACK=0368h-0e7dh -pstack=STACK -ACODE=00h-01FFF7h \
  -ACONST=00h-01FFF7h -ASMALLCONST=01000h-010FFhx495,01FF00h-01FFF7h \
  -AMEDIUMCONST=01000h-0FFFFh,011000h-01FFF7h -ACOMRAM=01h-05Fh \
  -AABS1=00h-0E7Fh,0F00h-0F5Fh -ABIGRAM=01h-0E7Fh,0F00h-0F5Fh \
  -ARAM=060h-0FFh,0100h-01FFhx13,0E00h-0E7Fh,0F00h-0F5Fh -ABANK0=060h-0FFh \
  -ABANK1=0100h-01FFh -ABANK2=0200h-02FFh -ABANK3=0300h-03FFh \
  -ABANK4=0400h-04FFh -ABANK5=0500h-05FFh -ABANK6=0600h-06FFh \
  -ABANK7=0700h-07FFh -ABANK8=0800h-08FFh -ABANK9=0900h-09FFh \
  -ABANK10=0A00h-0AFFh -ABANK11=0B00h-0BFFh -ABANK12=0C00h-0CFFh \
  -ABANK13=0D00h-0DFFh -ABANK14=0E00h-0E7Fh -ABANK15=0F00h-0F5Fh \
  -ASFR=0E80h-0EFFh,0F60h-0FFFh \
  -preset_vec=00h,intcode=08h,intcodelo=018h,powerup,init,end_init \
  -pramtop=01000h -psmallconst=SMALLCONST -pmediumconst=MEDIUMCONST \
  -pconst=CONST -AFARRAM=00h-00h -ACONFIG=01FFF8h-01FFFDh -pconfig=CONFIG \
  -pjflash_buffer=01F800h \
  -prdata=COMRAM,nvrram=COMRAM,nvbit=COMRAM,rbss=COMRAM,rbit=COMRAM \
  -pfarbss=FARRAM,fardata=FARRAM,nvFARRAM=FARRAM \
  -pintsave_regs=BIGRAM,bigbss=BIGRAM,bigdata=BIGRAM -pbss=RAM \
  -pidata=CODE,irdata=CODE,ibigdata=CODE,ifardata=CODE -prparam=COMRAM \
  C:\Users\c16008\AppData\Local\Temp\sbls.obj \
  dist/PICDEM.net2_ETH97J60/production\tcpServerDEMO.X.production.obj 

Object code version is 3.11

Machine type is 18F97J60

Call graph: (short form)




                Name                               Link     Load   Length Selector   Space Scale
C:\Users\c16008\AppData\Local\Temp\sbls.obj
                end_init                             3A       3A        4        C       0
                reset_vec                             0        0        4        0       0
                config                            1FFF8    1FFF8        6    1FFF8       0
dist/PICDEM.net2_ETH97J60/production\tcpServerDEMO.X.production.obj
                intcodelo                            18       18       22        C       0
                intcode                               8        8        6        4       0
                temp                                 49       49        1        1       1
                smallconst                         1000     1000       BA      800       0
                text110                            60CA     60CA       28      85D       0
                intcode_body                       63BA     63BA        8      85D       0
                text107                            4FEA     4FEA       AA      85D       0
                text105                            5FC8     5FC8       2E      85D       0
                text104                            5F04     5F04       36      85D       0
                text102                            55D8     55D8       7E      85D       0
                text101                            618A     618A       24      85D       0
                text100                            573E     573E       6E      85D       0
                text99                             587C     587C       5A      85D       0
                text98                             57AC     57AC       6C      85D       0
                text97                             4384     4384      16A      85D       0
                text95                             5818     5818       64      85D       0
                text93                             5DAC     5DAC       40      85D       0
                text92                             5ECE     5ECE       36      85D       0
                text91                             5136     5136       A0      85D       0
                text90                             5436     5436       8E      85D       0
                text89                             56CE     56CE       70      85D       0
                text88                             5AC6     5AC6       4E      85D       0
                text87                             5E98     5E98       36      85D       0
                text86                             5C44     5C44       4C      85D       0
                text85                             63B0     63B0        A      85D       0
                text84                             48D2     48D2      120      85D       0
                text83                             44EE     44EE      164      85D       0
                text82                             6364     6364        E      85D       0
                text81                             62D8     62D8       1A      85D       0
                text80                             63A6     63A6        A      85D       0
                text79                             4202     4202      182      85D       0
                text78                             2558     2558      72A      85D       0
                text77                             3E3A     3E3A      216      85D       0
                text76                             10BA     10BA     149E      85D       0
                text75                             5656     5656       78      85D       0
                text74                             6164     6164       26      85D       0
                text73                             5094     5094       A2      85D       0
                text72                             60A0     60A0       2A      85D       0
                text71                             5D22     5D22       48      85D       0
                text70                             5274     5274       9A      85D       0
                text69                             4B00     4B00      10C      85D       0
                text68                             6336     6336       12      85D       0
                text67                             62BE     62BE       1A      85D       0
                text65                             4F40     4F40       AA      85D       0
                text63                             5F3A     5F3A       32      85D       0
                text62                             63C2     63C2        4      85D       0
                text61                             5A28     5A28       50      85D       0
                text60                             47A6     47A6      12C      85D       0
                text59                             639C     639C        A      85D       0
                text58                             6288     6288       1C      85D       0
                text57                             5984     5984       54      85D       0
                text56                             61AE     61AE       22      85D       0
                text55                             6076     6076       2A      85D       0
                text54                             62F2     62F2       18      85D       0
                text53                             624E     624E       1E      85D       0
                text52                             54C4     54C4       8C      85D       0
                text51                             5A78     5A78       4E      85D       0
                text50                             4050     4050      1B2      85D       0
                text49                             5550     5550       88      85D       0
                text48                             5BF8     5BF8       4C      85D       0
                text47                             3054     3054      342      85D       0
                text46                             59D8     59D8       50      85D       0
                text45                             592E     592E       56      85D       0
                text44                             5CDA     5CDA       48      85D       0
                text43                             5C90     5C90       4A      85D       0
                text42                             5DEC     5DEC       3E      85D       0
                text41                             62A4     62A4       1A      85D       0
                text40                             368E     368E      2F0      85D       0
                text39                             613E     613E       26      85D       0
                text38                             6118     6118       26      85D       0
                text37                             60F2     60F2       26      85D       0
                text36                             4DDC     4DDC       B6      85D       0
                text35                             6392     6392        A      85D       0
                text34                             4652     4652      154      85D       0
                text33                             5BAC     5BAC       4C      85D       0
                text32                             530E     530E       98      85D       0
                text31                             5F9A     5F9A       2E      85D       0
                text30                             5D6A     5D6A       42      85D       0
                text29                             604C     604C       2A      85D       0
                text28                             49F2     49F2      10E      85D       0
                text27                             2C82     2C82      3D2      85D       0
                text26                             58D6     58D6       58      85D       0
                text25                             5B60     5B60       4C      85D       0
                text24                             397E     397E      264      85D       0
                text23                             4CFE     4CFE       DE      85D       0
                text22                             3396     3396      2F8      85D       0
                text21                             5FF6     5FF6       2C      85D       0
                text20                             4E92     4E92       AE      85D       0
                text19                             3BE2     3BE2      258      85D       0
                text18                             53A6     53A6       90      85D       0
                text17                             6356     6356        E      85D       0
                text16                             5F6C     5F6C       2E      85D       0
                text15                             6320     6320       16      85D       0
                text14                             6210     6210       20      85D       0
                text13                             6388     6388        A      85D       0
                text12                             637E     637E        A      85D       0
                text11                             61F0     61F0       20      85D       0
                text10                             51D6     51D6       9E      85D       0
                text9                              5E2A     5E2A       38      85D       0
                text8                              6372     6372        C      85D       0
                text7                              630A     630A       16      85D       0
                text6                              5E62     5E62       36      85D       0
                text5                              6348     6348        E      85D       0
                text4                              61D0     61D0       20      85D       0
                text3                              626C     626C       1C      85D       0
                text2                              6230     6230       1E      85D       0
                text1                              6022     6022       2A      85D       0
                text0                              4C0C     4C0C       F2      85D       0
                cstackCOMRAM                          1        1       32        1       1
                cstackBANK0                          60       60       A0       60       1
                cstackBANK1                         100      100       BD      100       1
                cstackBANK2                         2A3      2A3       2D      200       1
                bssBANK3                            300      300       68      300       1
                bssBANK2                            200      200       A3      200       1
                bssBANK1                            1BD      1BD       2F      100       1
                dataCOMRAM                           48       48        1        1       1
                bssCOMRAM                            33       33       15        1       1
                cinit                              5B14     5B14       4C      85D       0
                nvBANK2                             2D0      2D0        8      200       1
                idataCOMRAM                        63C6     63C6        1      85D       0

TOTAL           Name                               Link     Load   Length     Space
        CLASS   STACK          

        CLASS   CODE           
                end_init                             3A       3A        4         0
                intcodelo                            18       18       22         0
                intcode                               8        8        6         0
                reset_vec                             0        0        4         0
                text110                            60CA     60CA       28         0
                intcode_body                       63BA     63BA        8         0
                text107                            4FEA     4FEA       AA         0
                text105                            5FC8     5FC8       2E         0
                text104                            5F04     5F04       36         0
                text102                            55D8     55D8       7E         0
                text101                            618A     618A       24         0
                text100                            573E     573E       6E         0
                text99                             587C     587C       5A         0
                text98                             57AC     57AC       6C         0
                text97                             4384     4384      16A         0
                text95                             5818     5818       64         0
                text93                             5DAC     5DAC       40         0
                text92                             5ECE     5ECE       36         0
                text91                             5136     5136       A0         0
                text90                             5436     5436       8E         0
                text89                             56CE     56CE       70         0
                text88                             5AC6     5AC6       4E         0
                text87                             5E98     5E98       36         0
                text86                             5C44     5C44       4C         0
                text85                             63B0     63B0        A         0
                text84                             48D2     48D2      120         0
                text83                             44EE     44EE      164         0
                text82                             6364     6364        E         0
                text81                             62D8     62D8       1A         0
                text80                             63A6     63A6        A         0
                text79                             4202     4202      182         0
                text78                             2558     2558      72A         0
                text77                             3E3A     3E3A      216         0
                text76                             10BA     10BA     149E         0
                text75                             5656     5656       78         0
                text74                             6164     6164       26         0
                text73                             5094     5094       A2         0
                text72                             60A0     60A0       2A         0
                text71                             5D22     5D22       48         0
                text70                             5274     5274       9A         0
                text69                             4B00     4B00      10C         0
                text68                             6336     6336       12         0
                text67                             62BE     62BE       1A         0
                text65                             4F40     4F40       AA         0
                text63                             5F3A     5F3A       32         0
                text62                             63C2     63C2        4         0
                text61                             5A28     5A28       50         0
                text60                             47A6     47A6      12C         0
                text59                             639C     639C        A         0
                text58                             6288     6288       1C         0
                text57                             5984     5984       54         0
                text56                             61AE     61AE       22         0
                text55                             6076     6076       2A         0
                text54                             62F2     62F2       18         0
                text53                             624E     624E       1E         0
                text52                             54C4     54C4       8C         0
                text51                             5A78     5A78       4E         0
                text50                             4050     4050      1B2         0
                text49                             5550     5550       88         0
                text48                             5BF8     5BF8       4C         0
                text47                             3054     3054      342         0
                text46                             59D8     59D8       50         0
                text45                             592E     592E       56         0
                text44                             5CDA     5CDA       48         0
                text43                             5C90     5C90       4A         0
                text42                             5DEC     5DEC       3E         0
                text41                             62A4     62A4       1A         0
                text40                             368E     368E      2F0         0
                text39                             613E     613E       26         0
                text38                             6118     6118       26         0
                text37                             60F2     60F2       26         0
                text36                             4DDC     4DDC       B6         0
                text35                             6392     6392        A         0
                text34                             4652     4652      154         0
                text33                             5BAC     5BAC       4C         0
                text32                             530E     530E       98         0
                text31                             5F9A     5F9A       2E         0
                text30                             5D6A     5D6A       42         0
                text29                             604C     604C       2A         0
                text28                             49F2     49F2      10E         0
                text27                             2C82     2C82      3D2         0
                text26                             58D6     58D6       58         0
                text25                             5B60     5B60       4C         0
                text24                             397E     397E      264         0
                text23                             4CFE     4CFE       DE         0
                text22                             3396     3396      2F8         0
                text21                             5FF6     5FF6       2C         0
                text20                             4E92     4E92       AE         0
                text19                             3BE2     3BE2      258         0
                text18                             53A6     53A6       90         0
                text17                             6356     6356        E         0
                text16                             5F6C     5F6C       2E         0
                text15                             6320     6320       16         0
                text14                             6210     6210       20         0
                text13                             6388     6388        A         0
                text12                             637E     637E        A         0
                text11                             61F0     61F0       20         0
                text10                             51D6     51D6       9E         0
                text9                              5E2A     5E2A       38         0
                text8                              6372     6372        C         0
                text7                              630A     630A       16         0
                text6                              5E62     5E62       36         0
                text5                              6348     6348        E         0
                text4                              61D0     61D0       20         0
                text3                              626C     626C       1C         0
                text2                              6230     6230       1E         0
                text1                              6022     6022       2A         0
                text0                              4C0C     4C0C       F2         0
                cinit                              5B14     5B14       4C         0
                idataCOMRAM                        63C6     63C6        1         0

        CLASS   CONST          

        CLASS   SMALLCONST     
                smallconst                         1000     1000       BA         0

        CLASS   MEDIUMCONST    

        CLASS   COMRAM         
                temp                                 49       49        1         1
                cstackCOMRAM                          1        1       32         1
                dataCOMRAM                           48       48        1         1
                bssCOMRAM                            33       33       15         1

        CLASS   ABS1           
                abs_s1                              E7E      E7E        2         1

        CLASS   BIGRAM         

        CLASS   RAM            

        CLASS   BANK0          
                cstackBANK0                          60       60       A0         1

        CLASS   BANK1          
                cstackBANK1                         100      100       BD         1
                bssBANK1                            1BD      1BD       2F         1

        CLASS   BANK2          
                cstackBANK2                         2A3      2A3       2D         1
                bssBANK2                            200      200       A3         1
                nvBANK2                             2D0      2D0        8         1

        CLASS   BANK3          
                bssBANK3                            300      300       68         1

        CLASS   BANK4          

        CLASS   BANK5          

        CLASS   BANK6          

        CLASS   BANK7          

        CLASS   BANK8          

        CLASS   BANK9          

        CLASS   BANK10         

        CLASS   BANK11         

        CLASS   BANK12         

        CLASS   BANK13         

        CLASS   BANK14         

        CLASS   BANK15         

        CLASS   SFR            

        CLASS   FARRAM         

        CLASS   CONFIG         
                config                            1FFF8    1FFF8        6         0

        CLASS   IDLOC          



SEGMENTS        Name                           Load    Length   Top    Selector   Space  Class

                reset_vec                      000000  000004  000004         0       0  CODE    
                cstackCOMRAM                   000001  000049  00004A         1       1  COMRAM  
                intcode                        000008  000006  00000E         4       0  CODE    
                intcodelo                      000018  000026  00003E         C       0  CODE    
                cstackBANK0                    000060  0000A0  000100        60       1  BANK0   
                cstackBANK1                    000100  0000EC  0001EC       100       1  BANK1   
                bssBANK2                       000200  0000D8  0002D8       200       1  BANK2   
                bssBANK3                       000300  000068  000368       300       1  BANK3   
                smallconst                     001000  0000BA  0010BA       800       0  SMALLCON
                text76                         0010BA  00530D  0063C7       85D       0  CODE    
                config                         01FFF8  000006  01FFFE     1FFF8       0  CONFIG  


UNUSED ADDRESS RANGES

        Name                Unused          Largest block    Delta
        BANK1            001EC-001FF              14
        BANK10           00A00-00AFF             100
        BANK11           00B00-00BFF             100
        BANK12           00C00-00CFF             100
        BANK13           00D00-00DFF             100
        BANK14           00E00-00E7D              7E
        BANK15           00F00-00F5F              60
        BANK2            002D8-002FF              28
        BANK3            00368-003FF              98
        BANK4            00400-004FF             100
        BANK5            00500-005FF             100
        BANK6            00600-006FF             100
        BANK7            00700-007FF             100
        BANK8            00800-008FF             100
        BANK9            00900-009FF             100
        BIGRAM           0004A-0005F              16
                         001EC-001FF              14
                         002D8-002FF              28
                         00368-00E7D             B16
                         00F00-00F5F              60
        CODE             00004-00007               4
                         0000E-00017               A
                         0003E-00FFF             FC2
                         063C7-1FFF7           19C31
        COMRAM           0004A-0005F              16
        CONST            00004-00007               4
                         0000E-00017               A
                         0003E-00FFF             FC2
                         063C7-1FFF7           19C31
        MEDIUMCONST      063C7-0FFFF            9C39
                         11000-1FFF7            EFF8
        RAM              001EC-001FF              14
                         002D8-002FF              28
                         00368-00E7D             100
                         00F00-00F5F              60
        SFR              00E80-00EFF              80
                         00F60-00FFF              A0
        SMALLCONST       063C7-1FFF7             100
        STACK            00368-00E7D             B16

                                  Symbol Table

?_ARPV4_Lookup                       cstackCOMRAM  00017
?_ETH_ComputeChecksum                cstackCOMRAM  00017
?_ETH_GetByteCount                   cstackCOMRAM  00017
?_ETH_Read16                         cstackCOMRAM  00017
?_ETH_Read32                         cstackCOMRAM  00017
?_ETH_ReadBlock                      cstackCOMRAM  00017
?_ETH_RxComputeChecksum              cstackCOMRAM  00025
?_ETH_TxComputeChecksum              cstackCOMRAM  00025
?_ETH_readLinkStatus                 cstackCOMRAM  00022
?_IPV4_GetMyIP                       cstackCOMRAM  00017
?_IPV4_PseudoHeaderChecksum          cstackCOMRAM  00017
?_PHY_Read                           cstackCOMRAM  00019
?_TCP_GetReceivedData                cstackCOMRAM  0001F
?_TCP_GetRxLength                    cstackCOMRAM  0001F
?___lwdiv                            cstackCOMRAM  00017
?___lwmod                            cstackCOMRAM  0001E
?___wmul                             cstackCOMRAM  00017
?__doprnt                            cstackCOMRAM  00023
?_memcmp                             cstackCOMRAM  00017
?_printf                             cstackBANK0   00060
?_sprintf                            cstackBANK0   00060
?_time                               cstackCOMRAM  00017
?i1_ETH_readLinkStatus               cstackCOMRAM  0000C
?i1_PHY_Read                         cstackCOMRAM  00003
ARPV4_Init@x                         cstackCOMRAM  00017
ARPV4_Lookup@entry_pointer           cstackCOMRAM  0001F
ARPV4_Lookup@ip_address              cstackCOMRAM  00017
ARPV4_Lookup@x                       cstackCOMRAM  00021
ARPV4_Packet@arpPtr                  cstackBANK0   00084
ARPV4_Packet@entryPointer            cstackBANK0   00088
ARPV4_Packet@header                  cstackBANK0   0008A
ARPV4_Packet@length                  cstackBANK0   00080
ARPV4_Packet@mergeFlag               cstackBANK0   00082
ARPV4_Packet@ret                     cstackBANK0   00083
ARPV4_Packet@x                       cstackBANK0   00086
ARPV4_Packet@x_1672                  cstackBANK0   00087
ARPV4_Request@destAddress            cstackCOMRAM  0001D
ARPV4_Request@header                 cstackBANK0   0007C
ARPV4_Request@ret                    cstackBANK0   0007B
ARPV4_Update@entryPointer            cstackCOMRAM  00017
ARPV4_Update@x                       cstackCOMRAM  00019
DEMO_TCP_EchoServer@i                cstackBANK1   0011A
DEMO_TCP_EchoServer@port7TCB         bssBANK2      00228
DEMO_TCP_EchoServer@rxLen            cstackBANK1   00118
DEMO_TCP_EchoServer@rxdataPort7      bssBANK2      0025F
DEMO_TCP_EchoServer@socket_state     cstackBANK1   00117
DEMO_TCP_EchoServer@txLen            cstackBANK1   00115
DEMO_TCP_EchoServer@txdataPort7      bssBANK2      00273
DHCP_Handler@ethMAC                  cstackBANK0   000C8
DHCP_Handler@ethPktMAC               cstackBANK0   000C2
DHCP_Handler@ip                      cstackBANK0   000B3
DHCP_Handler@length                  cstackBANK0   000AF
DHCP_Handler@myip                    cstackBANK0   000CF
DHCP_Handler@option                  cstackBANK0   000C1
DHCP_Handler@optionLength            cstackBANK0   000CE
DHCP_Handler@v                       cstackBANK0   000BB
DHCP_Handler@v16                     cstackBANK0   000BF
DHCP_Request@ethMAC                  cstackBANK0   000A9
DHCP_Request@started                 cstackBANK0   000A7
DHCP_Request@type                    cstackBANK0   000A8
DHCP_WriteZeros@length               cstackCOMRAM  00018
ETH_CheckLinkUp@value                cstackCOMRAM  00026
ETH_ComputeChecksum@cksm             cstackCOMRAM  0001F
ETH_ComputeChecksum@len              cstackCOMRAM  00017
ETH_ComputeChecksum@seed             cstackCOMRAM  00019
ETH_ComputeChecksum@v                cstackCOMRAM  00023
ETH_Copy@len                         cstackBANK0   0006D
ETH_Copy@timer                       cstackBANK0   0006F
ETH_Copy@tmp_len                     cstackBANK0   00071
ETH_Dump@length                      cstackCOMRAM  00017
ETH_GetByteCount@val                 cstackCOMRAM  00019
ETH_GetMAC@mac                       cstackCOMRAM  00017
ETH_Init@mac                         cstackCOMRAM  0002D
ETH_Insert@current_tx_ptr            cstackCOMRAM  0001B
ETH_Insert@data                      cstackCOMRAM  0001D
ETH_Insert@len                       cstackCOMRAM  00017
ETH_Insert@offset                    cstackCOMRAM  00019
ETH_Read16@ret                       cstackCOMRAM  00019
ETH_Read32@ret                       cstackCOMRAM  0001B
ETH_Read8@ret                        cstackCOMRAM  00017
ETH_ReadBlock@buffer                 cstackCOMRAM  00017
ETH_ReadBlock@len                    cstackCOMRAM  0001C
ETH_ReadBlock@length                 cstackCOMRAM  00019
ETH_ReadBlock@p                      cstackCOMRAM  0001E
ETH_RxComputeChecksum@cksm           cstackCOMRAM  0002F
ETH_RxComputeChecksum@len            cstackCOMRAM  00025
ETH_RxComputeChecksum@rxptr          cstackCOMRAM  0002D
ETH_RxComputeChecksum@seed           cstackCOMRAM  00027
ETH_Send@packetEnd                   cstackCOMRAM  00017
ETH_TxComputeChecksum@cksm           cstackCOMRAM  0002D
ETH_TxComputeChecksum@len            cstackCOMRAM  00027
ETH_TxComputeChecksum@position       cstackCOMRAM  00025
ETH_TxComputeChecksum@rxptr          cstackCOMRAM  0002B
ETH_TxComputeChecksum@seed           cstackCOMRAM  00029
ETH_Write16@data                     cstackCOMRAM  00017
ETH_Write32@data                     cstackCOMRAM  00017
ETH_Write8@data                      cstackCOMRAM  00017
ETH_WriteBlock@buffer                cstackCOMRAM  00017
ETH_WriteBlock@length                cstackCOMRAM  00019
ETH_WriteBlock@p                     cstackCOMRAM  0001B
ETH_WriteStart@dest_mac              cstackCOMRAM  00017
ETH_WriteStart@type                  cstackCOMRAM  00019
ICMP_EchoReply@cksm                  cstackBANK0   000A9
ICMP_EchoReply@icmpHdr               cstackBANK0   000AE
ICMP_EchoReply@ipv4Hdr               cstackBANK0   0009F
ICMP_EchoReply@ipv4PayloadLength     cstackBANK0   000AB
ICMP_EchoReply@ret                   cstackBANK0   000AD
ICMP_Receive@icmpHdr                 cstackBANK0   000B6
ICMP_Receive@ipv4Hdr                 cstackBANK0   000AF
IPV4_Packet@cksm                     cstackBANK1   00155
IPV4_Packet@hdrLen                   cstackBANK1   00152
IPV4_Packet@length                   cstackBANK1   00153
IPV4_PseudoHeaderChecksum@cksm       cstackCOMRAM  0001F
IPV4_PseudoHeaderChecksum@len        cstackCOMRAM  0001E
IPV4_PseudoHeaderChecksum@payloadLen cstackCOMRAM  00017
IPV4_PseudoHeaderChecksum@tmp        cstackCOMRAM  00023
IPV4_PseudoHeaderChecksum@v          cstackCOMRAM  0001D
IPV4_Send@cksm                       cstackBANK0   00070
IPV4_Send@payloadLength              cstackCOMRAM  00031
IPV4_Send@ret                        cstackBANK0   0006F
IPV4_Send@totalLength                cstackBANK0   00072
IPv4_Start@destAddress               cstackCOMRAM  00022
IPv4_Start@macAddress                cstackBANK0   0009C
IPv4_Start@protocol                  cstackCOMRAM  00026
IPv4_Start@ret                       cstackBANK0   0009E
IPv4_Start@targetAddress             cstackBANK0   00098
LED_Init@x                           cstackCOMRAM  00017
Network_Manage@now                   cstackBANK1   001B9
Network_Manage@nowPv                 bssBANK2      00218
Network_Read@debug_str               cstackBANK1   0015B
Network_Read@header                  cstackBANK1   001AB
PHY_Read@reg                         cstackCOMRAM  0001D
PHY_Read@ret                         cstackCOMRAM  0001E
PHY_WaitForBusy@ret                  cstackCOMRAM  00017
PHY_WaitForBusy@timeout              cstackCOMRAM  00018
PHY_Write@GIESave                    cstackCOMRAM  0001C
PHY_Write@data                       cstackCOMRAM  00019
PHY_Write@reg                        cstackCOMRAM  0001B
PL387                                text76        022B4
PL389                                text76        022CC
PL391                                text78        02A00
PL393                                text76        022D6
PL395                                text76        022DE
PL397                                text76        022F8
PL399                                text97        044D4
PL401                                text76        02304
PL403                                text76        02320
PL405                                text76        02332
PL407                                text76        02372
PL409                                text27        02F64
PL411                                text19        03E08
PL413                                text77        03FEA
PL415                                text76        0238C
PL417                                text76        02394
PL419                                text76        0239C
PL421                                text47        0329E
PL423                                text76        023A4
PL425                                text76        023AE
PL427                                text76        023CA
PL429                                text76        023D2
PL431                                text76        023DA
PL433                                text22        03568
PL435                                text27        02F7E
PL437                                text78        02A1A
PL439                                text76        023E2
PL441                                text76        023FC
PL443                                text76        02416
PL445                                text78        02A6E
PL447                                text76        02430
PL449                                text76        02438
PL451                                text84        049D0
PL453                                text76        02440
PL455                                text76        0244E
PL457                                text76        0245C
PL459                                text76        02476
PL461                                text40        038E0
PL463                                text40        038F0
PL465                                text76        02482
PL467                                text76        0248C
PL469                                text83        045B2
PL471                                text76        02496
PL473                                text76        0249E
PL475                                text76        024A6
PL477                                text76        024B8
PL479                                text60        048BE
PL481                                text23        04DBE
PL483                                text78        02A7C
PL485                                text40        03908
PL487                                text76        024CA
PL489                                text27        02FDC
PL491                                text47        03310
PL493                                text76        024DC
PL495                                text22        035C8
PL497                                text60        048CA
PL499                                text78        02A96
PL501                                text76        024EE
PL503                                text70        052FA
PL505                                text47        03338
PL507                                text34        0475A
PL509                                text76        024F8
PL511                                text47        0334C
PL513                                text76        02500
PL515                                text76        02508
PL517                                text40        03914
PL519                                text22        035F0
PL521                                text50        041D8
PL523                                text52        05534
PL525                                text27        03004
PL527                                text73        05120
PL529                                text78        02AA0
PL531                                text22        03602
PL533                                text40        03926
PL535                                text77        04006
PL537                                text76        02510
PL539                                text78        02ABC
PL541                                text47        03368
PL543                                text78        02ACA
PL545                                text77        04014
PL547                                text78        02AE6
PL549                                text78        02B00
PL551                                text78        02B1A
PL553                                text78        02B34
PL555                                text78        02B4E
PL557                                text78        02B68
PL559                                text83        045E8
PL561                                text22        0361C
PL563                                text78        02B82
PL565                                text22        03636
PL567                                text69        04BF4
PL569                                text78        02B9C
PL571                                text40        03934
PL573                                text83        04602
PL575                                text40        0393C
PL577                                text34        0477A
PL579                                text89        05734
PL581                                text83        0461A
PL583                                text47        03382
PL585                                text22        03646
PL587                                text46        05A12
PL589                                text40        03944
PL591                                text19        03E22
PL593                                text78        02BB4
PL595                                text27        0301E
PL597                                text23        04DC8
PL599                                text100       057A2
PL601                                text98        0580E
PL603                                text87        05EC4
PL605                                text78        02BC2
PL607                                text78        02BD4
PL609                                text78        02BE6
PL611                                text76        0251E
PL613                                text24        03BC8
PL615                                text0         04CF2
PL617                                text18        0541C
PL619                                text78        02BF8
PL621                                text78        02C02
PL623                                text50        041EA
PL625                                text77        0402E
PL627                                text76        02526
PL629                                text76        02530
PL631                                text78        02C12
PL633                                text34        04792
PL635                                text91        051C6
PL637                                text78        02C22
PL639                                text77        04038
PL641                                text78        02C30
PL643                                text50        041F4
PL645                                text27        03032
PL647                                text40        03952
PL649                                text76        02540
PL651                                text36        04E84
PL653                                text99        058CC
PL655                                text78        02C3E
PL657                                text49        055CE
PL659                                text75        056BA
PL661                                text19        03E30
PL663                                text78        02C48
PL665                                text92        05EF8
PL667                                text2         06242
PL669                                text30        05DA0
PL671                                text29        0606A
PL673                                text83        04630
PL675                                text73        0512A
PL677                                text83        0463C
PL679                                text79        0437A
PL681                                text28        04AF6
PL683                                text22        0365C
PL685                                text78        02C54
PL687                                text27        03040
PL689                                text27        0304A
PL691                                text78        02C5E
PL693                                text22        03666
PL695                                text47        0338C
PL697                                text18        0542C
PL699                                text48        05C26
PL701                                text84        049E8
PL703                                text40        03960
PL705                                text70        05304
PL707                                text71        05D60
PL709                                text75        056C4
PL711                                text78        02C68
PL713                                text10        05268
PL715                                text78        02C70
PL717                                text34        0479C
PL719                                text83        04648
PL721                                text40        0396A
PL723                                text40        03974
PL725                                text22        03670
PL727                                text22        0367A
PL729                                text22        03684
PL731                                text77        04046
PL733                                text76        0254E
PL735                                text65        04FE2
PL737                                text63        05F66
PL739                                text48        05C2E
PL741                                text48        05C36
PL743                                text33        05BF0
PL745                                text107       0508C
PL747                                text78        02C7A
PL749                                text24        03BDA
PL751                                text48        05C3C
PL753                                text10        0526E
SYSLOG_Init@t                        cstackBANK0   0006B
SYSLOG_Write@message                 cstackCOMRAM  00031
SYSLOG_Write@t                       cstackBANK0   0006B
TCB_Check@count                      cstackCOMRAM  0001C
TCB_Check@ptr                        cstackCOMRAM  00017
TCB_Check@ret                        cstackCOMRAM  0001B
TCB_Check@tcbPtr                     cstackCOMRAM  0001D
TCB_Insert@ptr                       cstackCOMRAM  00017
TCB_Reset@tcbPtr                     cstackCOMRAM  00017
TCP_Bind@port                        cstackCOMRAM  00021
TCP_Bind@tcbPtr                      cstackCOMRAM  0001F
TCP_FiniteStateMachine@event         cstackBANK1   0010F
TCP_FiniteStateMachine@nextState     cstackBANK1   00110
TCP_FiniteStateMachine@notAckBytes   cstackBANK1   0010D
TCP_FiniteStateMachine@ret           cstackBANK1   0010C
TCP_GetReceivedData@ret              cstackCOMRAM  00025
TCP_GetReceivedData@tcbPtr           cstackCOMRAM  0001F
TCP_GetRxLength@ret                  cstackCOMRAM  00025
TCP_GetRxLength@tcbPtr               cstackCOMRAM  0001F
TCP_InsertRxBuffer@data              cstackCOMRAM  00021
TCP_InsertRxBuffer@data_len          cstackCOMRAM  00023
TCP_InsertRxBuffer@tcbPtr            cstackCOMRAM  0001F
TCP_Listen@tcbPtr                    cstackBANK1   00111
TCP_ParseTCPOptions@opt              cstackCOMRAM  0001E
TCP_ParseTCPOptions@ret              cstackCOMRAM  0001D
TCP_ParseTCPOptions@tcpOptionsSize   cstackCOMRAM  0001F
TCP_PayloadSave@buffer_size          cstackBANK0   000FD
TCP_PayloadSave@len                  cstackBANK0   000EE
TCP_Recv@count                       cstackBANK1   00133
TCP_Recv@length                      cstackBANK1   00115
TCP_Recv@remoteAddress               cstackBANK1   00111
TCP_Recv@tcbPtr                      cstackBANK1   00134
TCP_Send@data                        cstackBANK0   000F0
TCP_Send@dataLen                     cstackBANK0   000F2
TCP_Send@tcbPtr                      cstackBANK0   000EE
TCP_SendDone@ret                     cstackCOMRAM  00021
TCP_SendDone@tcbPtr                  cstackCOMRAM  0001F
TCP_Snd@cksm                         cstackBANK0   000D3
TCP_Snd@data                         cstackBANK0   000D1
TCP_Snd@payloadLength                cstackBANK0   000D5
TCP_Snd@ret                          cstackBANK0   000D7
TCP_Snd@tcbPtr                       cstackBANK0   0009F
TCP_Snd@tcpDataLength                cstackBANK0   000D8
TCP_Snd@txHeader                     cstackBANK0   000DA
TCP_SocketInit@tcbPtr                cstackCOMRAM  0001F
TCP_SocketPoll@socket_ptr            cstackCOMRAM  0001F
TCP_SocketPoll@tmpSocketState        cstackCOMRAM  00021
TCP_Update@count                     cstackBANK1   00119
TCP_Update@tcbPtr                    cstackBANK1   0011B
UDP_Receive@hptr                     cstackBANK0   000DD
UDP_Receive@udpcksm                  cstackBANK0   000D3
UDP_Receive@x                        cstackBANK0   000DB
UDP_Send@cksm                        cstackBANK0   00079
UDP_Send@udpLength                   cstackBANK0   0007B
UDP_Start@destIP                     cstackBANK0   0009F
UDP_Start@dstPort                    cstackBANK0   000A5
UDP_Start@ret                        cstackCOMRAM  0002F
UDP_Start@srcPort                    cstackBANK0   000A3
_ADCON0                              (abs)         00FC2
_ADCON1                              (abs)         00FC1
_ADCON2                              (abs)         00FC0
_ADC_Initialize                      text15        06320
_ADRESH                              (abs)         00FC4
_ADRESL                              (abs)         00FC3
_ARPV4_Init                          text67        062BE
_ARPV4_Lookup                        text88        05AC6
_ARPV4_Packet                        text47        03054
_ARPV4_Request                       text83        044EE
_ARPV4_Update                        text55        06076
_BAUDCON1                            (abs)         00F7E
_BAUDCON1bits                        (abs)         00F7E
_CREN1                               (abs)         07D5C
_DEMO_TCP_EchoServer                 text69        04B00
_DHCP_Handler                        text24        0397E
_DHCP_Manage                         text49        05550
_DHCP_Request                        text50        04050
_DHCP_WriteZeros                     text54        062F2
_ECON1                               (abs)         00FD2
_ECON1bits                           (abs)         00FD2
_ECON2                               (abs)         00EFE
_EDMADST                             (abs)         00EF4
_EDMAND                              (abs)         00EF2
_EDMAST                              (abs)         00EF0
_EIE                                 (abs)         00EFB
_EIEbits                             (abs)         00EFB
_EIRbits                             (abs)         00F60
_EPKTCNT                             (abs)         00ED9
_ERDPT                               (abs)         00F7A
_ERXFCON                             (abs)         00ED8
_ERXND                               (abs)         00EEA
_ERXRDPT                             (abs)         00EEC
_ERXST                               (abs)         00EE8
_ESTATbits                           (abs)         00EFD
_ETH_CheckLinkUp                     text63        05F3A
_ETH_ComputeChecksum                 text91        05136
_ETH_Copy                            text36        04DDC
_ETH_Dump                            text31        05F9A
_ETH_EdataRead                       text96        00000
_ETH_EdataWrite                      text94        00000
_ETH_EventHandler                    text48        05BF8
_ETH_Flush                           text46        059D8
_ETH_GetByteCount                    text53        0624E
_ETH_GetMAC                          text87        05E98
_ETH_Init                            text60        047A6
_ETH_Insert                          text93        05DAC
_ETH_NextPacketUpdate                text45        0592E
_ETH_Read16                          text30        05D6A
_ETH_Read32                          text26        058D6
_ETH_Read8                           text29        0604C
_ETH_ReadBlock                       text95        05818
_ETH_ResetByteCount                  text85        063B0
_ETH_RxComputeChecksum               text44        05CDA
_ETH_SaveRDPT                        text35        06392
_ETH_Send                            text92        05ECE
_ETH_TxComputeChecksum               text90        05436
_ETH_Write16                         text82        06364
_ETH_Write32                         text81        062D8
_ETH_Write8                          text80        063A6
_ETH_WriteBlock                      text86        05C44
_ETH_WriteStart                      text84        048D2
_ETH_readLinkStatus                  text64        00000
_ETXND                               (abs)         00EE6
_ETXST                               (abs)         00EE4
_EWRPT                               (abs)         00EE2
_GIE                                 (abs)         07F97
_GIEH                                (abs)         07F97
_GIEL                                (abs)         07F96
_ICMP_EchoReply                      text34        04652
_ICMP_Receive                        text33        05BAC
_INTCON                              (abs)         00FF2
_IPEN                                (abs)         07E87
_IPR2bits                            (abs)         00FA2
_IPV4_GetMyIP                        text68        06336
_IPV4_Init                           text59        0639C
_IPV4_Packet                         text22        03396
_IPV4_PseudoHeaderChecksum           text32        0530E
_IPV4_Send                           text89        056CE
_IPv4_Start                          text79        04202
_LATDbits                            (abs)         00F8C
_LATE                                (abs)         00F8D
_LATH                                (abs)         00F90
_LATH0                               (abs)         07C80
_LATH1                               (abs)         07C81
_LATH2                               (abs)         07C82
_LATJ                                (abs)         00F91
_LED_Init                            text14        06210
_MAADR1                              (abs)         00E84
_MAADR2                              (abs)         00E85
_MAADR3                              (abs)         00E82
_MAADR4                              (abs)         00E83
_MAADR5                              (abs)         00E80
_MAADR6                              (abs)         00E81
_MABBIPG                             (abs)         00EA4
_MACON1                              (abs)         00EA0
_MACON3                              (abs)         00EA2
_MACON4                              (abs)         00EA3
_MAC_getAddress                      text62        063C2
_MAIPG                               (abs)         00EA6
_MAMXFL                              (abs)         00EAA
_MICMD                               (abs)         00EB2
_MICMDbits                           (abs)         00EB2
_MIRD                                (abs)         00EB8
_MIREGADR                            (abs)         00EB4
_MISTATbits                          (abs)         00E8A
_MIWR                                (abs)         00EB6
_Network_Init                        text56        061AE
_Network_Manage                      text18        053A6
_Network_Read                        text20        04E92
_Network_WaitForLink                 text17        06356
_OSCCON                              (abs)         00FD3
_OSCTUNE                             (abs)         00F9B
_PHY_Read                            text65        04F40
_PHY_WaitForBusy                     text66        00000
_PHY_Write                           text61        05A28
_PIE2bits                            (abs)         00FA0
_PIR2bits                            (abs)         00FA1
_SPBRG1                              (abs)         00FAF
_SPEN1                               (abs)         07D5F
_SSP1CON1                            (abs)         00FC6
_SSP1CON1bits                        (abs)         00FC6
_SSP1STATbits                        (abs)         00FC7
_SYSLOG_Init                         text16        05F6C
_SYSLOG_Write                        text38        06118
_T1CKPS0                             (abs)         07E6C
_T1CKPS1                             (abs)         07E6D
_T1OSCEN                             (abs)         07E6B
_T1SYNC                              (abs)         07E6A
_TCB_Check                           text102       055D8
_TCB_Insert                          text71        05D22
_TCB_Reset                           text97        04384
_TCP_Bind                            text101       0618A
_TCP_FiniteStateMachine              text76        010BA
_TCP_GetReceivedData                 text100       0573E
_TCP_GetRxLength                     text99        0587C
_TCP_Init                            text58        06288
_TCP_InsertRxBuffer                  text98        057AC
_TCP_Listen                          text75        05656
_TCP_ParseTCPOptions                 text28        049F2
_TCP_PayloadSave                     text77        03E3A
_TCP_Recv                            text27        02C82
_TCP_Send                            text73        05094
_TCP_SendDone                        text72        060A0
_TCP_Snd                             text78        02558
_TCP_SocketInit                      text70        05274
_TCP_SocketPoll                      text74        06164
_TCP_Update                          text19        03BE2
_TMR1                                (abs)         00FCE
_TMR1CS                              (abs)         07E69
_TMR1IE                              (abs)         07CE8
_TMR1IF                              (abs)         07CF0
_TMR1IP                              (abs)         07CF8
_TMR1ON                              (abs)         07E68
_TRISA                               (abs)         00F92
_TRISAbits                           (abs)         00F92
_TRISB                               (abs)         00F93
_TRISCbits                           (abs)         00F94
_TRISDbits                           (abs)         00F95
_TRISE                               (abs)         00F96
_TRISH                               (abs)         00F99
_TRISJ                               (abs)         00F9A
_TX1IF                               (abs)         07CF4
_TXREG1                              (abs)         00FAD
_TXSTA1                              (abs)         00FAC
_UDP_CallBackTable                   smallconst    01034
_UDP_Receive                         text23        04CFE
_UDP_Send                            text52        054C4
_UDP_Start                           text51        05A78
__CFG_BW$16                          (abs)         00000
__CFG_CCP2MX$ON                      (abs)         00000
__CFG_CP0$OFF                        (abs)         00000
__CFG_EASHFT$OFF                     (abs)         00000
__CFG_ECCPMX$ON                      (abs)         00000
__CFG_ETHLED$ON                      (abs)         00000
__CFG_FCMEN$ON                       (abs)         00000
__CFG_FOSC$HSPLL                     (abs)         00000
__CFG_FOSC2$ON                       (abs)         00000
__CFG_IESO$ON                        (abs)         00000
__CFG_MODE$MM                        (abs)         00000
__CFG_STVR$ON                        (abs)         00000
__CFG_WAIT$OFF                       (abs)         00000
__CFG_WDT$OFF                        (abs)         00000
__CFG_WDTPS$32768                    (abs)         00000
__CFG_XINST$OFF                      (abs)         00000
__HRAM                               (abs)         00000
__Habs1                              abs1          00000
__Hbank0                             bank0         00000
__Hbank1                             bank1         00000
__Hbank10                            bank10        00000
__Hbank11                            bank11        00000
__Hbank12                            bank12        00000
__Hbank13                            bank13        00000
__Hbank14                            bank14        00000
__Hbank15                            bank15        00000
__Hbank2                             bank2         00000
__Hbank3                             bank3         00000
__Hbank4                             bank4         00000
__Hbank5                             bank5         00000
__Hbank6                             bank6         00000
__Hbank7                             bank7         00000
__Hbank8                             bank8         00000
__Hbank9                             bank9         00000
__Hbigbss                            bigbss        00000
__Hbigdata                           bigdata       00000
__Hbigram                            bigram        00000
__Hbss                               bss           00000
__HbssBANK1                          bssBANK1      00000
__HbssBANK2                          bssBANK2      00000
__HbssBANK3                          bssBANK3      00000
__HbssCOMRAM                         bssCOMRAM     00000
__Hcinit                             cinit         00000
__Hclrtext                           clrtext       00000
__Hcomram                            comram        00000
__Hconfig                            config        1FFFE
__Hconst                             const         00000
__HcstackBANK0                       cstackBANK0   00000
__HcstackBANK1                       cstackBANK1   00000
__HcstackBANK2                       cstackBANK2   00000
__HcstackCOMRAM                      cstackCOMRAM  00000
__Hdata                              data          00000
__HdataCOMRAM                        dataCOMRAM    00000
__Hend_init                          end_init      0003E
__Hfarbss                            farbss        00000
__Hfardata                           fardata       00000
__Hibigdata                          ibigdata      00000
__Hidata                             idata         00000
__HidataCOMRAM                       idataCOMRAM   00000
__Hidloc                             idloc         00000
__Hifardata                          ifardata      00000
__Hinit                              init          0003A
__Hintcode                           intcode       0000E
__Hintcode_body                      intcode_body  00000
__Hintcodelo                         intcodelo     0003A
__Hintentry                          intentry      00000
__Hintret                            intret        00000
__Hintsave_regs                      intsave_regs  00000
__Hirdata                            irdata        00000
__Hjflash_buffer                     jflash_buffer 1F800
__Hmediumconst                       mediumconst   00000
__HnvBANK2                           nvBANK2       00000
__HnvFARRAM                          nvFARRAM      00000
__Hnvbit                             nvbit         00000
__Hnvrram                            nvrram        00000
__Hpa_nodes                          pa_nodes      00000
__Hparam                             rparam        00000
__Hpowerup                           powerup       0003A
__Hram                               ram           00000
__Hramtop                            ramtop        01000
__Hrbit                              rbit          00000
__Hrbss                              rbss          00000
__Hrdata                             rdata         00000
__Hreset_vec                         reset_vec     00004
__Hrparam                            rparam        00000
__Hsfr                               sfr           00000
__Hsmallconst                        smallconst    010BA
__Hspace_0                           (abs)         1FFFE
__Hspace_1                           (abs)         00368
__Hspace_2                           (abs)         00000
__Hstack                             stack         00000
__Hstruct                            struct        00000
__Htemp                              temp          0004A
__Htext                              text          00000
__Htext0                             text0         00000
__Htext1                             text1         00000
__Htext10                            text10        00000
__Htext100                           text100       00000
__Htext101                           text101       00000
__Htext102                           text102       00000
__Htext104                           text104       00000
__Htext105                           text105       00000
__Htext106                           text106       00000
__Htext107                           text107       00000
__Htext108                           text108       00000
__Htext11                            text11        00000
__Htext110                           text110       00000
__Htext111                           text111       00000
__Htext12                            text12        00000
__Htext13                            text13        00000
__Htext14                            text14        00000
__Htext15                            text15        00000
__Htext16                            text16        00000
__Htext17                            text17        00000
__Htext18                            text18        00000
__Htext19                            text19        00000
__Htext2                             text2         00000
__Htext20                            text20        00000
__Htext21                            text21        00000
__Htext22                            text22        00000
__Htext23                            text23        00000
__Htext24                            text24        00000
__Htext25                            text25        00000
__Htext26                            text26        00000
__Htext27                            text27        00000
__Htext28                            text28        00000
__Htext29                            text29        00000
__Htext3                             text3         00000
__Htext30                            text30        00000
__Htext31                            text31        00000
__Htext32                            text32        00000
__Htext33                            text33        00000
__Htext34                            text34        00000
__Htext35                            text35        00000
__Htext36                            text36        00000
__Htext37                            text37        00000
__Htext38                            text38        00000
__Htext39                            text39        00000
__Htext4                             text4         00000
__Htext40                            text40        00000
__Htext41                            text41        00000
__Htext42                            text42        00000
__Htext43                            text43        00000
__Htext44                            text44        00000
__Htext45                            text45        00000
__Htext46                            text46        00000
__Htext47                            text47        00000
__Htext48                            text48        00000
__Htext49                            text49        00000
__Htext5                             text5         00000
__Htext50                            text50        00000
__Htext51                            text51        00000
__Htext52                            text52        00000
__Htext53                            text53        00000
__Htext54                            text54        00000
__Htext55                            text55        00000
__Htext56                            text56        00000
__Htext57                            text57        00000
__Htext58                            text58        00000
__Htext59                            text59        00000
__Htext6                             text6         00000
__Htext60                            text60        00000
__Htext61                            text61        00000
__Htext62                            text62        00000
__Htext63                            text63        00000
__Htext64                            text64        00000
__Htext65                            text65        00000
__Htext66                            text66        00000
__Htext67                            text67        00000
__Htext68                            text68        00000
__Htext69                            text69        00000
__Htext7                             text7         00000
__Htext70                            text70        00000
__Htext71                            text71        00000
__Htext72                            text72        00000
__Htext73                            text73        00000
__Htext74                            text74        00000
__Htext75                            text75        00000
__Htext76                            text76        00000
__Htext77                            text77        00000
__Htext78                            text78        00000
__Htext79                            text79        00000
__Htext8                             text8         00000
__Htext80                            text80        00000
__Htext81                            text81        00000
__Htext82                            text82        00000
__Htext83                            text83        00000
__Htext84                            text84        00000
__Htext85                            text85        00000
__Htext86                            text86        00000
__Htext87                            text87        00000
__Htext88                            text88        00000
__Htext89                            text89        00000
__Htext9                             text9         00000
__Htext90                            text90        00000
__Htext91                            text91        00000
__Htext92                            text92        00000
__Htext93                            text93        00000
__Htext94                            text94        00000
__Htext95                            text95        00000
__Htext96                            text96        00000
__Htext97                            text97        00000
__Htext98                            text98        00000
__Htext99                            text99        00000
__LRAM                               (abs)         00001
__Labs1                              abs1          00000
__Lbank0                             bank0         00000
__Lbank1                             bank1         00000
__Lbank10                            bank10        00000
__Lbank11                            bank11        00000
__Lbank12                            bank12        00000
__Lbank13                            bank13        00000
__Lbank14                            bank14        00000
__Lbank15                            bank15        00000
__Lbank2                             bank2         00000
__Lbank3                             bank3         00000
__Lbank4                             bank4         00000
__Lbank5                             bank5         00000
__Lbank6                             bank6         00000
__Lbank7                             bank7         00000
__Lbank8                             bank8         00000
__Lbank9                             bank9         00000
__Lbigbss                            bigbss        00000
__Lbigdata                           bigdata       00000
__Lbigram                            bigram        00000
__Lbss                               bss           00000
__LbssBANK1                          bssBANK1      00000
__LbssBANK2                          bssBANK2      00000
__LbssBANK3                          bssBANK3      00000
__LbssCOMRAM                         bssCOMRAM     00000
__Lcinit                             cinit         00000
__Lclrtext                           clrtext       00000
__Lcomram                            comram        00000
__Lconfig                            config        1FFF8
__Lconst                             const         00000
__LcstackBANK0                       cstackBANK0   00000
__LcstackBANK1                       cstackBANK1   00000
__LcstackBANK2                       cstackBANK2   00000
__LcstackCOMRAM                      cstackCOMRAM  00000
__Ldata                              data          00000
__LdataCOMRAM                        dataCOMRAM    00000
__Lend_init                          end_init      0003A
__Lfarbss                            farbss        00000
__Lfardata                           fardata       00000
__Libigdata                          ibigdata      00000
__Lidata                             idata         00000
__LidataCOMRAM                       idataCOMRAM   00000
__Lidloc                             idloc         00000
__Lifardata                          ifardata      00000
__Linit                              init          0003A
__Lintcode                           intcode       00008
__Lintcode_body                      intcode_body  00000
__Lintcodelo                         intcodelo     00018
__Lintentry                          intentry      00000
__Lintret                            intret        00000
__Lintsave_regs                      intsave_regs  00000
__Lirdata                            irdata        00000
__Ljflash_buffer                     jflash_buffer 1F800
__Lmediumconst                       mediumconst   00000
__LnvBANK2                           nvBANK2       00000
__LnvFARRAM                          nvFARRAM      00000
__Lnvbit                             nvbit         00000
__Lnvrram                            nvrram        00000
__Lpa_nodes                          pa_nodes      00000
__Lparam                             rparam        00000
__Lpowerup                           powerup       0003A
__Lram                               ram           00000
__Lramtop                            ramtop        01000
__Lrbit                              rbit          00000
__Lrbss                              rbss          00000
__Lrdata                             rdata         00000
__Lreset_vec                         reset_vec     00000
__Lrparam                            rparam        00000
__Lsfr                               sfr           00000
__Lsmallconst                        smallconst    01000
__Lspace_0                           (abs)         00000
__Lspace_1                           (abs)         00000
__Lspace_2                           (abs)         00000
__Lstack                             stack         00000
__Lstruct                            struct        00000
__Ltemp                              temp          00049
__Ltext                              text          00000
__Ltext0                             text0         00000
__Ltext1                             text1         00000
__Ltext10                            text10        00000
__Ltext100                           text100       00000
__Ltext101                           text101       00000
__Ltext102                           text102       00000
__Ltext104                           text104       00000
__Ltext105                           text105       00000
__Ltext106                           text106       00000
__Ltext107                           text107       00000
__Ltext108                           text108       00000
__Ltext11                            text11        00000
__Ltext110                           text110       00000
__Ltext111                           text111       00000
__Ltext12                            text12        00000
__Ltext13                            text13        00000
__Ltext14                            text14        00000
__Ltext15                            text15        00000
__Ltext16                            text16        00000
__Ltext17                            text17        00000
__Ltext18                            text18        00000
__Ltext19                            text19        00000
__Ltext2                             text2         00000
__Ltext20                            text20        00000
__Ltext21                            text21        00000
__Ltext22                            text22        00000
__Ltext23                            text23        00000
__Ltext24                            text24        00000
__Ltext25                            text25        00000
__Ltext26                            text26        00000
__Ltext27                            text27        00000
__Ltext28                            text28        00000
__Ltext29                            text29        00000
__Ltext3                             text3         00000
__Ltext30                            text30        00000
__Ltext31                            text31        00000
__Ltext32                            text32        00000
__Ltext33                            text33        00000
__Ltext34                            text34        00000
__Ltext35                            text35        00000
__Ltext36                            text36        00000
__Ltext37                            text37        00000
__Ltext38                            text38        00000
__Ltext39                            text39        00000
__Ltext4                             text4         00000
__Ltext40                            text40        00000
__Ltext41                            text41        00000
__Ltext42                            text42        00000
__Ltext43                            text43        00000
__Ltext44                            text44        00000
__Ltext45                            text45        00000
__Ltext46                            text46        00000
__Ltext47                            text47        00000
__Ltext48                            text48        00000
__Ltext49                            text49        00000
__Ltext5                             text5         00000
__Ltext50                            text50        00000
[...]
Total ram usage:        0 bytes
 Hardware stack levels used:    1
 Hardware stack levels required when called:    1
 This function calls:
		_rtcc_handler
 This function is called by:
		Interrupt level 2
 This function uses a non-reentrant model


 *************** function _rtcc_handler *****************
 Defined at:
		line 122 in file "../board_support_package/picdem2_net/rtcc.c"
 Parameters:    Size  Location     Type
		None
 Auto vars:     Size  Location     Type
		None
 Return value:  Size  Location     Type
		None               void
 Registers used:
		wreg, status,2, status,0
 Tracked objects:
		On entry : 
		On exit  : 
		Unchanged: 
 Data sizes:     COMRAM   BANK0   BANK1   BANK2   BANK3   BANK4   BANK5   BANK6   BANK7   BANK8   BANK9  BANK10  BANK11  BANK12  BANK13  BANK14  BANK15
      Params:         0       0       0       0       0       0       0       0       0       0       0       0       0       0       0       0       0
      Locals:         0       0       0       0       0       0       0       0       0       0       0       0       0       0       0       0       0
      Temps:          0       0       0       0       0       0       0       0       0       0       0       0       0       0       0       0       0
      Totals:         0       0       0       0       0       0       0       0       0       0       0       0       0       0       0       0       0
Total ram usage:        0 bytes
 Hardware stack levels used:    1
 This function calls:
		Nothing
 This function is called by:
		_high_isr
 This function uses a non-reentrant model



MODULE INFORMATION

Module		Function		Class		Link	Load	Size
C:\Program Files (x86)\Microchip\xc8\v1.35\sources\common\printf.c
		_printf        		CODE           	613E	0000	39

C:\Program Files (x86)\Microchip\xc8\v1.35\sources\common\printf.c estimated size: 39

../board_support_package/picdem2_net/rtcc.c
		_rtcc_handler  		CODE           	60CA	0000	41
		_rtcc_init     		CODE           	5E2A	0000	57
		_time          		CODE           	5984	0000	85

../board_support_package/picdem2_net/rtcc.c estimated size: 183

../board_support_package/picdem2_net/uart.c
		_putch         		CODE           	62A4	0000	27
		_uart_init     		CODE           	630A	0000	23

../board_support_package/picdem2_net/uart.c estimated size: 50

../board_support_package/picdem2_net/hardware.c
		_initHW        		CODE           	5E62	0000	55

../board_support_package/picdem2_net/hardware.c estimated size: 55

../../TCPIP Library/source/icmp.c
		_ICMP_Receive  		CODE           	5BAC	0000	69
		_ICMP_EchoReply		CODE           	4652	0000	265

../../TCPIP Library/source/icmp.c estimated size: 334

../board_support_package/picdem2_net/led_driver.c
		_LED_Init      		CODE           	6210	0000	33

../board_support_package/picdem2_net/led_driver.c estimated size: 33

../../TCPIP Library/source/syslog.c
		_SYSLOG_Init   		CODE           	5F6C	0000	47
		_SYSLOG_Write  		CODE           	6118	0000	39

../../TCPIP Library/source/syslog.c estimated size: 86

C:\Program Files (x86)\Microchip\xc8\v1.35\sources\common\sprintf.c
		_sprintf       		CODE           	5FF6	0000	45

C:\Program Files (x86)\Microchip\xc8\v1.35\sources\common\sprintf.c estimated size: 45

C:\Program Files (x86)\Microchip\xc8\v1.35\sources\common\memset.c
		_memset        		CODE           	6022	0000	43

C:\Program Files (x86)\Microchip\xc8\v1.35\sources\common\memset.c estimated size: 43

../../TCPIP Library/source/mac_address.c
		_MAC_getAddress		CODE           	63C2	0000	5

../../TCPIP Library/source/mac_address.c estimated size: 5

C:\Program Files (x86)\Microchip\xc8\v1.35\sources\common\lwmod.c
		___lwmod       		CODE           	5DEC	0000	63

C:\Program Files (x86)\Microchip\xc8\v1.35\sources\common\lwmod.c estimated size: 63

../../TCPIP Library/source/ipv4.c
		_IPV4_GetMyIP  		CODE           	6336	0000	19
		_IPV4_Send     		CODE           	56CE	0000	103
		_IPV4_Packet   		CODE           	3396	0000	467
		_IPV4_PseudoHeaderChecksum		CODE           	530E	0000	153
		_IPv4_Start    		CODE           	4202	0000	377
		_IPV4_Init     		CODE           	639C	0000	11

../../TCPIP Library/source/ipv4.c estimated size: 1130

C:\Program Files (x86)\Microchip\xc8\v1.35\sources\common\doprnt.c
		__doprnt       		CODE           	368E	0000	595

C:\Program Files (x86)\Microchip\xc8\v1.35\sources\common\doprnt.c estimated size: 595

../../TCPIP Library/source/udpv4.c
		_UDP_Receive   		CODE           	4CFE	0000	193
		_UDP_Send      		CODE           	54C4	0000	113
		_UDP_Start     		CODE           	5A78	0000	79

../../TCPIP Library/source/udpv4.c estimated size: 385

../../TCPIP Library/source/dhcp_client.c
		_DHCP_Handler  		CODE           	397E	0000	587
		_DHCP_Request  		CODE           	4050	0000	393
		_DHCP_WriteZeros		CODE           	62F2	0000	25
		_DHCP_Manage   		CODE           	5550	0000	127

../../TCPIP Library/source/dhcp_client.c estimated size: 1132

shared
		PL439          		CODE           	23E2	0000	27
		PL629          		CODE           	2530	0000	17
		PL477          		CODE           	24B8	0000	19
		PL667          		CODE           	6242	0000	13
		PL539          		CODE           	2ABC	0000	15
		PL387          		CODE           	22B4	0000	25
		PL729          		CODE           	3684	0000	11
		PL577          		CODE           	477A	0000	25
		_dhcpName      		SMALLCONST     	1013	0000	22
		PL449          		CODE           	2438	0000	9
		PL639          		CODE           	4038	0000	15
		PL487          		CODE           	24CA	0000	19
		PL677          		CODE           	463C	0000	13
		i1_ETH_EventHandler		CODE           	5F04	0000	55
		PL549          		CODE           	2B00	0000	27
		PL397          		CODE           	22F8	0000	13
		PL739          		CODE           	5C2E	0000	9
		PL587          		CODE           	5A12	0000	23
		PL459          		CODE           	2476	0000	13
		PL649          		CODE           	2540	0000	15
		PL497          		CODE           	48CA	0000	9
		PL687          		CODE           	3040	0000	11
		PL559          		CODE           	45E8	0000	27
		PL749          		CODE           	3BDA	0000	9
		PL597          		CODE           	4DC8	0000	21
		PL469          		CODE           	45B2	0000	55
		PL659          		CODE           	56BA	0000	11
		PL697          		CODE           	542C	0000	11
		PL569          		CODE           	2B9C	0000	25
		PL479          		CODE           	48BE	0000	13
		PL669          		CODE           	5DA0	0000	13
		PL401          		CODE           	2304	0000	29
		PL389          		CODE           	22CC	0000	11
		PL579          		CODE           	5734	0000	11
		_macAddress    		SMALLCONST     	102E	0000	7
		PL501          		CODE           	24EE	0000	11
		PL489          		CODE           	2FDC	0000	41
		PL679          		CODE           	437A	0000	11
		PL411          		CODE           	3E08	0000	27
		PL601          		CODE           	580E	0000	11
		PL399          		CODE           	44D4	0000	27
		PL589          		CODE           	3944	0000	15
		_dpowers       		SMALLCONST     	1001	0000	11
		i1_ETH_CheckLinkUp		CODE           	5FC8	0000	47
		PL511          		CODE           	334C	0000	29
		PL701          		CODE           	49E8	0000	11
		PL499          		CODE           	2A96	0000	11
		PL689          		CODE           	304A	0000	11
		PL421          		CODE           	329E	0000	115
		PL611          		CODE           	251E	0000	9
		PL599          		CODE           	57A2	0000	11
		PL521          		CODE           	41D8	0000	19
		PL711          		CODE           	2C68	0000	9
		PL699          		CODE           	5C26	0000	9
		PL431          		CODE           	23DA	0000	9
		PL621          		CODE           	2C02	0000	17
		PL531          		CODE           	3602	0000	27
		PL721          		CODE           	396A	0000	11
		PL403          		CODE           	2320	0000	19
		PL441          		CODE           	23FC	0000	27
		PL631          		CODE           	2C12	0000	17
		PL503          		CODE           	52FA	0000	11
		PL541          		CODE           	3368	0000	27
		PL731          		CODE           	4046	0000	11
		PL413          		CODE           	3FEA	0000	29
		PL603          		CODE           	5EC4	0000	11
		PL451          		CODE           	49D0	0000	25
		PL641          		CODE           	2C30	0000	15
		_UDP_CallBackTable		SMALLCONST     	1034	0000	6
		PL513          		CODE           	2500	0000	9
		PL703          		CODE           	3960	0000	11
		PL551          		CODE           	2B1A	0000	27
		PL741          		CODE           	5C36	0000	7
		PL423          		CODE           	23A4	0000	11
		PL613          		CODE           	3BC8	0000	19
		PL461          		CODE           	38E0	0000	17
		PL651          		CODE           	4E84	0000	15
		PL523          		CODE           	5534	0000	29
		PL713          		CODE           	5268	0000	7
		PL561          		CODE           	361C	0000	27
		PL751          		CODE           	5C3C	0000	9
		__initialization		CODE           	5B14	0000	67
		PL433          		CODE           	3568	0000	97
		PL623          		CODE           	41EA	0000	11
		PL471          		CODE           	2496	0000	9
		PL661          		CODE           	3E30	0000	11
		PL533          		CODE           	3926	0000	15
		PL723          		CODE           	3974	0000	11
		PL571          		CODE           	3934	0000	9
		PL405          		CODE           	2332	0000	65
		PL443          		CODE           	2416	0000	27
		PL633          		CODE           	4792	0000	11
		PL481          		CODE           	4DBE	0000	11
		PL671          		CODE           	606A	0000	13
		PL505          		CODE           	3338	0000	21
		PL543          		CODE           	2ACA	0000	29
		PL391          		CODE           	2A00	0000	27
		PL733          		CODE           	254E	0000	11
		PL581          		CODE           	461A	0000	23
		PL415          		CODE           	238C	0000	9
		PL605          		CODE           	2BC2	0000	19
		PL453          		CODE           	2440	0000	15
		PL643          		CODE           	41F4	0000	15
		PL491          		CODE           	3310	0000	41
		PL681          		CODE           	4AF6	0000	11
		PL515          		CODE           	2508	0000	9
		PL705          		CODE           	5304	0000	11
		PL553          		CODE           	2B34	0000	27
		PL743          		CODE           	5BF0	0000	9
		PL591          		CODE           	3E22	0000	15
		i1_PHY_WaitForBusy		CODE           	0000	0000	1
		PL425          		CODE           	23AE	0000	29
		PL615          		CODE           	4CF2	0000	13
		PL463          		CODE           	38F0	0000	25
		PL653          		CODE           	58CC	0000	11
		PL691          		CODE           	2C5E	0000	11
		PL525          		CODE           	3004	0000	27
		PL715          		CODE           	2C70	0000	11
		PL563          		CODE           	2B82	0000	27
		PL753          		CODE           	526E	0000	7
		_hexpowers     		SMALLCONST     	100B	0000	9
		PL435          		CODE           	2F7E	0000	95
		PL625          		CODE           	402E	0000	11
		PL473          		CODE           	249E	0000	9
		PL663          		CODE           	2C48	0000	13
		PL535          		CODE           	4006	0000	15
		PL725          		CODE           	3670	0000	11
		PL573          		CODE           	4602	0000	25
		PL407          		CODE           	2372	0000	27
		PL445          		CODE           	2A6E	0000	15
		PL635          		CODE           	51C6	0000	17
		PL483          		CODE           	2A7C	0000	27
		PL673          		CODE           	4630	0000	13
		_broadcastMAC  		SMALLCONST     	1028	0000	7
		PL507          		CODE           	475A	0000	33
		PL545          		CODE           	4014	0000	27
		PL393          		CODE           	22D6	0000	9
		PL735          		CODE           	4FE2	0000	9
		PL583          		CODE           	3382	0000	11
		i1_PHY_Read    		CODE           	4FEA	0000	163
		PL417          		CODE           	2394	0000	9
		PL607          		CODE           	2BD4	0000	19
		PL455          		CODE           	244E	0000	15
		PL645          		CODE           	3032	0000	15
		PL493          		CODE           	24DC	0000	19
		PL683          		CODE           	365C	0000	11
		PL517          		CODE           	3914	0000	19
		PL707          		CODE           	5D60	0000	11
		PL555          		CODE           	2B4E	0000	27
		PL745          		CODE           	508C	0000	9
		PL593          		CODE           	2BB4	0000	15
		PL427          		CODE           	23CA	0000	9
		PL617          		CODE           	541C	0000	17
		PL465          		CODE           	2482	0000	11
		PL655          		CODE           	2C3E	0000	11
		PL693          		CODE           	3666	0000	11
		PL527          		CODE           	5120	0000	11
		PL717          		CODE           	479C	0000	11
		PL565          		CODE           	3636	0000	17
		PL437          		CODE           	2A1A	0000	85
		PL627          		CODE           	2526	0000	11
		PL475          		CODE           	24A6	0000	19
		PL665          		CODE           	5EF8	0000	13
		PL537          		CODE           	2510	0000	15
		PL727          		CODE           	367A	0000	11
		PL575          		CODE           	393C	0000	9
		PL409          		CODE           	2F64	0000	27
		PL447          		CODE           	2430	0000	9
		PL637          		CODE           	2C22	0000	15
		PL485          		CODE           	3908	0000	13
		PL675          		CODE           	512A	0000	13
		PL509          		CODE           	24F8	0000	9
		PL547          		CODE           	2AE6	0000	27
		PL395          		CODE           	22DE	0000	27
		PL737          		CODE           	5F66	0000	7
		PL585          		CODE           	3646	0000	23
		PL419          		CODE           	239C	0000	9
		PL609          		CODE           	2BE6	0000	19
		PL457          		CODE           	245C	0000	27
		PL647          		CODE           	3952	0000	15
		PL495          		CODE           	35C8	0000	41
		PL685          		CODE           	2C54	0000	11
		PL519          		CODE           	35F0	0000	19
		PL709          		CODE           	56C4	0000	11
		PL557          		CODE           	2B68	0000	27
		PL747          		CODE           	2C7A	0000	9
		PL595          		CODE           	301E	0000	21
		i1_ETH_readLinkStatus		CODE           	0000	0000	1
		PL429          		CODE           	23D2	0000	9
		PL619          		CODE           	2BF8	0000	11
		PL467          		CODE           	248C	0000	11
		PL657          		CODE           	55CE	0000	11
		PL695          		CODE           	338C	0000	11
		PL529          		CODE           	2AA0	0000	29
		PL719          		CODE           	4648	0000	11
		PL567          		CODE           	4BF4	0000	25

shared estimated size: 3818

../board_support_package/picdem2_net/adc.c
		_ADC_Initialize		CODE           	6320	0000	23

../board_support_package/picdem2_net/adc.c estimated size: 23

../../TCPIP Library/source/tcpv4.c
		_TCP_InsertRxBuffer		CODE           	57AC	0000	99
		_TCP_FiniteStateMachine		CODE           	10BA	0000	4603
		_TCP_Bind      		CODE           	618A	0000	37
		_TCB_Check     		CODE           	55D8	0000	127
		_TCP_ParseTCPOptions		CODE           	49F2	0000	261
		_TCP_Listen    		CODE           	5656	0000	101
		_TCP_GetRxLength		CODE           	587C	0000	81
		_TCB_Reset     		CODE           	4384	0000	337
		_TCP_GetReceivedData		CODE           	573E	0000	101
		_TCP_Init      		CODE           	6288	0000	29
		_TCP_Send      		CODE           	5094	0000	141
		_TCP_SendDone  		CODE           	60A0	0000	43
		_TCP_SocketPoll		CODE           	6164	0000	39
		_TCP_SocketInit		CODE           	5274	0000	135
		_TCP_Snd       		CODE           	2558	0000	1193
		_TCB_Insert    		CODE           	5D22	0000	63
		_TCP_PayloadSave		CODE           	3E3A	0000	433
		_TCP_Recv      		CODE           	2C82	0000	739
		_TCP_Update    		CODE           	3BE2	0000	551

../../TCPIP Library/source/tcpv4.c estimated size: 9113

C:\Program Files (x86)\Microchip\xc8\v1.35\sources\common\memcmp.c
		_memcmp        		CODE           	5B60	0000	77

C:\Program Files (x86)\Microchip\xc8\v1.35\sources\common\memcmp.c estimated size: 77

C:\Program Files (x86)\Microchip\xc8\v1.35\sources\common\lwdiv.c
		___lwdiv       		CODE           	5C90	0000	75

C:\Program Files (x86)\Microchip\xc8\v1.35\sources\common\lwdiv.c estimated size: 75

../board_support_package/picdem2_net/lcd_hw.c
		_lcd_write_data		CODE           	61D0	0000	33
		_lcd_write_ctrl		CODE           	61F0	0000	33
		_lcd_busy      		CODE           	6388	0000	11
		_lcd_init_pins 		CODE           	637E	0000	11

../board_support_package/picdem2_net/lcd_hw.c estimated size: 88

C:\Program Files (x86)\Microchip\xc8\v1.35\sources\common\Umul16.c
		___wmul        		CODE           	60F2	0000	39

C:\Program Files (x86)\Microchip\xc8\v1.35\sources\common\Umul16.c estimated size: 39

../../TCPIP Library/source/arpv4.c
		_ARPV4_Packet  		CODE           	3054	0000	587
		_ARPV4_Init    		CODE           	62BE	0000	27
		_ARPV4_Lookup  		CODE           	5AC6	0000	79
		_ARPV4_Update  		CODE           	6076	0000	43
		_ARPV4_Request 		CODE           	44EE	0000	197

../../TCPIP Library/source/arpv4.c estimated size: 933

main.c
		_DEMO_TCP_EchoServer		CODE           	4B00	0000	245
		_main          		CODE           	4C0C	0000	231
		_high_isr      		CODE           	0008	0000	15
		_low_isr       		CODE           	0018	0000	35

main.c estimated size: 526

../../TCPIP Library/ethernet_drivers/j60_driver.c
		_ETH_EdataRead 		CODE           	0000	0000	1
		_PHY_Read      		CODE           	4F40	0000	163
		_ETH_ComputeChecksum		CODE           	5136	0000	145
		_ETH_EdataWrite		CODE           	0000	0000	1
		_ETH_CheckLinkUp		CODE           	5F3A	0000	45
		_ETH_Write8    		CODE           	63A6	0000	11
		_ETH_Write32   		CODE           	62D8	0000	27
		_ETH_Write16   		CODE           	6364	0000	15
		_ETH_Insert    		CODE           	5DAC	0000	65
		_ETH_Read8     		CODE           	604C	0000	31
		_ETH_Read32    		CODE           	58D6	0000	89
		_ETH_Read16    		CODE           	5D6A	0000	55
		_ETH_Init      		CODE           	47A6	0000	281
		_ETH_RxComputeChecksum		CODE           	5CDA	0000	73
		_ETH_NextPacketUpdate		CODE           	592E	0000	87
		_ETH_Flush     		CODE           	59D8	0000	59
		_ETH_WriteBlock		CODE           	5C44	0000	77
		_ETH_Send      		CODE           	5ECE	0000	43
		_ETH_WriteStart		CODE           	48D2	0000	255
		_ETH_ReadBlock 		CODE           	5818	0000	101
		_ETH_Copy      		CODE           	4DDC	0000	169
		_ETH_GetMAC    		CODE           	5E98	0000	45
		_PHY_WaitForBusy		CODE           	0000	0000	1
		_ETH_ResetByteCount		CODE           	63B0	0000	11
		_ETH_SaveRDPT  		CODE           	6392	0000	11
		_ETH_Dump      		CODE           	5F9A	0000	47
		_ETH_GetByteCount		CODE           	624E	0000	31
		_ETH_readLinkStatus		CODE           	0000	0000	1
		_ETH_TxComputeChecksum		CODE           	5436	0000	143
		_PHY_Write     		CODE           	5A28	0000	81
		_ETH_EventHandler		CODE           	5BF8	0000	47

../../TCPIP Library/ethernet_drivers/j60_driver.c estimated size: 2211

../board_support_package/picdem2_net/lcd.c
		_lcd_puts      		CODE           	6230	0000	19
		_lcd_putch     		CODE           	626C	0000	29
		_lcd_goto1     		CODE           	6348	0000	15
		_lcd_init      		CODE           	51D6	0000	147

../board_support_package/picdem2_net/lcd.c estimated size: 210

../board_support_package/picdem2_net/mssp_spi_master.c
		_spi_init      		CODE           	6372	0000	13

../board_support_package/picdem2_net/mssp_spi_master.c estimated size: 13

../../TCPIP Library/source/network.c
		_Network_Read  		CODE           	4E92	0000	175
		_Network_Init  		CODE           	61AE	0000	35
		_Network_WaitForLink		CODE           	6356	0000	15
		_Network_Manage		CODE           	53A6	0000	119

../../TCPIP Library/source/network.c estimated size: 344

