Microchip MPLAB XC8 Compiler V1.35 ()

Linker command line:

--edf=C:\Program Files (x86)\Microchip\xc8\v1.35\dat\en_msgs.txt \
  --msgdisable=1467:Off; -cs \
  -h+dist/PICDEM.net2_ENC28J60/production\udpDEMO.X.production.sym \
  --cmf=dist/PICDEM.net2_ENC28J60/production\udpDEMO.X.production.cmf -z \
  -Q18F97J60 -oC:\Users\c16008\AppData\Local\Temp\sch4.2 \
  -Mdist/PICDEM.net2_ENC28J60/production/udpDEMO.X.production.map -E1 \
  -ver=XC8 -ASTACK=02BCh-0e7fh -pstack=STACK -ACODE=00h-01FFF7h \
  -ACONST=00h-01FFF7h -ASMALLCONST=01000h-010FFhx495,01FF00h-01FFF7h \
  -AMEDIUMCONST=01000h-0FFFFh,011000h-01FFF7h -ACOMRAM=01h-05Fh \
  -AABS1=00h-0E7Fh,0F00h-0F5Fh -ABIGRAM=01h-0E7Fh,0F00h-0F5Fh \
  -ARAM=060h-0FFh,0100h-01FFhx13,0E00h-0E7Fh,0F00h-0F5Fh -ABANK0=060h-0FFh \
  -ABANK1=0100h-01FFh -ABANK2=0200h-02FFh -ABANK3=0300h-03FFh \
  -ABANK4=0400h-04FFh -ABANK5=0500h-05FFh -ABANK6=0600h-06FFh \
  -ABANK7=0700h-07FFh -ABANK8=0800h-08FFh -ABANK9=0900h-09FFh \
  -ABANK10=0A00h-0AFFh -ABANK11=0B00h-0BFFh -ABANK12=0C00h-0CFFh \
  -ABANK13=0D00h-0DFFh -ABANK14=0E00h-0E7Fh -ABANK15=0F00h-0F5Fh \
  -ASFR=0E80h-0EFFh,0F60h-0FFFh \
  -preset_vec=00h,intcode=08h,intcodelo=018h,powerup,init,end_init \
  -pramtop=01000h -psmallconst=SMALLCONST -pmediumconst=MEDIUMCONST \
  -pconst=CONST -AFARRAM=00h-00h -ACONFIG=01FFF8h-01FFFDh -pconfig=CONFIG \
  -pjflash_buffer=01F800h \
  -prdata=COMRAM,nvrram=COMRAM,nvbit=COMRAM,rbss=COMRAM,rbit=COMRAM \
  -pfarbss=FARRAM,fardata=FARRAM,nvFARRAM=FARRAM \
  -pintsave_regs=BIGRAM,bigbss=BIGRAM,bigdata=BIGRAM -pbss=RAM \
  -pidata=CODE,irdata=CODE,ibigdata=CODE,ifardata=CODE -prparam=COMRAM \
  C:\Users\c16008\AppData\Local\Temp\sch4.obj \
  dist/PICDEM.net2_ENC28J60/production\udpDEMO.X.production.obj 

Object code version is 3.11

Machine type is 18F97J60

Call graph: (short form)




                Name                               Link     Load   Length Selector   Space Scale
C:\Users\c16008\AppData\Local\Temp\sch4.obj
                end_init                             28       28        4        C       0
                reset_vec                             0        0        4        0       0
                config                            1FFF8    1FFF8        6    1FFF8       0
dist/PICDEM.net2_ENC28J60/production\udpDEMO.X.production.obj
                intcodelo                            18       18       10        C       0
                intcode                               8        8        6        4       0
                temp                                 5E       5E        1        1       1
                smallconst                         1000     1000       B4      800       0
                text102                            5B00     5B00       28      85A       0
                intcode_body                       5ED2     5ED2        8      85A       0
                text99                             5ECA     5ECA        8      85A       0
                text98                             5E12     5E12       16      85A       0
                text97                             5A28     5A28       2E      85A       0
                text96                             5D86     5D86       1A      85A       0
                text95                             5E84     5E84        E      85A       0
                text94                             57C4     57C4       48      85A       0
                text93                             584A     584A       3E      85A       0
                text92                             5CFE     5CFE       1E      85A       0
                text91                             5934     5934       36      85A       0
                text90                             545A     545A       5C      85A       0
                text89                             5CE0     5CE0       1E      85A       0
                text88                             59FA     59FA       2E      85A       0
                text87                             5CC2     5CC2       1E      85A       0
                text86                             5C66     5C66       20      85A       0
                text85                             4CE2     4CE2       EA      85A       0
                text84                             53EE     53EE       6C      85A       0
                text83                             50E4     50E4       8A      85A       0
                text82                             5E4A     5E4A       10      85A       0
                text81                             5600     5600       4E      85A       0
                text80                             577C     577C       48      85A       0
                text79                             555E     555E       54      85A       0
                text78                             4310     4310      172      85A       0
                text77                             45EC     45EC      160      85A       0
                text76                             5B9A     5B9A       26      85A       0
                text75                             5AD6     5AD6       2A      85A       0
                text74                             5D6C     5D6C       1A      85A       0
                text73                             418A     418A      186      85A       0
                text72                             55B2     55B2       4E      85A       0
                text69                             4BF0     4BF0       F2      85A       0
                text68                             5E28     5E28       12      85A       0
                text67                             5D52     5D52       1A      85A       0
                text66                             5CA4     5CA4       1E      85A       0
                text65                             59CC     59CC       2E      85A       0
                text64                             5888     5888       3C      85A       0
                text63                             5DB8     5DB8       18      85A       0
                text62                             5EAA     5EAA        C      85A       0
                text61                             5EDA     5EDA        4      85A       0
                text60                             3FE4     3FE4      1A6      85A       0
                text59                             5E9E     5E9E        C      85A       0
                text58                             5E76     5E76        E      85A       0
                text57                             550A     550A       54      85A       0
                text56                             5BE4     5BE4       22      85A       0
                text55                             5AAC     5AAC       2A      85A       0
                text54                             5DA0     5DA0       18      85A       0
                text53                             3E36     3E36      1AE      85A       0
                text52                             51F6     51F6       86      85A       0
                text51                             516E     516E       88      85A       0
                text50                             52FE     52FE       7E      85A       0
                text49                             3094     3094      33E      85A       0
                text48                             56E6     56E6       4C      85A       0
                text47                             537C     537C       72      85A       0
                text46                             5DFC     5DFC       16      85A       0
                text45                             5050     5050       94      85A       0
                text44                             54B6     54B6       54      85A       0
                text43                             5B74     5B74       26      85A       0
                text42                             4AE4     4AE4      10C      85A       0
                text41                             5E3A     5E3A       10      85A       0
                text40                             474C     474C      156      85A       0
                text39                             569A     569A       4C      85A       0
                text38                             4F22     4F22       98      85A       0
                text37                             4482     4482      16A      85A       0
                text36                             2544     2544      72C      85A       0
                text35                             3C1A     3C1A      21C      85A       0
                text34                             10B4     10B4     1490      85A       0
                text33                             564E     564E       4C      85A       0
                text32                             5B4E     5B4E       26      85A       0
                text31                             49D4     49D4      110      85A       0
                text30                             2C70     2C70      424      85A       0
                text29                             527C     527C       82      85A       0
                text28                             33D2     33D2      30A      85A       0
                text27                             5732     5732       4A      85A       0
                text26                             580C     580C       3E      85A       0
                text25                             5D38     5D38       1A      85A       0
                text24                             36DC     36DC      2F0      85A       0
                text23                             5A56     5A56       2C      85A       0
                text22                             4DCC     4DCC       B8      85A       0
                text21                             39CC     39CC      24E      85A       0
                text20                             4FBA     4FBA       96      85A       0
                text19                             5E68     5E68        E      85A       0
                text18                             5BC0     5BC0       24      85A       0
                text17                             599E     599E       2E      85A       0
                text16                             5B28     5B28       26      85A       0
                text15                             5DE6     5DE6       16      85A       0
                text14                             5C46     5C46       20      85A       0
                text13                             5EC0     5EC0        A      85A       0
                text12                             5EB6     5EB6        A      85A       0
                text11                             5C26     5C26       20      85A       0
                text10                             4E84     4E84       9E      85A       0
                text9                              58C4     58C4       3A      85A       0
                text8                              5E92     5E92        C      85A       0
                text7                              5DD0     5DD0       16      85A       0
                text6                              58FE     58FE       36      85A       0
                text5                              5E5A     5E5A        E      85A       0
                text4                              5C06     5C06       20      85A       0
                text3                              5D1C     5D1C       1C      85A       0
                text2                              5C86     5C86       1E      85A       0
                text1                              5A82     5A82       2A      85A       0
                text0                              48A2     48A2      132      85A       0
                cstackCOMRAM                          1        1       5C        1       1
                cstackBANK0                          60       60       A0       60       1
                cstackBANK1                         100      100       B5      100       1
                bssBANK2                            200      200       B4      200       1
                bssBANK1                            1B5      1B5       4B      100       1
                dataCOMRAM                           5D       5D        1        1       1
                cinit                              596A     596A       34      85A       0
                nvBANK2                             2B4      2B4        8      200       1
                idataCOMRAM                        5EDE     5EDE        1      85A       0

TOTAL           Name                               Link     Load   Length     Space
        CLASS   STACK          

        CLASS   CODE           
                end_init                             28       28        4         0
                intcodelo                            18       18       10         0
                intcode                               8        8        6         0
                reset_vec                             0        0        4         0
                text102                            5B00     5B00       28         0
                intcode_body                       5ED2     5ED2        8         0
                text99                             5ECA     5ECA        8         0
                text98                             5E12     5E12       16         0
                text97                             5A28     5A28       2E         0
                text96                             5D86     5D86       1A         0
                text95                             5E84     5E84        E         0
                text94                             57C4     57C4       48         0
                text93                             584A     584A       3E         0
                text92                             5CFE     5CFE       1E         0
                text91                             5934     5934       36         0
                text90                             545A     545A       5C         0
                text89                             5CE0     5CE0       1E         0
                text88                             59FA     59FA       2E         0
                text87                             5CC2     5CC2       1E         0
                text86                             5C66     5C66       20         0
                text85                             4CE2     4CE2       EA         0
                text84                             53EE     53EE       6C         0
                text83                             50E4     50E4       8A         0
                text82                             5E4A     5E4A       10         0
                text81                             5600     5600       4E         0
                text80                             577C     577C       48         0
                text79                             555E     555E       54         0
                text78                             4310     4310      172         0
                text77                             45EC     45EC      160         0
                text76                             5B9A     5B9A       26         0
                text75                             5AD6     5AD6       2A         0
                text74                             5D6C     5D6C       1A         0
                text73                             418A     418A      186         0
                text72                             55B2     55B2       4E         0
                text69                             4BF0     4BF0       F2         0
                text68                             5E28     5E28       12         0
                text67                             5D52     5D52       1A         0
                text66                             5CA4     5CA4       1E         0
                text65                             59CC     59CC       2E         0
                text64                             5888     5888       3C         0
                text63                             5DB8     5DB8       18         0
                text62                             5EAA     5EAA        C         0
                text61                             5EDA     5EDA        4         0
                text60                             3FE4     3FE4      1A6         0
                text59                             5E9E     5E9E        C         0
                text58                             5E76     5E76        E         0
                text57                             550A     550A       54         0
                text56                             5BE4     5BE4       22         0
                text55                             5AAC     5AAC       2A         0
                text54                             5DA0     5DA0       18         0
                text53                             3E36     3E36      1AE         0
                text52                             51F6     51F6       86         0
                text51                             516E     516E       88         0
                text50                             52FE     52FE       7E         0
                text49                             3094     3094      33E         0
                text48                             56E6     56E6       4C         0
                text47                             537C     537C       72         0
                text46                             5DFC     5DFC       16         0
                text45                             5050     5050       94         0
                text44                             54B6     54B6       54         0
                text43                             5B74     5B74       26         0
                text42                             4AE4     4AE4      10C         0
                text41                             5E3A     5E3A       10         0
                text40                             474C     474C      156         0
                text39                             569A     569A       4C         0
                text38                             4F22     4F22       98         0
                text37                             4482     4482      16A         0
                text36                             2544     2544      72C         0
                text35                             3C1A     3C1A      21C         0
                text34                             10B4     10B4     1490         0
                text33                             564E     564E       4C         0
                text32                             5B4E     5B4E       26         0
                text31                             49D4     49D4      110         0
                text30                             2C70     2C70      424         0
                text29                             527C     527C       82         0
                text28                             33D2     33D2      30A         0
                text27                             5732     5732       4A         0
                text26                             580C     580C       3E         0
                text25                             5D38     5D38       1A         0
                text24                             36DC     36DC      2F0         0
                text23                             5A56     5A56       2C         0
                text22                             4DCC     4DCC       B8         0
                text21                             39CC     39CC      24E         0
                text20                             4FBA     4FBA       96         0
                text19                             5E68     5E68        E         0
                text18                             5BC0     5BC0       24         0
                text17                             599E     599E       2E         0
                text16                             5B28     5B28       26         0
                text15                             5DE6     5DE6       16         0
                text14                             5C46     5C46       20         0
                text13                             5EC0     5EC0        A         0
                text12                             5EB6     5EB6        A         0
                text11                             5C26     5C26       20         0
                text10                             4E84     4E84       9E         0
                text9                              58C4     58C4       3A         0
                text8                              5E92     5E92        C         0
                text7                              5DD0     5DD0       16         0
                text6                              58FE     58FE       36         0
                text5                              5E5A     5E5A        E         0
                text4                              5C06     5C06       20         0
                text3                              5D1C     5D1C       1C         0
                text2                              5C86     5C86       1E         0
                text1                              5A82     5A82       2A         0
                text0                              48A2     48A2      132         0
                cinit                              596A     596A       34         0
                idataCOMRAM                        5EDE     5EDE        1         0

        CLASS   CONST          

        CLASS   SMALLCONST     
                smallconst                         1000     1000       B4         0

        CLASS   MEDIUMCONST    

        CLASS   COMRAM         
                temp                                 5E       5E        1         1
                cstackCOMRAM                          1        1       5C         1
                dataCOMRAM                           5D       5D        1         1

        CLASS   ABS1           

        CLASS   BIGRAM         

        CLASS   RAM            

        CLASS   BANK0          
                cstackBANK0                          60       60       A0         1

        CLASS   BANK1          
                cstackBANK1                         100      100       B5         1
                bssBANK1                            1B5      1B5       4B         1

        CLASS   BANK2          
                bssBANK2                            200      200       B4         1
                nvBANK2                             2B4      2B4        8         1

        CLASS   BANK3          

        CLASS   BANK4          

        CLASS   BANK5          

        CLASS   BANK6          

        CLASS   BANK7          

        CLASS   BANK8          

        CLASS   BANK9          

        CLASS   BANK10         

        CLASS   BANK11         

        CLASS   BANK12         

        CLASS   BANK13         

        CLASS   BANK14         

        CLASS   BANK15         

        CLASS   SFR            

        CLASS   FARRAM         

        CLASS   CONFIG         
                config                            1FFF8    1FFF8        6         0

        CLASS   IDLOC          



SEGMENTS        Name                           Load    Length   Top    Selector   Space  Class

                reset_vec                      000000  000004  000004         0       0  CODE    
                cstackCOMRAM                   000001  00005E  00005F         1       1  COMRAM  
                intcode                        000008  000006  00000E         4       0  CODE    
                intcodelo                      000018  000014  00002C         C       0  CODE    
                cstackBANK0                    000060  0000A0  000100        60       1  BANK0   
                cstackBANK1                    000100  000100  000200       100       1  BANK1   
                bssBANK2                       000200  0000BC  0002BC       200       1  BANK2   
                smallconst                     001000  0000B4  0010B4       800       0  SMALLCON
                text34                         0010B4  004E2B  005EDF       85A       0  CODE    
                config                         01FFF8  000006  01FFFE     1FFF8       0  CONFIG  


UNUSED ADDRESS RANGES

        Name                Unused          Largest block    Delta
        BANK10           00A00-00AFF             100
        BANK11           00B00-00BFF             100
        BANK12           00C00-00CFF             100
        BANK13           00D00-00DFF             100
        BANK14           00E00-00E7F              80
        BANK15           00F00-00F5F              60
        BANK2            002BC-002FF              44
        BANK3            00300-003FF             100
        BANK4            00400-004FF             100
        BANK5            00500-005FF             100
        BANK6            00600-006FF             100
        BANK7            00700-007FF             100
        BANK8            00800-008FF             100
        BANK9            00900-009FF             100
        BIGRAM           0005F-0005F               1
                         002BC-00E7F             BC4
                         00F00-00F5F              60
        CODE             00004-00007               4
                         0000E-00017               A
                         0002C-00FFF             FD4
                         05EDF-1FFF7           1A119
        COMRAM           0005F-0005F               1
        CONST            00004-00007               4
                         0000E-00017               A
                         0002C-00FFF             FD4
                         05EDF-1FFF7           1A119
        MEDIUMCONST      05EDF-0FFFF            A121
                         11000-1FFF7            EFF8
        RAM              002BC-00E7F             100
                         00F00-00F5F              60
        SFR              00E80-00EFF              80
                         00F60-00FFF              A0
        SMALLCONST       05EDF-1FFF7             100
        STACK            002BC-00E7F             BC4

                                  Symbol Table

?_ADC_GetConversion                  cstackCOMRAM  00002
?_ARPV4_Lookup                       cstackCOMRAM  00002
?_ENC28_PhyRead                      cstackCOMRAM  0000A
?_ENC28_Rcr16                        cstackCOMRAM  00005
?_ETH_ComputeChecksum                cstackCOMRAM  00004
?_ETH_GetByteCount                   cstackCOMRAM  0000A
?_ETH_Read16                         cstackCOMRAM  00003
?_ETH_ReadBlock                      cstackCOMRAM  00003
?_ETH_RxComputeChecksum              cstackCOMRAM  00012
?_ETH_TxComputeChecksum              cstackCOMRAM  0000A
?_IPV4_GetMyIP                       cstackCOMRAM  00002
?_IPV4_PseudoHeaderChecksum          cstackCOMRAM  00002
?___lwdiv                            cstackCOMRAM  00002
?___lwmod                            cstackCOMRAM  00009
?___wmul                             cstackCOMRAM  00002
?__doprnt                            cstackCOMRAM  0000E
?_printf                             cstackCOMRAM  0001C
?_sprintf                            cstackCOMRAM  0001C
?_time                               cstackCOMRAM  00002
ADC_GetConversion@channel            cstackCOMRAM  00005
ARPV4_Init@x                         cstackCOMRAM  00002
ARPV4_Lookup@entry_pointer           cstackCOMRAM  0000A
ARPV4_Lookup@ip_address              cstackCOMRAM  00002
ARPV4_Lookup@x                       cstackCOMRAM  0000C
ARPV4_Packet@arpPtr                  cstackCOMRAM  00032
ARPV4_Packet@entryPointer            cstackCOMRAM  00036
ARPV4_Packet@header                  cstackCOMRAM  00038
ARPV4_Packet@length                  cstackCOMRAM  0002E
ARPV4_Packet@mergeFlag               cstackCOMRAM  00030
ARPV4_Packet@ret                     cstackCOMRAM  00031
ARPV4_Packet@x                       cstackCOMRAM  00034
ARPV4_Packet@x_1710                  cstackCOMRAM  00035
ARPV4_Request@destAddress            cstackCOMRAM  0000E
ARPV4_Request@header                 cstackCOMRAM  0002E
ARPV4_Request@ret                    cstackCOMRAM  0002D
ARPV4_Update@entryPointer            cstackCOMRAM  00002
ARPV4_Update@x                       cstackCOMRAM  00004
DEMO_UDP_ClaimIPCheck@ret            cstackCOMRAM  00003
DEMO_UDP_Send@pot_adcResult          cstackBANK0   00070
DEMO_UDP_Send@started                cstackBANK0   0006F
DEMO_UDP_SetClaimIP@claim_ip         cstackCOMRAM  00002
DHCP_Request@ethMAC                  cstackBANK0   00071
DHCP_Request@started                 cstackBANK0   0006F
DHCP_Request@type                    cstackBANK0   00070
DHCP_WriteZeros@length               cstackCOMRAM  00004
ENC28_BankSel@a                      cstackCOMRAM  00004
ENC28_BankSel@r                      cstackCOMRAM  00003
ENC28_Bfc@a                          cstackCOMRAM  00006
ENC28_Bfc@bits                       cstackCOMRAM  00005
ENC28_Bfs@a                          cstackCOMRAM  00006
ENC28_Bfs@bits                       cstackCOMRAM  00005
ENC28_PhyRead@a                      cstackCOMRAM  0000D
ENC28_PhyWrite@a                     cstackCOMRAM  0000A
ENC28_PhyWrite@d                     cstackCOMRAM  00008
ENC28_PhyWrite@v                     cstackCOMRAM  0000B
ENC28_Rcr16@a                        cstackCOMRAM  00009
ENC28_Rcr16@v                        cstackCOMRAM  00007
ENC28_Rcr8@a                         cstackCOMRAM  00006
ENC28_Rcr8@v                         cstackCOMRAM  00005
ENC28_Wcr16@a                        cstackCOMRAM  00007
ENC28_Wcr16@v                        cstackCOMRAM  00005
ENC28_Wcr8@a                         cstackCOMRAM  00006
ENC28_Wcr8@v                         cstackCOMRAM  00005
ETH_CheckLinkUp@phstat2              cstackCOMRAM  0000E
ETH_ComputeChecksum@cksm             cstackCOMRAM  0000C
ETH_ComputeChecksum@len              cstackCOMRAM  00004
ETH_ComputeChecksum@seed             cstackCOMRAM  00006
ETH_ComputeChecksum@v                cstackCOMRAM  00010
ETH_Copy@len                         cstackCOMRAM  0000A
ETH_Copy@temp_len                    cstackCOMRAM  00011
ETH_Copy@timer                       cstackCOMRAM  0000F
ETH_Copy@tx_buffer_address           cstackCOMRAM  0000D
ETH_Dump@length                      cstackCOMRAM  0000A
ETH_Dump@newRXTail                   cstackCOMRAM  0000C
ETH_EventHandler@eir_val             cstackCOMRAM  00013
ETH_EventHandler@phstat2_val         cstackCOMRAM  00010
ETH_GetByteCount@wptr                cstackCOMRAM  0000C
ETH_GetMAC@macAddr                   cstackCOMRAM  00007
ETH_Insert@current_tx_pointer        cstackCOMRAM  0000E
ETH_Insert@data                      cstackCOMRAM  00010
ETH_Insert@len                       cstackCOMRAM  0000A
ETH_Insert@offset                    cstackCOMRAM  0000C
ETH_Read16@b                         cstackCOMRAM  00005
ETH_Read8@b                          cstackCOMRAM  00003
ETH_ReadBlock@buffer                 cstackCOMRAM  00003
ETH_ReadBlock@length                 cstackCOMRAM  00005
ETH_ReadBlock@p                      cstackCOMRAM  00008
ETH_ReadBlock@readCount              cstackCOMRAM  0000A
ETH_RxComputeChecksum@cksm           cstackCOMRAM  0001C
ETH_RxComputeChecksum@len            cstackCOMRAM  00012
ETH_RxComputeChecksum@rxptr          cstackCOMRAM  0001A
ETH_RxComputeChecksum@seed           cstackCOMRAM  00014
ETH_TxComputeChecksum@cksm           cstackCOMRAM  00014
ETH_TxComputeChecksum@length         cstackCOMRAM  0000C
ETH_TxComputeChecksum@position       cstackCOMRAM  0000A
ETH_TxComputeChecksum@seed           cstackCOMRAM  0000E
ETH_Write16@data                     cstackCOMRAM  00003
ETH_Write32@data                     cstackCOMRAM  00003
ETH_Write8@data                      cstackCOMRAM  00003
ETH_WriteBlock@data                  cstackCOMRAM  00003
ETH_WriteBlock@length                cstackCOMRAM  00005
ETH_WriteBlock@p                     cstackCOMRAM  00007
ETH_WriteStart@dest_mac              cstackCOMRAM  00008
ETH_WriteStart@type                  cstackCOMRAM  0000A
ICMP_EchoReply@cksm                  cstackBANK0   0006B
ICMP_EchoReply@icmpHdr               cstackBANK0   00070
ICMP_EchoReply@ipv4Hdr               cstackBANK0   00067
ICMP_EchoReply@ipv4PayloadLength     cstackBANK0   0006D
ICMP_EchoReply@ret                   cstackBANK0   0006F
ICMP_Receive@icmpHdr                 cstackBANK0   00078
ICMP_Receive@ipv4Hdr                 cstackBANK0   00071
IPV4_Packet@cksm                     cstackBANK0   000FA
IPV4_Packet@hdrLen                   cstackBANK0   000F7
IPV4_Packet@length                   cstackBANK0   000F8
IPV4_PseudoHeaderChecksum@cksm       cstackCOMRAM  0000A
IPV4_PseudoHeaderChecksum@len        cstackCOMRAM  00009
IPV4_PseudoHeaderChecksum@payloadLen cstackCOMRAM  00002
IPV4_PseudoHeaderChecksum@tmp        cstackCOMRAM  0000E
IPV4_PseudoHeaderChecksum@v          cstackCOMRAM  00008
IPV4_Send@cksm                       cstackCOMRAM  0001F
IPV4_Send@payloadLength              cstackCOMRAM  00018
IPV4_Send@ret                        cstackCOMRAM  0001E
IPV4_Send@totalLength                cstackCOMRAM  00021
IPv4_Start@destAddress               cstackCOMRAM  0004A
IPv4_Start@macAddress                cstackBANK0   00064
IPv4_Start@protocol                  cstackCOMRAM  0004E
IPv4_Start@ret                       cstackBANK0   00066
IPv4_Start@targetAddress             cstackBANK0   00060
LED_Init@x                           cstackCOMRAM  00002
Network_Manage@now                   cstackBANK1   0017B
Network_Manage@nowPv                 bssBANK2      00218
Network_Read@debug_str               cstackBANK1   0011C
Network_Read@header                  cstackBANK1   0016C
PL100                                text34        0240E
PL102                                text36        02A6A
PL104                                text34        02420
PL106                                text24        03956
PL108                                text34        02428
PL110                                text30        02FE8
PL112                                text49        0334C
PL114                                text34        0243A
PL116                                text34        02440
PL118                                text28        03616
PL120                                text36        02A84
PL122                                text34        02452
PL124                                text35        03DEA
PL126                                text49        03374
PL128                                text40        04856
PL130                                text49        03388
PL132                                text28        0363E
PL134                                text24        03962
PL136                                text53        03FBA
PL138                                text36        02A8E
PL140                                text49        033A4
PL142                                text36        02A9C
PL144                                text30        03010
PL146                                text36        02AB8
PL148                                text28        03650
PL150                                text24        03974
PL152                                text35        03DF4
PL154                                text34        0245C
PL156                                text80        057B8
PL158                                text36        02AD4
PL160                                text83        05154
PL162                                text36        02AEE
PL164                                text36        02B08
PL166                                text77        046E2
PL168                                text36        02B22
PL170                                text36        02B3C
PL172                                text36        02B56
PL174                                text36        02B70
PL176                                text28        0366A
PL178                                text28        03684
PL180                                text77        046FC
PL182                                text40        04876
PL184                                text36        02B8A
PL186                                text24        03982
PL188                                text24        0398A
PL190                                text30        0302A
PL192                                text84        05450
PL194                                text49        033BE
PL196                                text77        04714
PL198                                text28        03694
PL20                                 text34        02210
PL200                                text36        02BA2
PL202                                text24        03992
PL204                                text21        03C02
PL206                                text35        03E02
PL208                                text36        02BB0
PL210                                text36        02BC2
PL212                                text36        02BD4
PL214                                text34        0246A
PL216                                text48        05710
PL218                                text78        04468
PL22                                 text34        02232
PL220                                text45        050D4
PL222                                text34        02472
PL224                                text48        0571A
PL226                                text20        05040
PL228                                text34        0247C
PL230                                text36        02BE6
PL232                                text36        02BF0
PL234                                text53        03FCC
PL236                                text34        02486
PL238                                text34        02490
PL24                                 text34        02278
PL240                                text35        03E14
PL242                                text34        0249A
PL244                                text34        024A4
PL246                                text34        024AE
PL248                                text34        024B8
PL250                                text78        04478
PL252                                text34        024C2
PL254                                text34        024D2
PL256                                text36        02C00
PL258                                text40        0488E
PL26                                 text34        02282
PL260                                text34        024DC
PL262                                text36        02C10
PL264                                text69        04CC8
PL266                                text35        03E1E
PL268                                text36        02C1E
PL270                                text30        03040
PL272                                text24        039A0
PL274                                text53        03FD6
PL276                                text48        05728
PL278                                text34        024EA
PL28                                 text36        029EE
PL280                                text34        024F4
PL282                                text34        024FE
PL284                                text52        05272
PL286                                text34        02508
PL288                                text34        02512
PL290                                text36        02C2C
PL292                                text34        0251C
PL294                                text76        05BB6
PL296                                text21        03C10
PL298                                text0         049C8
PL30                                 text34        022A6
PL300                                text77        0472A
PL302                                text36        02C36
PL304                                text2         05C98
PL306                                text73        04304
PL308                                text77        04736
PL310                                text42        04BCA
PL312                                text42        04BD6
PL314                                text69        04CD6
PL316                                text35        03E2C
PL318                                text30        0304E
PL32                                 text34        022C0
PL320                                text34        02526
PL322                                text31        04ADA
PL324                                text28        036AA
PL326                                text36        02C42
PL328                                text30        03058
PL330                                text30        03062
PL332                                text36        02C4C
PL334                                text28        036B4
PL336                                text34        02530
PL338                                text30        0306C
PL34                                 text34        022CC
PL340                                text30        03076
PL342                                text30        03080
PL344                                text24        039AE
PL346                                text34        0253A
PL348                                text42        04BE0
PL350                                text30        0308A
PL352                                text49        033C8
PL354                                text36        02C56
PL356                                text10        04F16
PL358                                text36        02C5E
PL36                                 text37        045D2
PL360                                text40        04898
PL362                                text77        04742
PL364                                text24        039B8
PL366                                text24        039C2
PL368                                text28        036BE
PL370                                text28        036C8
PL372                                text28        036D2
PL374                                text10        04F1C
PL376                                text42        04BEA
PL378                                text39        056DE
PL38                                 text34        022EE
PL380                                text36        02C68
PL40                                 text30        02F68
PL42                                 text35        03DBE
PL44                                 text34        02316
PL46                                 text34        02332
PL48                                 text35        03DE0
PL50                                 text34        02344
PL52                                 text21        03BE8
PL54                                 text34        0234C
PL56                                 text49        032DA
PL58                                 text34        02356
PL60                                 text30        02F88
PL62                                 text28        035B6
PL64                                 text36        02A08
PL66                                 text34        02360
PL68                                 text34        0237A
PL70                                 text60        04170
PL72                                 text36        02A5C
PL74                                 text78        0443A
PL76                                 text78        04450
PL78                                 text34        02394
PL80                                 text34        023A2
PL82                                 text34        023B0
PL84                                 text34        023CA
PL86                                 text24        0392E
PL88                                 text24        0393E
PL90                                 text34        023D6
PL92                                 text34        023E0
PL94                                 text77        046AC
PL96                                 text34        023EA
PL98                                 text34        023FC
SPI_ExchangeByte@v                   cstackCOMRAM  00002
SYSLOG_Init@t                        cstackCOMRAM  00027
SYSLOG_Write@message                 cstackCOMRAM  00027
SYSLOG_Write@t                       cstackCOMRAM  00029
TCB_Reset@tcbPtr                     cstackCOMRAM  00002
TCP_FiniteStateMachine@event         cstackBANK0   000D3
TCP_FiniteStateMachine@nextState     cstackBANK0   000D4
TCP_FiniteStateMachine@notAckBytes   cstackBANK0   000D1
TCP_FiniteStateMachine@ret           cstackBANK0   000D0
TCP_ParseTCPOptions@opt              cstackCOMRAM  00011
TCP_ParseTCPOptions@ret              cstackCOMRAM  00010
TCP_ParseTCPOptions@tcpOptionsSize   cstackCOMRAM  00012
TCP_PayloadSave@buffer_size          cstackCOMRAM  00058
TCP_PayloadSave@len                  cstackBANK0   000B6
TCP_Recv@count                       cstackCOMRAM  0005A
TCP_Recv@length                      cstackBANK0   000D9
TCP_Recv@remoteAddress               cstackBANK0   000D5
TCP_Recv@tcbPtr                      cstackCOMRAM  0005B
TCP_Snd@cksm                         cstackBANK0   0009B
TCP_Snd@data                         cstackBANK0   00099
TCP_Snd@payloadLength                cstackBANK0   0009D
TCP_Snd@ret                          cstackBANK0   0009F
TCP_Snd@tcbPtr                       cstackBANK0   00067
TCP_Snd@tcpDataLength                cstackBANK0   000A0
TCP_Snd@txHeader                     cstackBANK0   000A2
TCP_Update@count                     cstackBANK0   000DD
TCP_Update@tcbPtr                    cstackBANK0   000DF
UDP_Receive@hptr                     cstackCOMRAM  00013
UDP_Receive@udpcksm                  cstackCOMRAM  0000C
UDP_Receive@x                        cstackCOMRAM  00014
UDP_Send@cksm                        cstackCOMRAM  00028
UDP_Send@udpLength                   cstackCOMRAM  0002A
UDP_Start@destIP                     cstackBANK0   00067
UDP_Start@dstPort                    cstackBANK0   0006D
UDP_Start@ret                        cstackCOMRAM  00057
UDP_Start@srcPort                    cstackBANK0   0006B
UDP_Write32@data                     cstackCOMRAM  00007
UDP_Write8@data                      cstackCOMRAM  00004
_ADCON0                              (abs)         00FC2
_ADCON0bits                          (abs)         00FC2
_ADCON1                              (abs)         00FC1
_ADCON2                              (abs)         00FC0
_ADC_GetConversion                   text97        05A28
_ADC_Initialize                      text15        05DE6
_ADRES                               (abs)         00FC3
_ADRESH                              (abs)         00FC4
_ADRESL                              (abs)         00FC3
_ARPV4_Init                          text67        05D52
_ARPV4_Lookup                        text81        05600
_ARPV4_Packet                        text49        03094
_ARPV4_Request                       text77        045EC
_ARPV4_Update                        text55        05AAC
_BAUDCON1                            (abs)         00F7E
_BAUDCON1bits                        (abs)         00F7E
_CREN1                               (abs)         07D5C
_DEMO_UDP_ClaimIPCheck               text96        05D86
_DEMO_UDP_IPLockTimer                text98        05E12
_DEMO_UDP_IdlePkt                    (abs)         00000
_DEMO_UDP_Recv                       (abs)         00000
_DEMO_UDP_Send                       text69        04BF0
_DEMO_UDP_SetClaimIP                 text99        05ECA
_DHCP_Handler                        (abs)         00000
_DHCP_Manage                         text52        051F6
_DHCP_Request                        text53        03E36
_DHCP_WriteZeros                     text54        05DA0
_ENC28_BankSel                       text94        057C4
_ENC28_Bfc                           text87        05CC2
_ENC28_Bfs                           text89        05CE0
_ENC28_PhyRead                       text64        05888
_ENC28_PhyWrite                      text65        059CC
_ENC28_Rcr16                         text93        0584A
_ENC28_Rcr8                          text86        05C66
_ENC28_Wcr16                         text91        05934
_ENC28_Wcr8                          text66        05CA4
_ETH_CheckLinkUp                     text63        05DB8
_ETH_ComputeChecksum                 text45        05050
_ETH_Copy                            text42        04AE4
_ETH_Dump                            text33        0564E
_ETH_EventHandler                    text51        0516E
_ETH_Flush                           text48        056E6
_ETH_GetByteCount                    text92        05CFE
_ETH_GetMAC                          text80        0577C
_ETH_Init                            text60        03FE4
_ETH_Insert                          text90        0545A
_ETH_NextPacketUpdate                text47        0537C
_ETH_Read16                          text32        05B4E
_ETH_Read8                           text46        05DFC
_ETH_ReadBlock                       text50        052FE
_ETH_ResetByteCount                  text82        05E4A
_ETH_RxComputeChecksum               text44        054B6
_ETH_SaveRDPT                        text41        05E3A
_ETH_Send                            text88        059FA
_ETH_SendSystemReset                 text62        05EAA
_ETH_TxComputeChecksum               text85        04CE2
_ETH_Write16                         text76        05B9A
_ETH_Write32                         text75        05AD6
_ETH_Write8                          text74        05D6C
_ETH_WriteBlock                      text79        0555E
_ETH_WriteStart                      text78        04310
_GIE                                 (abs)         07F97
_GIEH                                (abs)         07F97
_GIEL                                (abs)         07F96
_ICMP_EchoReply                      text40        0474C
_ICMP_Receive                        text39        0569A
_IPEN                                (abs)         07E87
_IPV4_GetMyIP                        text68        05E28
_IPV4_Init                           text59        05E9E
_IPV4_Packet                         text28        033D2
_IPV4_PseudoHeaderChecksum           text38        04F22
_IPV4_Send                           text84        053EE
_IPv4_Start                          text73        0418A
_LATD3                               (abs)         07C63
_LATDbits                            (abs)         00F8C
_LATE                                (abs)         00F8D
_LATH                                (abs)         00F90
_LATH0                               (abs)         07C80
_LATH1                               (abs)         07C81
_LATH2                               (abs)         07C82
_LATJ                                (abs)         00F91
_LED_Init                            text14        05C46
_MAC_getAddress                      text61        05EDA
_Network_Init                        text56        05BE4
_Network_Manage                      text20        04FBA
_Network_Read                        text22        04DCC
_Network_WaitForLink                 text19        05E68
_OSCCON                              (abs)         00FD3
_OSCTUNE                             (abs)         00F9B
_PORTBbits                           (abs)         00F81
_PORTJ                               (abs)         00F88
_PORTJbits                           (abs)         00F88
_SPBRG1                              (abs)         00FAF
_SPEN1                               (abs)         07D5F
_SPI_ExchangeByte                    text95        05E84
_SSP1BUF                             (abs)         00FC9
_SSP1CON1                            (abs)         00FC6
_SSP1CON1bits                        (abs)         00FC6
_SSP1STATbits                        (abs)         00FC7
_SSPBUF                              (abs)         00FC9
_SYSLOG_Init                         text17        0599E
_SYSLOG_Write                        text16        05B28
_T1CKPS0                             (abs)         07E6C
_T1CKPS1                             (abs)         07E6D
_T1OSCEN                             (abs)         07E6B
_T1SYNC                              (abs)         07E6A
_TCB_Reset                           text37        04482
_TCP_FiniteStateMachine              text34        010B4
_TCP_Init                            text58        05E76
_TCP_ParseTCPOptions                 text31        049D4
_TCP_PayloadSave                     text35        03C1A
_TCP_Recv                            text30        02C70
_TCP_Snd                             text36        02544
_TCP_Update                          text21        039CC
_TMR1                                (abs)         00FCE
_TMR1CS                              (abs)         07E69
_TMR1IE                              (abs)         07CE8
_TMR1IF                              (abs)         07CF0
_TMR1IP                              (abs)         07CF8
_TMR1ON                              (abs)         07E68
_TRISA                               (abs)         00F92
_TRISAbits                           (abs)         00F92
_TRISB                               (abs)         00F93
_TRISCbits                           (abs)         00F94
_TRISDbits                           (abs)         00F95
_TRISE                               (abs)         00F96
_TRISH                               (abs)         00F99
_TRISJ                               (abs)         00F9A
_TX1IF                               (abs)         07CF4
_TXPacketSize                        bssBANK1      001D3
_TXREG1                              (abs)         00FAD
_TXSTA1                              (abs)         00FAC
_UDP_CallBackTable                   smallconst    01028
_UDP_Receive                         text29        0527C
_UDP_Send                            text83        050E4
_UDP_Start                           text72        055B2
_UDP_Write32                         text71        00000
_UDP_Write8                          text70        00000
__CFG_BW$16                          (abs)         00000
__CFG_CCP2MX$ON                      (abs)         00000
__CFG_CP0$OFF                        (abs)         00000
__CFG_EASHFT$OFF                     (abs)         00000
__CFG_ECCPMX$ON                      (abs)         00000
__CFG_ETHLED$ON                      (abs)         00000
__CFG_FCMEN$ON                       (abs)         00000
__CFG_FOSC$HSPLL                     (abs)         00000
__CFG_FOSC2$ON                       (abs)         00000
__CFG_IESO$ON                        (abs)         00000
__CFG_MODE$MM                        (abs)         00000
__CFG_STVR$ON                        (abs)         00000
__CFG_WAIT$OFF                       (abs)         00000
__CFG_WDT$OFF                        (abs)         00000
__CFG_WDTPS$32768                    (abs)         00000
__CFG_XINST$OFF                      (abs)         00000
__HRAM                               (abs)         00000
__Habs1                              abs1          00000
__Hbank0                             bank0         00000
__Hbank1                             bank1         00000
__Hbank10                            bank10        00000
__Hbank11                            bank11        00000
__Hbank12                            bank12        00000
__Hbank13                            bank13        00000
__Hbank14                            bank14        00000
__Hbank15                            bank15        00000
__Hbank2                             bank2         00000
__Hbank3                             bank3         00000
__Hbank4                             bank4         00000
__Hbank5                             bank5         00000
__Hbank6                             bank6         00000
__Hbank7                             bank7         00000
__Hbank8                             bank8         00000
__Hbank9                             bank9         00000
__Hbigbss                            bigbss        00000
__Hbigdata                           bigdata       00000
__Hbigram                            bigram        00000
__Hbss                               bss           00000
__HbssBANK1                          bssBANK1      00000
__HbssBANK2                          bssBANK2      00000
__Hcinit                             cinit         00000
__Hclrtext                           clrtext       00000
__Hcomram                            comram        00000
__Hconfig                            config        1FFFE
__Hconst                             const         00000
__HcstackBANK0                       cstackBANK0   00000
__HcstackBANK1                       cstackBANK1   00000
__HcstackCOMRAM                      cstackCOMRAM  00000
__Hdata                              data          00000
__HdataCOMRAM                        dataCOMRAM    00000
__Hend_init                          end_init      0002C
__Hfarbss                            farbss        00000
__Hfardata                           fardata       00000
__Hibigdata                          ibigdata      00000
__Hidata                             idata         00000
__HidataCOMRAM                       idataCOMRAM   00000
__Hidloc                             idloc         00000
__Hifardata                          ifardata      00000
__Hinit                              init          00028
__Hintcode                           intcode       0000E
__Hintcode_body                      intcode_body  00000
__Hintcodelo                         intcodelo     00028
__Hintentry                          intentry      00000
__Hintret                            intret        00000
__Hintsave_regs                      intsave_regs  00000
__Hirdata                            irdata        00000
__Hjflash_buffer                     jflash_buffer 1F800
__Hmediumconst                       mediumconst   00000
__HnvBANK2                           nvBANK2       00000
__HnvFARRAM                          nvFARRAM      00000
__Hnvbit                             nvbit         00000
__Hnvrram                            nvrram        00000
__Hpa_nodes                          pa_nodes      00000
__Hparam                             rparam        00000
__Hpowerup                           powerup       00028
__Hram                               ram           00000
__Hramtop                            ramtop        01000
__Hrbit                              rbit          00000
__Hrbss                              rbss          00000
__Hrdata                             rdata         00000
__Hreset_vec                         reset_vec     00004
__Hrparam                            rparam        00000
__Hsfr                               sfr           00000
__Hsmallconst                        smallconst    010B4
__Hspace_0                           (abs)         1FFFE
__Hspace_1                           (abs)         002BC
__Hspace_2                           (abs)         00000
__Hstack                             stack         00000
__Hstruct                            struct        00000
__Htemp                              temp          0005F
__Htext                              text          00000
__Htext0                             text0         00000
__Htext1                             text1         00000
__Htext10                            text10        00000
__Htext102                           text102       00000
__Htext103                           text103       00000
__Htext11                            text11        00000
__Htext12                            text12        00000
__Htext13                            text13        00000
__Htext14                            text14        00000
__Htext15                            text15        00000
__Htext16                            text16        00000
__Htext17                            text17        00000
__Htext18                            text18        00000
__Htext19                            text19        00000
__Htext2                             text2         00000
__Htext20                            text20        00000
__Htext21                            text21        00000
__Htext22                            text22        00000
__Htext23                            text23        00000
__Htext24                            text24        00000
__Htext25                            text25        00000
__Htext26                            text26        00000
__Htext27                            text27        00000
__Htext28                            text28        00000
__Htext29                            text29        00000
__Htext3                             text3         00000
__Htext30                            text30        00000
__Htext31                            text31        00000
__Htext32                            text32        00000
__Htext33                            text33        00000
__Htext34                            text34        00000
__Htext35                            text35        00000
__Htext36                            text36        00000
__Htext37                            text37        00000
__Htext38                            text38        00000
__Htext39                            text39        00000
__Htext4                             text4         00000
__Htext40                            text40        00000
__Htext41                            text41        00000
__Htext42                            text42        00000
__Htext43                            text43        00000
__Htext44                            text44        00000
__Htext45                            text45        00000
__Htext46                            text46        00000
__Htext47                            text47        00000
__Htext48                            text48        00000
__Htext49                            text49        00000
__Htext5                             text5         00000
__Htext50                            text50        00000
__Htext51                            text51        00000
__Htext52                            text52        00000
__Htext53                            text53        00000
__Htext54                            text54        00000
__Htext55                            text55        00000
__Htext56                            text56        00000
__Htext57                            text57        00000
__Htext58                            text58        00000
__Htext59                            text59        00000
__Htext6                             text6         00000
__Htext60                            text60        00000
__Htext61                            text61        00000
__Htext62                            text62        00000
__Htext63                            text63        00000
__Htext64                            text64        00000
__Htext65                            text65        00000
__Htext66                            text66        00000
__Htext67                            text67        00000
__Htext68                            text68        00000
__Htext69                            text69        00000
__Htext7                             text7         00000
__Htext70                            text70        00000
__Htext71                            text71        00000
__Htext72                            text72        00000
__Htext73                            text73        00000
__Htext74                            text74        00000
__Htext75                            text75        00000
__Htext76                            text76        00000
__Htext77                            text77        00000
__Htext78                            text78        00000
__Htext79                            text79        00000
__Htext8                             text8         00000
__Htext80                            text80        00000
__Htext81                            text81        00000
__Htext82                            text82        00000
__Htext83                            text83        00000
__Htext84                            text84        00000
__Htext85                            text85        00000
__Htext86                            text86        00000
__Htext87                            text87        00000
__Htext88                            text88        00000
__Htext89                            text89        00000
__Htext9                             text9         00000
__Htext90                            text90        00000
__Htext91                            text91        00000
__Htext92                            text92        00000
__Htext93                            text93        00000
__Htext94                            text94        00000
__Htext95                            text95        00000
__Htext96                            text96        00000
__Htext97                            text97        00000
__Htext98                            text98        00000
__Htext99                            text99        00000
__LRAM                               (abs)         00001
__Labs1                              abs1          00000
__Lbank0                             bank0         00000
__Lbank1                             bank1         00000
__Lbank10                            bank10        00000
__Lbank11                            bank11        00000
__Lbank12                            bank12        00000
__Lbank13                            bank13        00000
__Lbank14                            bank14        00000
__Lbank15                            bank15        00000
__Lbank2                             bank2         00000
__Lbank3                             bank3         00000
__Lbank4                             bank4         00000
__Lbank5                             bank5         00000
__Lbank6                             bank6         00000
__Lbank7                             bank7         00000
__Lbank8                             bank8         00000
__Lbank9                             bank9         00000
__Lbigbss                            bigbss        00000
__Lbigdata                           bigdata       00000
__Lbigram                            bigram        00000
__Lbss                               bss           00000
__LbssBANK1                          bssBANK1      00000
__LbssBANK2                          bssBANK2      00000
__Lcinit                             cinit         00000
__Lclrtext                           clrtext       00000
__Lcomram                            comram        00000
__Lconfig                            config        1FFF8
__Lconst                             const         00000
__LcstackBANK0                       cstackBANK0   00000
__LcstackBANK1                       cstackBANK1   00000
__LcstackCOMRAM                      cstackCOMRAM  00000
__Ldata                              data          00000
__LdataCOMRAM                        dataCOMRAM    00000
__Lend_init                          end_init      00028
__Lfarbss                            farbss        00000
__Lfardata                           fardata       00000
__Libigdata                          ibigdata      00000
__Lidata                             idata         00000
__LidataCOMRAM                       idataCOMRAM   00000
__Lidloc                             idloc         00000
__Lifardata                          ifardata      00000
__Linit                              init          00028
__Lintcode                           intcode       00008
__Lintcode_body                      intcode_body  00000
__Lintcodelo                         intcodelo     00018
__Lintentry                          intentry      00000
__Lintret                            intret        00000
__Lintsave_regs                      intsave_regs  00000
__Lirdata                            irdata        00000
__Ljflash_buffer                     jflash_buffer 1F800
__Lmediumconst                       mediumconst   00000
__LnvBANK2                           nvBANK2       00000
__LnvFARRAM                          nvFARRAM      00000
__Lnvbit                             nvbit         00000
__Lnvrram                            nvrram        00000
__Lpa_nodes                          pa_nodes      00000
__Lparam                             rparam        00000
__Lpowerup                           powerup       00028
__Lram                               ram           00000
__Lramtop                            ramtop        01000
__Lrbit                              rbit          00000
__Lrbss                              rbss          00000
__Lrdata                             rdata         00000
__Lreset_vec                         reset_vec     00000
__Lrparam                            rparam        00000
__Lsfr                               sfr           00000
__Lsmallconst                        smallconst    01000
__Lspace_0                           (abs)         00000
__Lspace_1                           (abs)         00000
__Lspace_2                           (abs)         00000
__Lstack                             stack         00000
__Lstruct                            struct        00000
__Ltemp                              temp          0005E
__Ltext                              text          00000
__Ltext0                             text0         00000
__Ltext1                             text1         00000
__Ltext10                            text10        00000
__Ltext102                           text102       00000
__Ltext103                           text103       00000
__Ltext11                            text11        00000
__Ltext12                            text12        00000
__Ltext13                            text13        00000
__Ltext14                            text14        00000
__Ltext15                            text15        00000
__Ltext16                            text16        00000
__Ltext17                            text17        00000
__Ltext18                            text18        00000
__Ltext19                            text19        00000
__Ltext2                             text2         00000
__Ltext20                            text20        00000
__Ltext21                            text21        00000
__Ltext22                            text22        00000
__Ltext23                            text23        00000
__Ltext24                            text24        00000
__Ltext25                            text25        00000
__Ltext26                            text26        00000
__Ltext27                            text27        00000
__Ltext28                            text28        00000
__Ltext29                            text29        00000
__Ltext3                             text3         00000
__Ltext30                            text30        00000
__Ltext31                            text31        00000
__Ltext32                            text32        00000
__Ltext33                            text33        00000
__Ltext34                            text34        00000
__Ltext35                            text35        00000
__Ltext36                            text36        00000
__Ltext37                            text37        00000
__Ltext38                            text38        00000
__Ltext39                            text39        00000
__Ltext4                             text4         00000
__Ltext40                            text40        00000
__Ltext41                            text41        00000
__Ltext42                            text42        00000
__Ltext43                            text43        00000
__Ltext44                            text44        00000
__Ltext45                            text45        00000
__Ltext46                            text46        00000
__Ltext47                            text47        00000
__Ltext48                            text48        00000
__Ltext49                            text49        00000
__Ltext5                             text5         00000
__Ltext50                            text50        00000
__Ltext51                            text51        00000
__Ltext52                            text52        00000
__Ltext53                            text53        00000
__Ltext54                            text54        00000
__Ltext55                            text55        00000
__Ltext56                            text56        00000
__Ltext57                            text57        00000
__Ltext58                            text58        00000
__Ltext59                            text59        00000
__Ltext6                             text6         00000
__Ltext60                            text60        00000
__Ltext61                            text61        00000
__Ltext62                            text62        00000
__Ltext63                            text63        00000
__Ltext64                            text64        00000
__Ltext65                            text65        00000
__Ltext66                            text66        00000
__Ltext67                            text67        00000
__Ltext68                            text68        00000
__Ltext69                            text69        00000
__Ltext7                             text7         00000
__Ltext70                            text70        00000
__Ltext71                            text71        00000
__Ltext72                            text72        00000
__Ltext73                            text73        00000
__Ltext74                            text74        00000
__Ltext75                            text75        00000
__Ltext76                            text76        00000
__Ltext77                            text77        00000
__Ltext78                            text78        00000
__Ltext79                            text79        00000
__Ltext8                             text8         00000
__Ltext80                            text80        00000
__Ltext81                            text81        00000
__Ltext82                            text82        00000
__Ltext83                            text83        00000
__Ltext84                            text84        00000
__Ltext85                            text85        00000
__Ltext86                            text86        00000
__Ltext87                            text87        00000
__Ltext88                            text88        00000
__Ltext89                            text89        00000
__Ltext9                             text9         00000
__Ltext90                            text90        00000
__Ltext91                            text91        00000
__Ltext92                            text92        00000
__Ltext93                            text93        00000
__Ltext94                            text94        00000
__Ltext95                            text95        00000
__Ltext96                            text96        00000
__Ltext97                            text97        00000
__Ltext98                            text98        00000
__Ltext99                            text99        00000
__S0                                 (abs)         1FFFE
__S1                                 (abs)         002BC
__S2                                 (abs)         00000
___extmem_base                       (abs)         20000
___inthi_sp                          stack         00000
___intlo_sp                          stack         00000
___lwdiv                             text27        05732
___lwdiv@counter                     cstackCOMRAM  00008
___lwdiv@dividend                    cstackCOMRAM  00002
___lwdiv@divisor                     cstackCOMRAM  00004
___lwdiv@quotient                    cstackCOMRAM  00006
___lwmod                             text26        0580C
___lwmod@counter                     cstackCOMRAM  0000D
___lwmod@dividend                    cstackCOMRAM  00009
___lwmod@divisor                     cstackCOMRAM  0000B
___param_bank                        (abs)         00010
___rparam_used                       (abs)         00001
___sp                                stack         00000
___wmul                              text43        05B74
___wmul@multiplicand                 cstackCOMRAM  00004
___wmul@multiplier                   cstackCOMRAM  00002
___wmul@product                      cstackCOMRAM  00006
__accesstop                          (abs)         00060
__activetblptr                       (abs)         00003
__doprnt                             text24        036DC
__doprnt@ap                          cstackCOMRAM  0000F
__doprnt@c                           cstackCOMRAM  0001A
__doprnt@cp                          cstackCOMRAM  00015
__doprnt@f                           cstackCOMRAM  0000E
__doprnt@flag                        cstackCOMRAM  00017
__doprnt@idx                         cstackCOMRAM  00013
__doprnt@pb                          cstackCOMRAM  0001B
__doprnt@prec                        cstackCOMRAM  00014
__doprnt@val                         cstackCOMRAM  00018
__end_ofPL100                        text34        02420
__end_ofPL102                        text36        02A84
__end_ofPL104                        text34        02428
__end_ofPL106                        text24        03962
__end_ofPL108                        text34        0243A
__end_ofPL110                        text30        03010
__end_ofPL112                        text49        03374
__end_ofPL114                        text34        02440
__end_ofPL116                        text34        02452
__end_ofPL118                        text28        0363E
__end_ofPL120                        text36        02A8E
__end_ofPL122                        text34        0245C
__end_ofPL124                        text35        03DF4
__end_ofPL126                        text49        03388
__end_ofPL128                        text40        04876
__end_ofPL130                        text49        033A4
__end_ofPL132                        text28        03650
__end_ofPL134                        text24        03974
__end_ofPL136                        text53        03FCC
__end_ofPL138                        text36        02A9C
__end_ofPL140                        text49        033BE
__end_ofPL142                        text36        02AB8
__end_ofPL144                        text30        0302A
[...]
      Params:         0       0       0       0       0       0       0       0       0       0       0       0       0       0       0       0       0
      Locals:         0       0       0       0       0       0       0       0       0       0       0       0       0       0       0       0       0
      Temps:          0       0       0       0       0       0       0       0       0       0       0       0       0       0       0       0       0
      Totals:         0       0       0       0       0       0       0       0       0       0       0       0       0       0       0       0       0
Total ram usage:        0 bytes
 Hardware stack levels used:    1
 Hardware stack levels required when called:    1
 This function calls:
		_rtcc_handler
 This function is called by:
		Interrupt level 2
 This function uses a non-reentrant model


 *************** function _rtcc_handler *****************
 Defined at:
		line 122 in file "../board_support_package/picdem2_net/rtcc.c"
 Parameters:    Size  Location     Type
		None
 Auto vars:     Size  Location     Type
		None
 Return value:  Size  Location     Type
		None               void
 Registers used:
		wreg, status,2, status,0
 Tracked objects:
		On entry : 
		On exit  : 
		Unchanged: 
 Data sizes:     COMRAM   BANK0   BANK1   BANK2   BANK3   BANK4   BANK5   BANK6   BANK7   BANK8   BANK9  BANK10  BANK11  BANK12  BANK13  BANK14  BANK15
      Params:         0       0       0       0       0       0       0       0       0       0       0       0       0       0       0       0       0
      Locals:         0       0       0       0       0       0       0       0       0       0       0       0       0       0       0       0       0
      Temps:          0       0       0       0       0       0       0       0       0       0       0       0       0       0       0       0       0
      Totals:         0       0       0       0       0       0       0       0       0       0       0       0       0       0       0       0       0
Total ram usage:        0 bytes
 Hardware stack levels used:    1
 This function calls:
		Nothing
 This function is called by:
		_high_isr
 This function uses a non-reentrant model



MODULE INFORMATION

Module		Function		Class		Link	Load	Size
C:\Program Files (x86)\Microchip\xc8\v1.35\sources\common\printf.c
		_printf        		CODE           	5BC0	0000	37

C:\Program Files (x86)\Microchip\xc8\v1.35\sources\common\printf.c estimated size: 37

udp_demo.c
		_DEMO_UDP_SetClaimIP		CODE           	5ECA	0000	9
		_DEMO_UDP_IPLockTimer		CODE           	5E12	0000	23
		_DEMO_UDP_ClaimIPCheck		CODE           	5D86	0000	27
		_DEMO_UDP_Send 		CODE           	4BF0	0000	217

udp_demo.c estimated size: 276

../board_support_package/picdem2_net/rtcc.c
		_rtcc_handler  		CODE           	5B00	0000	41
		_rtcc_init     		CODE           	58C4	0000	59
		_time          		CODE           	550A	0000	85

../board_support_package/picdem2_net/rtcc.c estimated size: 185

../board_support_package/picdem2_net/uart.c
		_putch         		CODE           	5D38	0000	27
		_uart_init     		CODE           	5DD0	0000	23

../board_support_package/picdem2_net/uart.c estimated size: 50

../../TCPIP Library/ethernet_drivers/enc28J60.c
		_ETH_SendSystemReset		CODE           	5EAA	0000	13
		_ETH_ComputeChecksum		CODE           	5050	0000	133
		_ENC28_PhyRead 		CODE           	5888	0000	61
		_ETH_CheckLinkUp		CODE           	5DB8	0000	25
		_ENC28_PhyWrite		CODE           	59CC	0000	47
		_ETH_Write8    		CODE           	5D6C	0000	27
		_ETH_Write32   		CODE           	5AD6	0000	43
		_ETH_Write16   		CODE           	5B9A	0000	29
		_ENC28_Bfc     		CODE           	5CC2	0000	31
		_ENC28_Bfs     		CODE           	5CE0	0000	31
		_ENC28_Rcr8    		CODE           	5C66	0000	33
		_ETH_Insert    		CODE           	545A	0000	93
		_ENC28_Rcr16   		CODE           	584A	0000	63
		_ETH_Read8     		CODE           	5DFC	0000	23
		_ETH_Read16    		CODE           	5B4E	0000	39
		_ETH_Init      		CODE           	3FE4	0000	397
		_ENC28_BankSel 		CODE           	57C4	0000	73
		_ETH_RxComputeChecksum		CODE           	54B6	0000	85
		_ETH_NextPacketUpdate		CODE           	537C	0000	115
		_ETH_Flush     		CODE           	56E6	0000	43
		_ETH_WriteBlock		CODE           	555E	0000	85
		_ETH_Send      		CODE           	59FA	0000	47
		_ETH_WriteStart		CODE           	4310	0000	299
		_ETH_ReadBlock 		CODE           	52FE	0000	127
		_ETH_Copy      		CODE           	4AE4	0000	231
		_ETH_GetMAC    		CODE           	577C	0000	61
		_ETH_ResetByteCount		CODE           	5E4A	0000	17
		_ETH_SaveRDPT  		CODE           	5E3A	0000	17
		_ETH_Dump      		CODE           	564E	0000	77
		_ENC28_Wcr8    		CODE           	5CA4	0000	31
		_ETH_GetByteCount		CODE           	5CFE	0000	31
		_ENC28_Wcr16   		CODE           	5934	0000	55
		_ETH_TxComputeChecksum		CODE           	4CE2	0000	235
		_ETH_EventHandler		CODE           	516E	0000	137

../../TCPIP Library/ethernet_drivers/enc28J60.c estimated size: 2854

../board_support_package/picdem2_net/hardware.c
		_initHW        		CODE           	58FE	0000	55

../board_support_package/picdem2_net/hardware.c estimated size: 55

../../TCPIP Library/source/icmp.c
		_ICMP_Receive  		CODE           	569A	0000	69
		_ICMP_EchoReply		CODE           	474C	0000	267

../../TCPIP Library/source/icmp.c estimated size: 336

../board_support_package/picdem2_net/led_driver.c
		_LED_Init      		CODE           	5C46	0000	33

../board_support_package/picdem2_net/led_driver.c estimated size: 33

../../TCPIP Library/source/syslog.c
		_SYSLOG_Init   		CODE           	599E	0000	47
		_SYSLOG_Write  		CODE           	5B28	0000	39

../../TCPIP Library/source/syslog.c estimated size: 86

C:\Program Files (x86)\Microchip\xc8\v1.35\sources\common\sprintf.c
		_sprintf       		CODE           	5A56	0000	45

C:\Program Files (x86)\Microchip\xc8\v1.35\sources\common\sprintf.c estimated size: 45

C:\Program Files (x86)\Microchip\xc8\v1.35\sources\common\memset.c
		_memset        		CODE           	5A82	0000	43

C:\Program Files (x86)\Microchip\xc8\v1.35\sources\common\memset.c estimated size: 43

../../TCPIP Library/source/mac_address.c
		_MAC_getAddress		CODE           	5EDA	0000	5

../../TCPIP Library/source/mac_address.c estimated size: 5

C:\Program Files (x86)\Microchip\xc8\v1.35\sources\common\lwmod.c
		___lwmod       		CODE           	580C	0000	63

C:\Program Files (x86)\Microchip\xc8\v1.35\sources\common\lwmod.c estimated size: 63

../../TCPIP Library/source/ipv4.c
		_IPV4_GetMyIP  		CODE           	5E28	0000	19
		_IPV4_Send     		CODE           	53EE	0000	99
		_IPV4_Packet   		CODE           	33D2	0000	485
		_IPV4_PseudoHeaderChecksum		CODE           	4F22	0000	153
		_IPv4_Start    		CODE           	418A	0000	379
		_IPV4_Init     		CODE           	5E9E	0000	13

../../TCPIP Library/source/ipv4.c estimated size: 1148

C:\Program Files (x86)\Microchip\xc8\v1.35\sources\common\doprnt.c
		__doprnt       		CODE           	36DC	0000	595

C:\Program Files (x86)\Microchip\xc8\v1.35\sources\common\doprnt.c estimated size: 595

../../TCPIP Library/source/udpv4.c
		_UDP_Receive   		CODE           	527C	0000	131
		_UDP_Write8    		CODE           	0000	0000	1
		_UDP_Write32   		CODE           	0000	0000	1
		_UDP_Send      		CODE           	50E4	0000	113
		_UDP_Start     		CODE           	55B2	0000	79

../../TCPIP Library/source/udpv4.c estimated size: 325

../../TCPIP Library/source/dhcp_client.c
		_DHCP_Request  		CODE           	3E36	0000	389
		_DHCP_WriteZeros		CODE           	5DA0	0000	25
		_DHCP_Manage   		CODE           	51F6	0000	125

../../TCPIP Library/source/dhcp_client.c estimated size: 539

shared
		PL50           		CODE           	2344	0000	9
		PL268          		CODE           	2C1E	0000	15
		PL22           		CODE           	2232	0000	71
		PL60           		CODE           	2F88	0000	97
		PL178          		CODE           	3684	0000	17
		PL368          		CODE           	36BE	0000	11
		_dhcpName      		SMALLCONST     	1013	0000	22
		PL100          		CODE           	240E	0000	19
		PL32           		CODE           	22C0	0000	13
		PL70           		CODE           	4170	0000	27
		PL278          		CODE           	24EA	0000	11
		PL200          		CODE           	2BA2	0000	15
		PL42           		CODE           	3DBE	0000	35
		PL80           		CODE           	23A2	0000	15
		PL188          		CODE           	398A	0000	9
		PL378          		CODE           	56DE	0000	9
		PL110          		CODE           	2FE8	0000	41
		PL300          		CODE           	472A	0000	13
		PL52           		CODE           	3BE8	0000	27
		PL90           		CODE           	23D6	0000	11
		PL288          		CODE           	2512	0000	11
		PL210          		CODE           	2BC2	0000	19
		PL24           		CODE           	2278	0000	11
		PL62           		CODE           	35B6	0000	97
		PL198          		CODE           	3694	0000	23
		PL120          		CODE           	2A84	0000	11
		PL310          		CODE           	4BCA	0000	13
		PL34           		CODE           	22CC	0000	35
		PL72           		CODE           	2A5C	0000	15
		PL298          		CODE           	49C8	0000	13
		PL220          		CODE           	50D4	0000	17
		PL44           		CODE           	2316	0000	29
		PL82           		CODE           	23B0	0000	27
		PL130          		CODE           	3388	0000	29
		PL320          		CODE           	2526	0000	11
		PL54           		CODE           	234C	0000	11
		PL92           		CODE           	23E0	0000	11
		PL230          		CODE           	2BE6	0000	11
		PL26           		CODE           	2282	0000	37
		PL64           		CODE           	2A08	0000	85
		_macAddress    		SMALLCONST     	103D	0000	7
		PL102          		CODE           	2A6A	0000	27
		PL140          		CODE           	33A4	0000	27
		PL330          		CODE           	3062	0000	11
		PL36           		CODE           	45D2	0000	27
		PL74           		CODE           	443A	0000	23
		PL202          		CODE           	3992	0000	15
		PL240          		CODE           	3E14	0000	11
		PL46           		CODE           	2332	0000	19
		PL84           		CODE           	23CA	0000	13
		_dpowers       		SMALLCONST     	1001	0000	11
		PL112          		CODE           	334C	0000	41
		PL302          		CODE           	2C36	0000	13
		PL150          		CODE           	3974	0000	15
		PL340          		CODE           	3076	0000	11
		PL56           		CODE           	32DA	0000	115
		PL94           		CODE           	46AC	0000	55
		PL212          		CODE           	2BD4	0000	19
		PL250          		CODE           	4478	0000	11
		PL28           		CODE           	29EE	0000	27
		PL66           		CODE           	2360	0000	27
		PL122          		CODE           	2452	0000	11
		PL312          		CODE           	4BD6	0000	11
		PL160          		CODE           	5154	0000	27
		PL350          		CODE           	308A	0000	11
		PL38           		CODE           	22EE	0000	41
		PL76           		CODE           	4450	0000	25
		PL222          		CODE           	2472	0000	11
		PL260          		CODE           	24DC	0000	15
		PL48           		CODE           	3DE0	0000	11
		PL86           		CODE           	392E	0000	17
		PL132          		CODE           	363E	0000	19
		PL322          		CODE           	4ADA	0000	11
		PL170          		CODE           	2B3C	0000	27
		PL360          		CODE           	4898	0000	11
		PL58           		CODE           	2356	0000	11
		PL96           		CODE           	23EA	0000	19
		PL232          		CODE           	2BF0	0000	17
		PL270          		CODE           	3040	0000	15
		PL68           		CODE           	237A	0000	27
		PL104          		CODE           	2420	0000	9
		PL142          		CODE           	2A9C	0000	29
		PL332          		CODE           	2C4C	0000	11
		PL180          		CODE           	46FC	0000	25
		PL370          		CODE           	36C8	0000	11
		PL78           		CODE           	2394	0000	15
		PL204          		CODE           	3C02	0000	15
		PL242          		CODE           	249A	0000	11
		PL280          		CODE           	24F4	0000	11
		PL88           		CODE           	393E	0000	25
		_UDP_CallBackTable		SMALLCONST     	1028	0000	16
		PL114          		CODE           	243A	0000	7
		PL304          		CODE           	5C98	0000	13
		PL152          		CODE           	3DF4	0000	15
		PL342          		CODE           	3080	0000	11
		PL190          		CODE           	302A	0000	23
		PL380          		CODE           	2C68	0000	9
		PL98           		CODE           	23FC	0000	19
		PL214          		CODE           	246A	0000	9
		PL252          		CODE           	24C2	0000	17
		PL290          		CODE           	2C2C	0000	11
		PL124          		CODE           	3DEA	0000	11
		PL314          		CODE           	4CD6	0000	13
		PL162          		CODE           	2AEE	0000	27
		PL352          		CODE           	33C8	0000	11
		__initialization		CODE           	596A	0000	43
		PL224          		CODE           	571A	0000	15
		PL262          		CODE           	2C10	0000	15
		PL134          		CODE           	3962	0000	19
		PL324          		CODE           	36AA	0000	11
		PL172          		CODE           	2B56	0000	27
		PL362          		CODE           	4742	0000	11
		PL234          		CODE           	3FCC	0000	11
		PL272          		CODE           	39A0	0000	15
		PL106          		CODE           	3956	0000	13
		PL144          		CODE           	3010	0000	27
		PL334          		CODE           	36B4	0000	11
		PL182          		CODE           	4876	0000	25
		PL372          		CODE           	36D2	0000	11
		PL206          		CODE           	3E02	0000	19
		PL244          		CODE           	24A4	0000	11
		PL282          		CODE           	24FE	0000	11
		PL116          		CODE           	2440	0000	19
		PL306          		CODE           	4304	0000	13
		PL154          		CODE           	245C	0000	15
		PL344          		CODE           	39AE	0000	11
		PL192          		CODE           	5450	0000	11
		PL216          		CODE           	5710	0000	11
		PL254          		CODE           	24D2	0000	11
		PL292          		CODE           	251C	0000	11
		PL126          		CODE           	3374	0000	21
		PL316          		CODE           	3E2C	0000	11
		PL164          		CODE           	2B08	0000	27
		PL354          		CODE           	2C56	0000	9
		_hexpowers     		SMALLCONST     	100B	0000	9
		PL226          		CODE           	5040	0000	17
		PL264          		CODE           	4CC8	0000	15
		PL136          		CODE           	3FBA	0000	19
		PL326          		CODE           	2C42	0000	11
		PL174          		CODE           	2B70	0000	27
		PL364          		CODE           	39B8	0000	11
		PL236          		CODE           	2486	0000	11
		PL274          		CODE           	3FD6	0000	15
		_broadcastMAC  		SMALLCONST     	1037	0000	7
		PL108          		CODE           	2428	0000	19
		PL146          		CODE           	2AB8	0000	29
		PL336          		CODE           	2530	0000	11
		PL184          		CODE           	2B8A	0000	25
		PL374          		CODE           	4F1C	0000	7
		PL208          		CODE           	2BB0	0000	19
		PL246          		CODE           	24AE	0000	11
		PL284          		CODE           	5272	0000	11
		PL118          		CODE           	3616	0000	41
		PL308          		CODE           	4736	0000	13
		PL156          		CODE           	57B8	0000	13
		PL346          		CODE           	253A	0000	11
		PL194          		CODE           	33BE	0000	11
		PL218          		CODE           	4468	0000	17
		PL256          		CODE           	2C00	0000	17
		PL294          		CODE           	5BB6	0000	11
		PL128          		CODE           	4856	0000	33
		PL318          		CODE           	304E	0000	11
		PL166          		CODE           	46E2	0000	27
		PL356          		CODE           	4F16	0000	7
		PL228          		CODE           	247C	0000	11
		PL266          		CODE           	3E1E	0000	15
		PL138          		CODE           	2A8E	0000	15
		PL328          		CODE           	3058	0000	11
		PL176          		CODE           	366A	0000	27
		PL366          		CODE           	39C2	0000	11
		PL238          		CODE           	2490	0000	11
		PL276          		CODE           	5728	0000	11
		PL148          		CODE           	3650	0000	27
		PL338          		CODE           	306C	0000	11
		PL186          		CODE           	3982	0000	9
		PL376          		CODE           	4BEA	0000	7
		PL248          		CODE           	24B8	0000	11
		PL286          		CODE           	2508	0000	11
		PL20           		CODE           	2210	0000	35
		PL158          		CODE           	2AD4	0000	27
		PL348          		CODE           	4BE0	0000	11
		PL196          		CODE           	4714	0000	23
		PL30           		CODE           	22A6	0000	27
		PL258          		CODE           	488E	0000	11
		PL296          		CODE           	3C10	0000	11
		PL40           		CODE           	2F68	0000	33
		PL168          		CODE           	2B22	0000	27
		PL358          		CODE           	2C5E	0000	11

shared estimated size: 3594

../board_support_package/picdem2_net/adc.c
		_ADC_Initialize		CODE           	5DE6	0000	23
		_ADC_GetConversion		CODE           	5A28	0000	47

../board_support_package/picdem2_net/adc.c estimated size: 70

../../TCPIP Library/source/tcpv4.c
		_TCP_FiniteStateMachine		CODE           	10B4	0000	4445
		_TCP_ParseTCPOptions		CODE           	49D4	0000	263
		_TCB_Reset     		CODE           	4482	0000	337
		_TCP_Init      		CODE           	5E76	0000	15
		_TCP_Snd       		CODE           	2544	0000	1195
		_TCP_PayloadSave		CODE           	3C1A	0000	421
		_TCP_Recv      		CODE           	2C70	0000	761
		_TCP_Update    		CODE           	39CC	0000	541

../../TCPIP Library/source/tcpv4.c estimated size: 7978

C:\Program Files (x86)\Microchip\xc8\v1.35\sources\common\lwdiv.c
		___lwdiv       		CODE           	5732	0000	75

C:\Program Files (x86)\Microchip\xc8\v1.35\sources\common\lwdiv.c estimated size: 75

../board_support_package/picdem2_net/lcd_hw.c
		_lcd_write_data		CODE           	5C06	0000	33
		_lcd_write_ctrl		CODE           	5C26	0000	33
		_lcd_busy      		CODE           	5EC0	0000	11
		_lcd_init_pins 		CODE           	5EB6	0000	11

../board_support_package/picdem2_net/lcd_hw.c estimated size: 88

C:\Program Files (x86)\Microchip\xc8\v1.35\sources\common\Umul16.c
		___wmul        		CODE           	5B74	0000	39

C:\Program Files (x86)\Microchip\xc8\v1.35\sources\common\Umul16.c estimated size: 39

../../TCPIP Library/source/arpv4.c
		_ARPV4_Packet  		CODE           	3094	0000	583
		_ARPV4_Init    		CODE           	5D52	0000	27
		_ARPV4_Lookup  		CODE           	5600	0000	79
		_ARPV4_Update  		CODE           	5AAC	0000	43
		_ARPV4_Request 		CODE           	45EC	0000	193

../../TCPIP Library/source/arpv4.c estimated size: 925

main.c
		_main          		CODE           	48A2	0000	295
		_high_isr      		CODE           	0008	0000	15
		_low_isr       		CODE           	0018	0000	17

main.c estimated size: 327

../board_support_package/picdem2_net/lcd.c
		_lcd_puts      		CODE           	5C86	0000	19
		_lcd_putch     		CODE           	5D1C	0000	29
		_lcd_goto1     		CODE           	5E5A	0000	15
		_lcd_init      		CODE           	4E84	0000	147

../board_support_package/picdem2_net/lcd.c estimated size: 210

../board_support_package/picdem2_net/mssp_spi_master.c
		_SPI_ExchangeByte		CODE           	5E84	0000	15
		_spi_init      		CODE           	5E92	0000	13

../board_support_package/picdem2_net/mssp_spi_master.c estimated size: 28

../../TCPIP Library/source/network.c
		_Network_Read  		CODE           	4DCC	0000	185
		_Network_Init  		CODE           	5BE4	0000	35
		_Network_WaitForLink		CODE           	5E68	0000	15
		_Network_Manage		CODE           	4FBA	0000	135

../../TCPIP Library/source/network.c estimated size: 370

